Information: Propagating switching activity (low effort zero delay simulation). (PWR-6)
Warning: Design has unannotated primary inputs. (PWR-414)
Warning: Design has unannotated sequential cell outputs. (PWR-415)
 
****************************************
Report : power
        -hier
        -analysis_effort low
Design : lambda_top
Version: U-2022.12-SP5
Date   : Thu Nov 16 01:14:06 2023
****************************************


Library(s) Used:

    tcbn28hpcplusbwp30p140tt0p8v25c (File: /usr/scratch/TSMC_LIB/tcbn28hpcplusbwp30p140_190a/tcbn28hpcplusbwp30p140_190a/TSMCHOME/digital/Front_End/timing_power_noise/NLDM/tcbn28hpcplusbwp30p140_180a/tcbn28hpcplusbwp30p140tt0p8v25c.db)


Operating Conditions: tt0p8v25c   Library: tcbn28hpcplusbwp30p140tt0p8v25c
Wire Load Model Mode: segmented

Design        Wire Load Model            Library
------------------------------------------------
lambda_top             ZeroWireload      tcbn28hpcplusbwp30p140tt0p8v25c
sram_sp_2d_array_SRAM_BANK_DATA_WIDTH32_SRAM_BANK_ADDR_WIDTH2_SRAM_BANK_DEPTH4_NUM_BANK1_1
                       ZeroWireload      tcbn28hpcplusbwp30p140tt0p8v25c
sram_sp_2d_array_SRAM_BANK_DATA_WIDTH8_SRAM_BANK_ADDR_WIDTH2_SRAM_BANK_DEPTH4_NUM_BANK4_1
                       ZeroWireload      tcbn28hpcplusbwp30p140tt0p8v25c
sram_sp_2d_array_SRAM_BANK_DATA_WIDTH8_SRAM_BANK_ADDR_WIDTH2_SRAM_BANK_DEPTH4_NUM_BANK4_0
                       ZeroWireload      tcbn28hpcplusbwp30p140tt0p8v25c
sram_sp_2d_array_SRAM_BANK_DATA_WIDTH12_SRAM_BANK_ADDR_WIDTH2_SRAM_BANK_DEPTH4_NUM_BANK1
                       ZeroWireload      tcbn28hpcplusbwp30p140tt0p8v25c
sram_sp_2d_array_SRAM_BANK_DATA_WIDTH32_SRAM_BANK_ADDR_WIDTH2_SRAM_BANK_DEPTH4_NUM_BANK4
                       ZeroWireload      tcbn28hpcplusbwp30p140tt0p8v25c
lambda_controller_WEIGHTS_DATA_WIDTH32_WEIGHTS_NUM_BANKS1_WEIGHTS_SRAM_DATA_WIDTH32_WEIGHTS_SRAM_BANK_ADDR_WIDTH2_WEIGHTS_SRAM_ADDR_WIDTH2_IACTS_DATA_WIDTH8_IACTS_NUM_BANKS4_IACTS_SRAM_DATA_WIDTH32_IACTS_SRAM_BANK_ADDR_WIDTH2_IACTS_SRAM_ADDR_WIDTH8_SCALE_VALUE_WIDTH32_PE_OUTPUT_WIDTH32_DPE_COL_NUM4_DPE_ROW_NUM4_LOG2_DPE_COL_NUM2_LOG2_DPE_ROW_NUM2_OACTS_DATA_WIDTH8_OUTBUF_DATA_WIDTH32_OUTBUF_NUM_BANKS4_OUTBUF_SRAM_DATA_WIDTH128_OUTBUF_SRAM_BANK_ADDR_WIDTH2_OUTBUF_SRAM_ADDR_WIDTH8_INSTR_SRAM_BANK_ADDR_WIDTH2
                       ZeroWireload      tcbn28hpcplusbwp30p140tt0p8v25c
lambda_pe_THIS_PE_ID0_IACTS_DATA_WIDTH8_WEIGHTS_DATA_WIDTH8_WEIGHTS_DEPTH4_LOG2_WEIGHTS_DEPTH2_PE_SEL_WIDTH4_PE_OUTPUT_WIDTH32
                       ZeroWireload      tcbn28hpcplusbwp30p140tt0p8v25c
lambda_pe_THIS_PE_ID1_IACTS_DATA_WIDTH8_WEIGHTS_DATA_WIDTH8_WEIGHTS_DEPTH4_LOG2_WEIGHTS_DEPTH2_PE_SEL_WIDTH4_PE_OUTPUT_WIDTH32
                       ZeroWireload      tcbn28hpcplusbwp30p140tt0p8v25c
lambda_pe_THIS_PE_ID2_IACTS_DATA_WIDTH8_WEIGHTS_DATA_WIDTH8_WEIGHTS_DEPTH4_LOG2_WEIGHTS_DEPTH2_PE_SEL_WIDTH4_PE_OUTPUT_WIDTH32
                       ZeroWireload      tcbn28hpcplusbwp30p140tt0p8v25c
lambda_pe_THIS_PE_ID3_IACTS_DATA_WIDTH8_WEIGHTS_DATA_WIDTH8_WEIGHTS_DEPTH4_LOG2_WEIGHTS_DEPTH2_PE_SEL_WIDTH4_PE_OUTPUT_WIDTH32
                       ZeroWireload      tcbn28hpcplusbwp30p140tt0p8v25c
o_bus_autopick_seq_NUM_INPUT_DATA4_DATA_WIDTH32_3
                       ZeroWireload      tcbn28hpcplusbwp30p140tt0p8v25c
lambda_pe_THIS_PE_ID4_IACTS_DATA_WIDTH8_WEIGHTS_DATA_WIDTH8_WEIGHTS_DEPTH4_LOG2_WEIGHTS_DEPTH2_PE_SEL_WIDTH4_PE_OUTPUT_WIDTH32
                       ZeroWireload      tcbn28hpcplusbwp30p140tt0p8v25c
lambda_pe_THIS_PE_ID5_IACTS_DATA_WIDTH8_WEIGHTS_DATA_WIDTH8_WEIGHTS_DEPTH4_LOG2_WEIGHTS_DEPTH2_PE_SEL_WIDTH4_PE_OUTPUT_WIDTH32
                       ZeroWireload      tcbn28hpcplusbwp30p140tt0p8v25c
lambda_pe_THIS_PE_ID6_IACTS_DATA_WIDTH8_WEIGHTS_DATA_WIDTH8_WEIGHTS_DEPTH4_LOG2_WEIGHTS_DEPTH2_PE_SEL_WIDTH4_PE_OUTPUT_WIDTH32
                       ZeroWireload      tcbn28hpcplusbwp30p140tt0p8v25c
lambda_pe_THIS_PE_ID7_IACTS_DATA_WIDTH8_WEIGHTS_DATA_WIDTH8_WEIGHTS_DEPTH4_LOG2_WEIGHTS_DEPTH2_PE_SEL_WIDTH4_PE_OUTPUT_WIDTH32
                       ZeroWireload      tcbn28hpcplusbwp30p140tt0p8v25c
lambda_pe_THIS_PE_ID8_IACTS_DATA_WIDTH8_WEIGHTS_DATA_WIDTH8_WEIGHTS_DEPTH4_LOG2_WEIGHTS_DEPTH2_PE_SEL_WIDTH4_PE_OUTPUT_WIDTH32
                       ZeroWireload      tcbn28hpcplusbwp30p140tt0p8v25c
lambda_pe_THIS_PE_ID9_IACTS_DATA_WIDTH8_WEIGHTS_DATA_WIDTH8_WEIGHTS_DEPTH4_LOG2_WEIGHTS_DEPTH2_PE_SEL_WIDTH4_PE_OUTPUT_WIDTH32
                       ZeroWireload      tcbn28hpcplusbwp30p140tt0p8v25c
lambda_pe_THIS_PE_ID10_IACTS_DATA_WIDTH8_WEIGHTS_DATA_WIDTH8_WEIGHTS_DEPTH4_LOG2_WEIGHTS_DEPTH2_PE_SEL_WIDTH4_PE_OUTPUT_WIDTH32
                       ZeroWireload      tcbn28hpcplusbwp30p140tt0p8v25c
lambda_pe_THIS_PE_ID11_IACTS_DATA_WIDTH8_WEIGHTS_DATA_WIDTH8_WEIGHTS_DEPTH4_LOG2_WEIGHTS_DEPTH2_PE_SEL_WIDTH4_PE_OUTPUT_WIDTH32
                       ZeroWireload      tcbn28hpcplusbwp30p140tt0p8v25c
lambda_pe_THIS_PE_ID12_IACTS_DATA_WIDTH8_WEIGHTS_DATA_WIDTH8_WEIGHTS_DEPTH4_LOG2_WEIGHTS_DEPTH2_PE_SEL_WIDTH4_PE_OUTPUT_WIDTH32
                       ZeroWireload      tcbn28hpcplusbwp30p140tt0p8v25c
lambda_pe_THIS_PE_ID13_IACTS_DATA_WIDTH8_WEIGHTS_DATA_WIDTH8_WEIGHTS_DEPTH4_LOG2_WEIGHTS_DEPTH2_PE_SEL_WIDTH4_PE_OUTPUT_WIDTH32
                       ZeroWireload      tcbn28hpcplusbwp30p140tt0p8v25c
lambda_pe_THIS_PE_ID14_IACTS_DATA_WIDTH8_WEIGHTS_DATA_WIDTH8_WEIGHTS_DEPTH4_LOG2_WEIGHTS_DEPTH2_PE_SEL_WIDTH4_PE_OUTPUT_WIDTH32
                       ZeroWireload      tcbn28hpcplusbwp30p140tt0p8v25c
lambda_pe_THIS_PE_ID15_IACTS_DATA_WIDTH8_WEIGHTS_DATA_WIDTH8_WEIGHTS_DEPTH4_LOG2_WEIGHTS_DEPTH2_PE_SEL_WIDTH4_PE_OUTPUT_WIDTH32
                       ZeroWireload      tcbn28hpcplusbwp30p140tt0p8v25c
afft_simple_cmd_flow_seq_DATA_WIDTH32_COMMAND_WIDTH2_NUM_INPUT_DATA4_IN_COMMAND_WIDTH6
                       ZeroWireload      tcbn28hpcplusbwp30p140tt0p8v25c
sram_bank_sp_SRAM_BANK_DATA_WIDTH32_SRAM_BANK_ADDR_WIDTH2_SRAM_BANK_DEPTH4_5
                       ZeroWireload      tcbn28hpcplusbwp30p140tt0p8v25c
sram_bank_sp_SRAM_BANK_DATA_WIDTH8_SRAM_BANK_ADDR_WIDTH2_SRAM_BANK_DEPTH4_7
                       ZeroWireload      tcbn28hpcplusbwp30p140tt0p8v25c
sram_bank_sp_SRAM_BANK_DATA_WIDTH12_SRAM_BANK_ADDR_WIDTH2_SRAM_BANK_DEPTH4
                       ZeroWireload      tcbn28hpcplusbwp30p140tt0p8v25c
afft_2x2_simple_cmd_flow_seq_DATA_WIDTH32_COMMAND_WIDTH2_IN_COMMAND_WIDTH6_1
                       ZeroWireload      tcbn28hpcplusbwp30p140tt0p8v25c
afft_2x2_simple_cmd_flow_seq_DATA_WIDTH32_COMMAND_WIDTH2_IN_COMMAND_WIDTH4_1
                       ZeroWireload      tcbn28hpcplusbwp30p140tt0p8v25c
afft_2x2_simple_last_cmd_flow_seq_32_2_00000002_1
                       ZeroWireload      tcbn28hpcplusbwp30p140tt0p8v25c
sram_sp_2d_array_SRAM_BANK_DATA_WIDTH32_SRAM_BANK_ADDR_WIDTH2_SRAM_BANK_DEPTH4_NUM_BANK1_0
                       ZeroWireload      tcbn28hpcplusbwp30p140tt0p8v25c
sram_bank_sp_SRAM_BANK_DATA_WIDTH32_SRAM_BANK_ADDR_WIDTH2_SRAM_BANK_DEPTH4_0
                       ZeroWireload      tcbn28hpcplusbwp30p140tt0p8v25c
sram_bank_sp_SRAM_BANK_DATA_WIDTH32_SRAM_BANK_ADDR_WIDTH2_SRAM_BANK_DEPTH4_1
                       ZeroWireload      tcbn28hpcplusbwp30p140tt0p8v25c
sram_bank_sp_SRAM_BANK_DATA_WIDTH32_SRAM_BANK_ADDR_WIDTH2_SRAM_BANK_DEPTH4_2
                       ZeroWireload      tcbn28hpcplusbwp30p140tt0p8v25c
sram_bank_sp_SRAM_BANK_DATA_WIDTH32_SRAM_BANK_ADDR_WIDTH2_SRAM_BANK_DEPTH4_3
                       ZeroWireload      tcbn28hpcplusbwp30p140tt0p8v25c
sram_bank_sp_SRAM_BANK_DATA_WIDTH32_SRAM_BANK_ADDR_WIDTH2_SRAM_BANK_DEPTH4_4
                       ZeroWireload      tcbn28hpcplusbwp30p140tt0p8v25c
afft_2x2_simple_last_cmd_flow_seq_32_2_00000002_0
                       ZeroWireload      tcbn28hpcplusbwp30p140tt0p8v25c
afft_2x2_simple_cmd_flow_seq_DATA_WIDTH32_COMMAND_WIDTH2_IN_COMMAND_WIDTH6_0
                       ZeroWireload      tcbn28hpcplusbwp30p140tt0p8v25c
sram_bank_sp_SRAM_BANK_DATA_WIDTH8_SRAM_BANK_ADDR_WIDTH2_SRAM_BANK_DEPTH4_0
                       ZeroWireload      tcbn28hpcplusbwp30p140tt0p8v25c
sram_bank_sp_SRAM_BANK_DATA_WIDTH8_SRAM_BANK_ADDR_WIDTH2_SRAM_BANK_DEPTH4_1
                       ZeroWireload      tcbn28hpcplusbwp30p140tt0p8v25c
sram_bank_sp_SRAM_BANK_DATA_WIDTH8_SRAM_BANK_ADDR_WIDTH2_SRAM_BANK_DEPTH4_2
                       ZeroWireload      tcbn28hpcplusbwp30p140tt0p8v25c
sram_bank_sp_SRAM_BANK_DATA_WIDTH8_SRAM_BANK_ADDR_WIDTH2_SRAM_BANK_DEPTH4_3
                       ZeroWireload      tcbn28hpcplusbwp30p140tt0p8v25c
sram_bank_sp_SRAM_BANK_DATA_WIDTH8_SRAM_BANK_ADDR_WIDTH2_SRAM_BANK_DEPTH4_4
                       ZeroWireload      tcbn28hpcplusbwp30p140tt0p8v25c
sram_bank_sp_SRAM_BANK_DATA_WIDTH8_SRAM_BANK_ADDR_WIDTH2_SRAM_BANK_DEPTH4_5
                       ZeroWireload      tcbn28hpcplusbwp30p140tt0p8v25c
sram_bank_sp_SRAM_BANK_DATA_WIDTH8_SRAM_BANK_ADDR_WIDTH2_SRAM_BANK_DEPTH4_6
                       ZeroWireload      tcbn28hpcplusbwp30p140tt0p8v25c
o_bus_autopick_seq_NUM_INPUT_DATA4_DATA_WIDTH32_0
                       ZeroWireload      tcbn28hpcplusbwp30p140tt0p8v25c
o_bus_autopick_seq_NUM_INPUT_DATA4_DATA_WIDTH32_1
                       ZeroWireload      tcbn28hpcplusbwp30p140tt0p8v25c
o_bus_autopick_seq_NUM_INPUT_DATA4_DATA_WIDTH32_2
                       ZeroWireload      tcbn28hpcplusbwp30p140tt0p8v25c
afft_2x2_simple_cmd_flow_seq_DATA_WIDTH32_COMMAND_WIDTH2_IN_COMMAND_WIDTH4_0
                       ZeroWireload      tcbn28hpcplusbwp30p140tt0p8v25c


Global Operating Voltage = 0.8  
Power-specific unit information :
    Voltage Units = 1V
    Capacitance Units = 1.000000pf
    Time Units = 1ns
    Dynamic Power Units = 1mW    (derived from V,C,T units)
    Leakage Power Units = 1nW


--------------------------------------------------------------------------------
                                       Switch   Int      Leak     Total
Hierarchy                              Power    Power    Power    Power    %
--------------------------------------------------------------------------------
lambda_top                                0.395   15.823 6.27e+04   16.280 100.0
  AFFT_INST (afft_simple_cmd_flow_seq_DATA_WIDTH32_COMMAND_WIDTH2_NUM_INPUT_DATA4_IN_COMMAND_WIDTH6)
                                       2.38e-02    1.073 5.33e+03    1.102   6.8
    last_stage_1__group_first_half_0__switch_first_half_1__last_stage (afft_2x2_simple_last_cmd_flow_seq_32_2_00000002_0)
                                       1.28e-03    0.173  888.818    0.175   1.1
    last_stage_1__group_first_half_0__switch_first_half_0__last_stage (afft_2x2_simple_last_cmd_flow_seq_32_2_00000002_1)
                                       3.68e-03    0.174  894.172    0.178   1.1
    first_half_0__group_sec_half_0__switch_sec_half_1__second_stage (afft_2x2_simple_cmd_flow_seq_DATA_WIDTH32_COMMAND_WIDTH2_IN_COMMAND_WIDTH4_0)
                                       2.76e-03    0.178  879.837    0.182   1.1
    first_half_0__group_sec_half_0__switch_sec_half_0__second_stage (afft_2x2_simple_cmd_flow_seq_DATA_WIDTH32_COMMAND_WIDTH2_IN_COMMAND_WIDTH4_1)
                                       4.09e-03    0.179  879.660    0.184   1.1
    first_stage_switch_1__first_stage (afft_2x2_simple_cmd_flow_seq_DATA_WIDTH32_COMMAND_WIDTH2_IN_COMMAND_WIDTH6_0)
                                       4.01e-03    0.184  892.194    0.189   1.2
    first_stage_switch_0__first_stage (afft_2x2_simple_cmd_flow_seq_DATA_WIDTH32_COMMAND_WIDTH2_IN_COMMAND_WIDTH6_1)
                                       4.25e-03    0.184  892.257    0.189   1.2
  LAMBDA_GENVAR_DPE_INST_COL_ITER_3__COL_WISE_O_DATA_BUS (o_bus_autopick_seq_NUM_INPUT_DATA4_DATA_WIDTH32_0)
                                       4.90e-04 8.59e-02  269.924 8.66e-02   0.5
  LAMBDA_GENVAR_DPE_INST_COL_ITER_3__LAMBDA_GENVAR_DPE_INST_ROW_ITER_3__LAMBDA_PE_OTHER_ROWS (lambda_pe_THIS_PE_ID15_IACTS_DATA_WIDTH8_WEIGHTS_DATA_WIDTH8_WEIGHTS_DEPTH4_LOG2_WEIGHTS_DEPTH2_PE_SEL_WIDTH4_PE_OUTPUT_WIDTH32)
                                       1.70e-02    0.594 2.35e+03    0.613   3.8
  LAMBDA_GENVAR_DPE_INST_COL_ITER_3__LAMBDA_GENVAR_DPE_INST_ROW_ITER_2__LAMBDA_PE_OTHER_ROWS (lambda_pe_THIS_PE_ID14_IACTS_DATA_WIDTH8_WEIGHTS_DATA_WIDTH8_WEIGHTS_DEPTH4_LOG2_WEIGHTS_DEPTH2_PE_SEL_WIDTH4_PE_OUTPUT_WIDTH32)
                                       1.74e-02    0.593 2.34e+03    0.612   3.8
  LAMBDA_GENVAR_DPE_INST_COL_ITER_3__LAMBDA_GENVAR_DPE_INST_ROW_ITER_1__LAMBDA_PE_OTHER_ROWS (lambda_pe_THIS_PE_ID13_IACTS_DATA_WIDTH8_WEIGHTS_DATA_WIDTH8_WEIGHTS_DEPTH4_LOG2_WEIGHTS_DEPTH2_PE_SEL_WIDTH4_PE_OUTPUT_WIDTH32)
                                       1.78e-02    0.593 2.34e+03    0.613   3.8
  LAMBDA_GENVAR_DPE_INST_COL_ITER_3__LAMBDA_GENVAR_DPE_INST_ROW_ITER_0__LAMBDA_PE_OTHER_ROWS (lambda_pe_THIS_PE_ID12_IACTS_DATA_WIDTH8_WEIGHTS_DATA_WIDTH8_WEIGHTS_DEPTH4_LOG2_WEIGHTS_DEPTH2_PE_SEL_WIDTH4_PE_OUTPUT_WIDTH32)
                                       1.80e-02    0.594 2.36e+03    0.614   3.8
  LAMBDA_GENVAR_DPE_INST_COL_ITER_2__COL_WISE_O_DATA_BUS (o_bus_autopick_seq_NUM_INPUT_DATA4_DATA_WIDTH32_1)
                                       5.84e-04 8.59e-02  270.738 8.68e-02   0.5
  LAMBDA_GENVAR_DPE_INST_COL_ITER_2__LAMBDA_GENVAR_DPE_INST_ROW_ITER_3__LAMBDA_PE_OTHER_ROWS (lambda_pe_THIS_PE_ID11_IACTS_DATA_WIDTH8_WEIGHTS_DATA_WIDTH8_WEIGHTS_DEPTH4_LOG2_WEIGHTS_DEPTH2_PE_SEL_WIDTH4_PE_OUTPUT_WIDTH32)
                                       1.69e-02    0.594 2.35e+03    0.613   3.8
  LAMBDA_GENVAR_DPE_INST_COL_ITER_2__LAMBDA_GENVAR_DPE_INST_ROW_ITER_2__LAMBDA_PE_OTHER_ROWS (lambda_pe_THIS_PE_ID10_IACTS_DATA_WIDTH8_WEIGHTS_DATA_WIDTH8_WEIGHTS_DEPTH4_LOG2_WEIGHTS_DEPTH2_PE_SEL_WIDTH4_PE_OUTPUT_WIDTH32)
                                       1.74e-02    0.592 2.34e+03    0.612   3.8
  LAMBDA_GENVAR_DPE_INST_COL_ITER_2__LAMBDA_GENVAR_DPE_INST_ROW_ITER_1__LAMBDA_PE_OTHER_ROWS (lambda_pe_THIS_PE_ID9_IACTS_DATA_WIDTH8_WEIGHTS_DATA_WIDTH8_WEIGHTS_DEPTH4_LOG2_WEIGHTS_DEPTH2_PE_SEL_WIDTH4_PE_OUTPUT_WIDTH32)
                                       1.78e-02    0.593 2.34e+03    0.613   3.8
  LAMBDA_GENVAR_DPE_INST_COL_ITER_2__LAMBDA_GENVAR_DPE_INST_ROW_ITER_0__LAMBDA_PE_OTHER_ROWS (lambda_pe_THIS_PE_ID8_IACTS_DATA_WIDTH8_WEIGHTS_DATA_WIDTH8_WEIGHTS_DEPTH4_LOG2_WEIGHTS_DEPTH2_PE_SEL_WIDTH4_PE_OUTPUT_WIDTH32)
                                       1.80e-02    0.594 2.36e+03    0.614   3.8
  LAMBDA_GENVAR_DPE_INST_COL_ITER_1__COL_WISE_O_DATA_BUS (o_bus_autopick_seq_NUM_INPUT_DATA4_DATA_WIDTH32_2)
                                       5.05e-04 8.59e-02  269.843 8.67e-02   0.5
  LAMBDA_GENVAR_DPE_INST_COL_ITER_1__LAMBDA_GENVAR_DPE_INST_ROW_ITER_3__LAMBDA_PE_OTHER_ROWS (lambda_pe_THIS_PE_ID7_IACTS_DATA_WIDTH8_WEIGHTS_DATA_WIDTH8_WEIGHTS_DEPTH4_LOG2_WEIGHTS_DEPTH2_PE_SEL_WIDTH4_PE_OUTPUT_WIDTH32)
                                       1.70e-02    0.594 2.35e+03    0.613   3.8
  LAMBDA_GENVAR_DPE_INST_COL_ITER_1__LAMBDA_GENVAR_DPE_INST_ROW_ITER_2__LAMBDA_PE_OTHER_ROWS (lambda_pe_THIS_PE_ID6_IACTS_DATA_WIDTH8_WEIGHTS_DATA_WIDTH8_WEIGHTS_DEPTH4_LOG2_WEIGHTS_DEPTH2_PE_SEL_WIDTH4_PE_OUTPUT_WIDTH32)
                                       1.75e-02    0.593 2.34e+03    0.612   3.8
  LAMBDA_GENVAR_DPE_INST_COL_ITER_1__LAMBDA_GENVAR_DPE_INST_ROW_ITER_1__LAMBDA_PE_OTHER_ROWS (lambda_pe_THIS_PE_ID5_IACTS_DATA_WIDTH8_WEIGHTS_DATA_WIDTH8_WEIGHTS_DEPTH4_LOG2_WEIGHTS_DEPTH2_PE_SEL_WIDTH4_PE_OUTPUT_WIDTH32)
                                       1.77e-02    0.593 2.35e+03    0.613   3.8
  LAMBDA_GENVAR_DPE_INST_COL_ITER_1__LAMBDA_GENVAR_DPE_INST_ROW_ITER_0__LAMBDA_PE_OTHER_ROWS (lambda_pe_THIS_PE_ID4_IACTS_DATA_WIDTH8_WEIGHTS_DATA_WIDTH8_WEIGHTS_DEPTH4_LOG2_WEIGHTS_DEPTH2_PE_SEL_WIDTH4_PE_OUTPUT_WIDTH32)
                                       1.82e-02    0.594 2.36e+03    0.615   3.8
  LAMBDA_GENVAR_DPE_INST_COL_ITER_0__COL_WISE_O_DATA_BUS (o_bus_autopick_seq_NUM_INPUT_DATA4_DATA_WIDTH32_3)
                                       5.96e-04 8.59e-02  270.804 8.68e-02   0.5
  LAMBDA_GENVAR_DPE_INST_COL_ITER_0__LAMBDA_GENVAR_DPE_INST_ROW_ITER_3__LAMBDA_PE_OTHER_ROWS (lambda_pe_THIS_PE_ID3_IACTS_DATA_WIDTH8_WEIGHTS_DATA_WIDTH8_WEIGHTS_DEPTH4_LOG2_WEIGHTS_DEPTH2_PE_SEL_WIDTH4_PE_OUTPUT_WIDTH32)
                                       1.71e-02    0.594 2.35e+03    0.613   3.8
  LAMBDA_GENVAR_DPE_INST_COL_ITER_0__LAMBDA_GENVAR_DPE_INST_ROW_ITER_2__LAMBDA_PE_OTHER_ROWS (lambda_pe_THIS_PE_ID2_IACTS_DATA_WIDTH8_WEIGHTS_DATA_WIDTH8_WEIGHTS_DEPTH4_LOG2_WEIGHTS_DEPTH2_PE_SEL_WIDTH4_PE_OUTPUT_WIDTH32)
                                       1.74e-02    0.593 2.34e+03    0.612   3.8
  LAMBDA_GENVAR_DPE_INST_COL_ITER_0__LAMBDA_GENVAR_DPE_INST_ROW_ITER_1__LAMBDA_PE_OTHER_ROWS (lambda_pe_THIS_PE_ID1_IACTS_DATA_WIDTH8_WEIGHTS_DATA_WIDTH8_WEIGHTS_DEPTH4_LOG2_WEIGHTS_DEPTH2_PE_SEL_WIDTH4_PE_OUTPUT_WIDTH32)
                                       1.76e-02    0.593 2.34e+03    0.613   3.8
  LAMBDA_GENVAR_DPE_INST_COL_ITER_0__LAMBDA_GENVAR_DPE_INST_ROW_ITER_0__LAMBDA_PE_OTHER_ROWS (lambda_pe_THIS_PE_ID0_IACTS_DATA_WIDTH8_WEIGHTS_DATA_WIDTH8_WEIGHTS_DEPTH4_LOG2_WEIGHTS_DEPTH2_PE_SEL_WIDTH4_PE_OUTPUT_WIDTH32)
                                       1.83e-02    0.594 2.37e+03    0.615   3.8
  LAMBDA_CONTROLLER_INST (lambda_controller_WEIGHTS_DATA_WIDTH32_WEIGHTS_NUM_BANKS1_WEIGHTS_SRAM_DATA_WIDTH32_WEIGHTS_SRAM_BANK_ADDR_WIDTH2_WEIGHTS_SRAM_ADDR_WIDTH2_IACTS_DATA_WIDTH8_IACTS_NUM_BANKS4_IACTS_SRAM_DATA_WIDTH32_IACTS_SRAM_BANK_ADDR_WIDTH2_IACTS_SRAM_ADDR_WIDTH8_SCALE_VALUE_WIDTH32_PE_OUTPUT_WIDTH32_DPE_COL_NUM4_DPE_ROW_NUM4_LOG2_DPE_COL_NUM2_LOG2_DPE_ROW_NUM2_OACTS_DATA_WIDTH8_OUTBUF_DATA_WIDTH32_OUTBUF_NUM_BANKS4_OUTBUF_SRAM_DATA_WIDTH128_OUTBUF_SRAM_BANK_ADDR_WIDTH2_OUTBUF_SRAM_ADDR_WIDTH8_INSTR_SRAM_BANK_ADDR_WIDTH2)
                                       2.78e-02    1.437 7.25e+03    1.472   9.0
  OUTPUT_BUFFER_SRAM (sram_sp_2d_array_SRAM_BANK_DATA_WIDTH32_SRAM_BANK_ADDR_WIDTH2_SRAM_BANK_DEPTH4_NUM_BANK4)
                                       3.19e-02    1.649 5.27e+03    1.686  10.4
    SP_SRAM_BANKS_3__sram_bank_sp_inst (sram_bank_sp_SRAM_BANK_DATA_WIDTH32_SRAM_BANK_ADDR_WIDTH2_SRAM_BANK_DEPTH4_0)
                                       7.83e-03    0.412 1.31e+03    0.421   2.6
    SP_SRAM_BANKS_2__sram_bank_sp_inst (sram_bank_sp_SRAM_BANK_DATA_WIDTH32_SRAM_BANK_ADDR_WIDTH2_SRAM_BANK_DEPTH4_1)
                                       7.82e-03    0.412 1.31e+03    0.421   2.6
    SP_SRAM_BANKS_1__sram_bank_sp_inst (sram_bank_sp_SRAM_BANK_DATA_WIDTH32_SRAM_BANK_ADDR_WIDTH2_SRAM_BANK_DEPTH4_2)
                                       7.82e-03    0.412 1.31e+03    0.421   2.6
    SP_SRAM_BANKS_0__sram_bank_sp_inst (sram_bank_sp_SRAM_BANK_DATA_WIDTH32_SRAM_BANK_ADDR_WIDTH2_SRAM_BANK_DEPTH4_3)
                                       5.14e-03    0.412 1.31e+03    0.418   2.6
  INSTR_SRAM (sram_sp_2d_array_SRAM_BANK_DATA_WIDTH12_SRAM_BANK_ADDR_WIDTH2_SRAM_BANK_DEPTH4_NUM_BANK1)
                                       4.65e-03    0.167  532.709    0.172   1.1
    SP_SRAM_BANKS_0__sram_bank_sp_inst (sram_bank_sp_SRAM_BANK_DATA_WIDTH12_SRAM_BANK_ADDR_WIDTH2_SRAM_BANK_DEPTH4)
                                       4.40e-03    0.167  526.198    0.172   1.1
  IACTS_PONG_SRAM (sram_sp_2d_array_SRAM_BANK_DATA_WIDTH8_SRAM_BANK_ADDR_WIDTH2_SRAM_BANK_DEPTH4_NUM_BANK4_0)
                                       6.86e-03    0.412 1.46e+03    0.420   2.6
    SP_SRAM_BANKS_3__sram_bank_sp_inst (sram_bank_sp_SRAM_BANK_DATA_WIDTH8_SRAM_BANK_ADDR_WIDTH2_SRAM_BANK_DEPTH4_0)
                                       1.69e-03    0.103  357.982    0.105   0.6
    SP_SRAM_BANKS_2__sram_bank_sp_inst (sram_bank_sp_SRAM_BANK_DATA_WIDTH8_SRAM_BANK_ADDR_WIDTH2_SRAM_BANK_DEPTH4_1)
                                       1.45e-03    0.103  357.918    0.105   0.6
    SP_SRAM_BANKS_1__sram_bank_sp_inst (sram_bank_sp_SRAM_BANK_DATA_WIDTH8_SRAM_BANK_ADDR_WIDTH2_SRAM_BANK_DEPTH4_2)
                                       3.02e-04    0.103  356.448    0.104   0.6
    SP_SRAM_BANKS_0__sram_bank_sp_inst (sram_bank_sp_SRAM_BANK_DATA_WIDTH8_SRAM_BANK_ADDR_WIDTH2_SRAM_BANK_DEPTH4_3)
                                       2.98e-04    0.103  356.455    0.104   0.6
  IACTS_PING_SRAM (sram_sp_2d_array_SRAM_BANK_DATA_WIDTH8_SRAM_BANK_ADDR_WIDTH2_SRAM_BANK_DEPTH4_NUM_BANK4_1)
                                       1.04e-02    0.417 1.46e+03    0.428   2.6
    SP_SRAM_BANKS_3__sram_bank_sp_inst (sram_bank_sp_SRAM_BANK_DATA_WIDTH8_SRAM_BANK_ADDR_WIDTH2_SRAM_BANK_DEPTH4_4)
                                       2.53e-03    0.104  359.099    0.107   0.7
    SP_SRAM_BANKS_2__sram_bank_sp_inst (sram_bank_sp_SRAM_BANK_DATA_WIDTH8_SRAM_BANK_ADDR_WIDTH2_SRAM_BANK_DEPTH4_5)
                                       1.17e-03    0.104  357.611    0.106   0.6
    SP_SRAM_BANKS_1__sram_bank_sp_inst (sram_bank_sp_SRAM_BANK_DATA_WIDTH8_SRAM_BANK_ADDR_WIDTH2_SRAM_BANK_DEPTH4_6)
                                       1.14e-03    0.104  357.497    0.105   0.6
    SP_SRAM_BANKS_0__sram_bank_sp_inst (sram_bank_sp_SRAM_BANK_DATA_WIDTH8_SRAM_BANK_ADDR_WIDTH2_SRAM_BANK_DEPTH4_7)
                                       2.52e-03    0.104  359.019    0.107   0.7
  WEIGHTS_PONG_BUFFER (sram_sp_2d_array_SRAM_BANK_DATA_WIDTH32_SRAM_BANK_ADDR_WIDTH2_SRAM_BANK_DEPTH4_NUM_BANK1_0)
                                       4.32e-04    0.411 1.31e+03    0.413   2.5
    SP_SRAM_BANKS_0__sram_bank_sp_inst (sram_bank_sp_SRAM_BANK_DATA_WIDTH32_SRAM_BANK_ADDR_WIDTH2_SRAM_BANK_DEPTH4_4)
                                       4.04e-04    0.411 1.31e+03    0.413   2.5
  WEIGHTS_PING_BUFFER (sram_sp_2d_array_SRAM_BANK_DATA_WIDTH32_SRAM_BANK_ADDR_WIDTH2_SRAM_BANK_DEPTH4_NUM_BANK1_1)
                                       5.55e-03    0.420 1.34e+03    0.427   2.6
    SP_SRAM_BANKS_0__sram_bank_sp_inst (sram_bank_sp_SRAM_BANK_DATA_WIDTH32_SRAM_BANK_ADDR_WIDTH2_SRAM_BANK_DEPTH4_5)
                                       5.43e-03    0.420 1.33e+03    0.426   2.6
1
