 
****************************************
Report : area
Design : lambda_top
Version: U-2022.12-SP5
Date   : Tue Nov 21 17:55:06 2023
****************************************

Library(s) Used:

    tcbn28hpcplusbwp30p140tt0p8v25c (File: /usr/scratch/TSMC_LIB/tcbn28hpcplusbwp30p140_190a/tcbn28hpcplusbwp30p140_190a/TSMCHOME/digital/Front_End/timing_power_noise/NLDM/tcbn28hpcplusbwp30p140_180a/tcbn28hpcplusbwp30p140tt0p8v25c.db)

Number of ports:                        17734
Number of nets:                        110998
Number of cells:                        89721
Number of combinational cells:          66053
Number of sequential cells:             23541
Number of macros/black boxes:               0
Number of buf/inv:                      11385
Number of references:                      82

Combinational area:              44584.217765
Buf/Inv area:                     2901.150043
Noncombinational area:           53392.245351
Macro/Black Box area:                0.000000
Net Interconnect area:      undefined  (Wire load has zero net area)

Total cell area:                 97976.463116
Total area:                 undefined

Hierarchical area distribution
------------------------------

                                  Global cell area            Local cell area
                                  -------------------  ------------------------------ 
Hierarchical cell                 Absolute    Percent  Combi-      Noncombi-   Black-
                                  Total       Total    national    national    boxes   Design
--------------------------------  ----------  -------  ----------  ----------  ------  ---------------------------------------------------------------------------------------------------------------------------------------------------------------------------------------------------------------------------------------------------------------------------------------------------------------------------------------------------------------------------------------------------------------------------------------------------------------------------------------------------------------------------------
lambda_top                        97976.4631    100.0     24.4440      0.0000  0.0000  lambda_top
AFFT_INST                          6656.0759      6.8      1.7640      0.0000  0.0000  afft_simple_cmd_flow_seq_DATA_WIDTH32_COMMAND_WIDTH2_NUM_INPUT_DATA8_IN_COMMAND_WIDTH10
AFFT_INST/first_half_0__group_sec_half_0__switch_sec_half_0__second_stage
                                    336.6720      0.3    173.3760    163.2960  0.0000  afft_2x2_simple_cmd_flow_seq_DATA_WIDTH32_COMMAND_WIDTH2_IN_COMMAND_WIDTH8_3
AFFT_INST/first_half_0__group_sec_half_0__switch_sec_half_1__second_stage
                                    336.6720      0.3    173.3760    163.2960  0.0000  afft_2x2_simple_cmd_flow_seq_DATA_WIDTH32_COMMAND_WIDTH2_IN_COMMAND_WIDTH8_2
AFFT_INST/first_half_0__group_sec_half_1__switch_sec_half_0__second_stage
                                    336.6720      0.3    173.3760    163.2960  0.0000  afft_2x2_simple_cmd_flow_seq_DATA_WIDTH32_COMMAND_WIDTH2_IN_COMMAND_WIDTH8_1
AFFT_INST/first_half_0__group_sec_half_1__switch_sec_half_1__second_stage
                                    336.5460      0.3    173.2500    163.2960  0.0000  afft_2x2_simple_cmd_flow_seq_DATA_WIDTH32_COMMAND_WIDTH2_IN_COMMAND_WIDTH8_0
AFFT_INST/first_half_1__group_sec_half_0__switch_sec_half_0__second_stage
                                    332.1360      0.3    173.3760    158.7600  0.0000  afft_2x2_simple_cmd_flow_seq_DATA_WIDTH32_COMMAND_WIDTH2_IN_COMMAND_WIDTH6_3
AFFT_INST/first_half_1__group_sec_half_0__switch_sec_half_1__second_stage
                                    332.0100      0.3    173.2500    158.7600  0.0000  afft_2x2_simple_cmd_flow_seq_DATA_WIDTH32_COMMAND_WIDTH2_IN_COMMAND_WIDTH6_2
AFFT_INST/first_half_1__group_sec_half_0__switch_sec_half_2__second_stage
                                    331.5060      0.3    172.7460    158.7600  0.0000  afft_2x2_simple_cmd_flow_seq_DATA_WIDTH32_COMMAND_WIDTH2_IN_COMMAND_WIDTH6_1
AFFT_INST/first_half_1__group_sec_half_0__switch_sec_half_3__second_stage
                                    331.8840      0.3    173.1240    158.7600  0.0000  afft_2x2_simple_cmd_flow_seq_DATA_WIDTH32_COMMAND_WIDTH2_IN_COMMAND_WIDTH6_0
AFFT_INST/first_stage_switch_0__first_stage
                                    341.0820      0.3    173.2500    167.8320  0.0000  afft_2x2_simple_cmd_flow_seq_DATA_WIDTH32_COMMAND_WIDTH2_IN_COMMAND_WIDTH10_3
AFFT_INST/first_stage_switch_1__first_stage
                                    340.9560      0.3    173.1240    167.8320  0.0000  afft_2x2_simple_cmd_flow_seq_DATA_WIDTH32_COMMAND_WIDTH2_IN_COMMAND_WIDTH10_2
AFFT_INST/first_stage_switch_2__first_stage
                                    340.5780      0.3    172.7460    167.8320  0.0000  afft_2x2_simple_cmd_flow_seq_DATA_WIDTH32_COMMAND_WIDTH2_IN_COMMAND_WIDTH10_1
AFFT_INST/first_stage_switch_3__first_stage
                                    340.5780      0.3    172.7460    167.8320  0.0000  afft_2x2_simple_cmd_flow_seq_DATA_WIDTH32_COMMAND_WIDTH2_IN_COMMAND_WIDTH10_0
AFFT_INST/last_stage_3__group_first_half_0__switch_first_half_0__last_stage
                                    326.3400      0.3    176.6520    149.6880  0.0000  afft_2x2_simple_last_cmd_flow_seq_32_2_00000002_3
AFFT_INST/last_stage_3__group_first_half_0__switch_first_half_1__last_stage
                                    326.9700      0.3    177.2820    149.6880  0.0000  afft_2x2_simple_last_cmd_flow_seq_32_2_00000002_2
AFFT_INST/last_stage_3__group_first_half_1__switch_first_half_0__last_stage
                                    326.7180      0.3    177.0300    149.6880  0.0000  afft_2x2_simple_last_cmd_flow_seq_32_2_00000002_1
AFFT_INST/last_stage_3__group_first_half_1__switch_first_half_1__last_stage
                                    326.7180      0.3    177.0300    149.6880  0.0000  afft_2x2_simple_last_cmd_flow_seq_32_2_00000002_0
AFFT_INST/second_half_2__group_first_half_0__switch_first_half_0__third_stage
                                    327.8520      0.3    173.6280    154.2240  0.0000  afft_2x2_simple_cmd_flow_seq_DATA_WIDTH32_COMMAND_WIDTH2_IN_COMMAND_WIDTH4_3
AFFT_INST/second_half_2__group_first_half_0__switch_first_half_1__third_stage
                                    327.6000      0.3    173.3760    154.2240  0.0000  afft_2x2_simple_cmd_flow_seq_DATA_WIDTH32_COMMAND_WIDTH2_IN_COMMAND_WIDTH4_2
AFFT_INST/second_half_2__group_first_half_0__switch_first_half_2__third_stage
                                    327.0960      0.3    172.8720    154.2240  0.0000  afft_2x2_simple_cmd_flow_seq_DATA_WIDTH32_COMMAND_WIDTH2_IN_COMMAND_WIDTH4_1
AFFT_INST/second_half_2__group_first_half_0__switch_first_half_3__third_stage
                                    327.7260      0.3    173.5020    154.2240  0.0000  afft_2x2_simple_cmd_flow_seq_DATA_WIDTH32_COMMAND_WIDTH2_IN_COMMAND_WIDTH4_0
IACTS_PING_SRAM                    1131.8580      1.2     14.6160      0.0000  0.0000  sram_sp_2d_array_SRAM_BANK_DATA_WIDTH8_SRAM_BANK_ADDR_WIDTH2_SRAM_BANK_DEPTH4_NUM_BANK8_1
IACTS_PING_SRAM/SP_SRAM_BANKS_0__sram_bank_sp_inst
                                    139.3560      0.1     48.6360     90.7200  0.0000  sram_bank_sp_SRAM_BANK_DATA_WIDTH8_SRAM_BANK_ADDR_WIDTH2_SRAM_BANK_DEPTH4_15
IACTS_PING_SRAM/SP_SRAM_BANKS_1__sram_bank_sp_inst
                                    139.7340      0.1     49.0140     90.7200  0.0000  sram_bank_sp_SRAM_BANK_DATA_WIDTH8_SRAM_BANK_ADDR_WIDTH2_SRAM_BANK_DEPTH4_14
IACTS_PING_SRAM/SP_SRAM_BANKS_2__sram_bank_sp_inst
                                    139.7340      0.1     49.0140     90.7200  0.0000  sram_bank_sp_SRAM_BANK_DATA_WIDTH8_SRAM_BANK_ADDR_WIDTH2_SRAM_BANK_DEPTH4_13
IACTS_PING_SRAM/SP_SRAM_BANKS_3__sram_bank_sp_inst
                                    139.7340      0.1     49.0140     90.7200  0.0000  sram_bank_sp_SRAM_BANK_DATA_WIDTH8_SRAM_BANK_ADDR_WIDTH2_SRAM_BANK_DEPTH4_12
IACTS_PING_SRAM/SP_SRAM_BANKS_4__sram_bank_sp_inst
                                    139.7340      0.1     49.0140     90.7200  0.0000  sram_bank_sp_SRAM_BANK_DATA_WIDTH8_SRAM_BANK_ADDR_WIDTH2_SRAM_BANK_DEPTH4_11
IACTS_PING_SRAM/SP_SRAM_BANKS_5__sram_bank_sp_inst
                                    139.7340      0.1     49.0140     90.7200  0.0000  sram_bank_sp_SRAM_BANK_DATA_WIDTH8_SRAM_BANK_ADDR_WIDTH2_SRAM_BANK_DEPTH4_10
IACTS_PING_SRAM/SP_SRAM_BANKS_6__sram_bank_sp_inst
                                    139.8600      0.1     49.1400     90.7200  0.0000  sram_bank_sp_SRAM_BANK_DATA_WIDTH8_SRAM_BANK_ADDR_WIDTH2_SRAM_BANK_DEPTH4_9
IACTS_PING_SRAM/SP_SRAM_BANKS_7__sram_bank_sp_inst
                                    139.3560      0.1     48.6360     90.7200  0.0000  sram_bank_sp_SRAM_BANK_DATA_WIDTH8_SRAM_BANK_ADDR_WIDTH2_SRAM_BANK_DEPTH4_8
IACTS_PONG_SRAM                    1131.7320      1.2     14.6160      0.0000  0.0000  sram_sp_2d_array_SRAM_BANK_DATA_WIDTH8_SRAM_BANK_ADDR_WIDTH2_SRAM_BANK_DEPTH4_NUM_BANK8_0
IACTS_PONG_SRAM/SP_SRAM_BANKS_0__sram_bank_sp_inst
                                    139.7340      0.1     49.0140     90.7200  0.0000  sram_bank_sp_SRAM_BANK_DATA_WIDTH8_SRAM_BANK_ADDR_WIDTH2_SRAM_BANK_DEPTH4_7
IACTS_PONG_SRAM/SP_SRAM_BANKS_1__sram_bank_sp_inst
                                    139.7340      0.1     49.0140     90.7200  0.0000  sram_bank_sp_SRAM_BANK_DATA_WIDTH8_SRAM_BANK_ADDR_WIDTH2_SRAM_BANK_DEPTH4_6
IACTS_PONG_SRAM/SP_SRAM_BANKS_2__sram_bank_sp_inst
                                    139.7340      0.1     49.0140     90.7200  0.0000  sram_bank_sp_SRAM_BANK_DATA_WIDTH8_SRAM_BANK_ADDR_WIDTH2_SRAM_BANK_DEPTH4_5
IACTS_PONG_SRAM/SP_SRAM_BANKS_3__sram_bank_sp_inst
                                    139.7340      0.1     49.0140     90.7200  0.0000  sram_bank_sp_SRAM_BANK_DATA_WIDTH8_SRAM_BANK_ADDR_WIDTH2_SRAM_BANK_DEPTH4_4
IACTS_PONG_SRAM/SP_SRAM_BANKS_4__sram_bank_sp_inst
                                    139.7340      0.1     49.0140     90.7200  0.0000  sram_bank_sp_SRAM_BANK_DATA_WIDTH8_SRAM_BANK_ADDR_WIDTH2_SRAM_BANK_DEPTH4_3
IACTS_PONG_SRAM/SP_SRAM_BANKS_5__sram_bank_sp_inst
                                    139.3560      0.1     48.6360     90.7200  0.0000  sram_bank_sp_SRAM_BANK_DATA_WIDTH8_SRAM_BANK_ADDR_WIDTH2_SRAM_BANK_DEPTH4_2
IACTS_PONG_SRAM/SP_SRAM_BANKS_6__sram_bank_sp_inst
                                    139.7340      0.1     49.0140     90.7200  0.0000  sram_bank_sp_SRAM_BANK_DATA_WIDTH8_SRAM_BANK_ADDR_WIDTH2_SRAM_BANK_DEPTH4_1
IACTS_PONG_SRAM/SP_SRAM_BANKS_7__sram_bank_sp_inst
                                    139.3560      0.1     48.6360     90.7200  0.0000  sram_bank_sp_SRAM_BANK_DATA_WIDTH8_SRAM_BANK_ADDR_WIDTH2_SRAM_BANK_DEPTH4_0
INSTR_SRAM                          672.5880      0.7      1.7640      0.0000  0.0000  sram_sp_2d_array_SRAM_BANK_DATA_WIDTH40_SRAM_BANK_ADDR_WIDTH2_SRAM_BANK_DEPTH4_NUM_BANK1
INSTR_SRAM/SP_SRAM_BANKS_0__sram_bank_sp_inst
                                    670.8240      0.7    217.2240    453.6000  0.0000  sram_bank_sp_SRAM_BANK_DATA_WIDTH40_SRAM_BANK_ADDR_WIDTH2_SRAM_BANK_DEPTH4
LAMBDA_CONTROLLER_INST             5331.0599      5.4   2941.5960   2389.4639  0.0000  lambda_controller_WEIGHTS_DATA_WIDTH64_WEIGHTS_NUM_BANKS1_WEIGHTS_SRAM_DATA_WIDTH64_WEIGHTS_SRAM_BANK_ADDR_WIDTH2_WEIGHTS_SRAM_ADDR_WIDTH2_IACTS_DATA_WIDTH8_IACTS_NUM_BANKS8_IACTS_SRAM_DATA_WIDTH64_IACTS_SRAM_BANK_ADDR_WIDTH2_IACTS_SRAM_ADDR_WIDTH16_SCALE_VALUE_WIDTH32_PE_OUTPUT_WIDTH32_DPE_COL_NUM8_DPE_ROW_NUM8_LOG2_DPE_COL_NUM3_LOG2_DPE_ROW_NUM3_OACTS_DATA_WIDTH8_OUTBUF_DATA_WIDTH32_OUTBUF_NUM_BANKS8_OUTBUF_SRAM_DATA_WIDTH256_OUTBUF_SRAM_BANK_ADDR_WIDTH2_OUTBUF_SRAM_ADDR_WIDTH16_INSTR_SRAM_BANK_ADDR_WIDTH2
LAMBDA_GENVAR_DPE_INST_COL_ITER_0__COL_WISE_O_DATA_BUS
                                    195.5520      0.2    120.7080     74.8440  0.0000  o_bus_autopick_seq_NUM_INPUT_DATA8_DATA_WIDTH32_7
LAMBDA_GENVAR_DPE_INST_COL_ITER_0__LAMBDA_GENVAR_DPE_INST_ROW_ITER_0__LAMBDA_PE_OTHER_ROWS
                                   1171.4220      1.2    534.1140    637.3080  0.0000  lambda_pe_THIS_PE_ID0_IACTS_DATA_WIDTH8_WEIGHTS_DATA_WIDTH8_WEIGHTS_DEPTH8_LOG2_WEIGHTS_DEPTH3_PE_SEL_WIDTH6_PE_OUTPUT_WIDTH32
LAMBDA_GENVAR_DPE_INST_COL_ITER_0__LAMBDA_GENVAR_DPE_INST_ROW_ITER_1__LAMBDA_PE_OTHER_ROWS
                                   1169.1540      1.2    531.8460    637.3080  0.0000  lambda_pe_THIS_PE_ID1_IACTS_DATA_WIDTH8_WEIGHTS_DATA_WIDTH8_WEIGHTS_DEPTH8_LOG2_WEIGHTS_DEPTH3_PE_SEL_WIDTH6_PE_OUTPUT_WIDTH32
LAMBDA_GENVAR_DPE_INST_COL_ITER_0__LAMBDA_GENVAR_DPE_INST_ROW_ITER_2__LAMBDA_PE_OTHER_ROWS
                                   1169.1540      1.2    531.8460    637.3080  0.0000  lambda_pe_THIS_PE_ID2_IACTS_DATA_WIDTH8_WEIGHTS_DATA_WIDTH8_WEIGHTS_DEPTH8_LOG2_WEIGHTS_DEPTH3_PE_SEL_WIDTH6_PE_OUTPUT_WIDTH32
LAMBDA_GENVAR_DPE_INST_COL_ITER_0__LAMBDA_GENVAR_DPE_INST_ROW_ITER_3__LAMBDA_PE_OTHER_ROWS
                                   1173.1860      1.2    531.3420    641.8440  0.0000  lambda_pe_THIS_PE_ID3_IACTS_DATA_WIDTH8_WEIGHTS_DATA_WIDTH8_WEIGHTS_DEPTH8_LOG2_WEIGHTS_DEPTH3_PE_SEL_WIDTH6_PE_OUTPUT_WIDTH32
LAMBDA_GENVAR_DPE_INST_COL_ITER_0__LAMBDA_GENVAR_DPE_INST_ROW_ITER_4__LAMBDA_PE_OTHER_ROWS
                                   1172.9340      1.2    531.0900    641.8440  0.0000  lambda_pe_THIS_PE_ID4_IACTS_DATA_WIDTH8_WEIGHTS_DATA_WIDTH8_WEIGHTS_DEPTH8_LOG2_WEIGHTS_DEPTH3_PE_SEL_WIDTH6_PE_OUTPUT_WIDTH32
LAMBDA_GENVAR_DPE_INST_COL_ITER_0__LAMBDA_GENVAR_DPE_INST_ROW_ITER_5__LAMBDA_PE_OTHER_ROWS
                                   1173.0600      1.2    531.2160    641.8440  0.0000  lambda_pe_THIS_PE_ID5_IACTS_DATA_WIDTH8_WEIGHTS_DATA_WIDTH8_WEIGHTS_DEPTH8_LOG2_WEIGHTS_DEPTH3_PE_SEL_WIDTH6_PE_OUTPUT_WIDTH32
LAMBDA_GENVAR_DPE_INST_COL_ITER_0__LAMBDA_GENVAR_DPE_INST_ROW_ITER_6__LAMBDA_PE_OTHER_ROWS
                                   1173.1860      1.2    531.3420    641.8440  0.0000  lambda_pe_THIS_PE_ID6_IACTS_DATA_WIDTH8_WEIGHTS_DATA_WIDTH8_WEIGHTS_DEPTH8_LOG2_WEIGHTS_DEPTH3_PE_SEL_WIDTH6_PE_OUTPUT_WIDTH32
LAMBDA_GENVAR_DPE_INST_COL_ITER_0__LAMBDA_GENVAR_DPE_INST_ROW_ITER_7__LAMBDA_PE_OTHER_ROWS
                                   1173.0600      1.2    531.2160    641.8440  0.0000  lambda_pe_THIS_PE_ID7_IACTS_DATA_WIDTH8_WEIGHTS_DATA_WIDTH8_WEIGHTS_DEPTH8_LOG2_WEIGHTS_DEPTH3_PE_SEL_WIDTH6_PE_OUTPUT_WIDTH32
LAMBDA_GENVAR_DPE_INST_COL_ITER_1__COL_WISE_O_DATA_BUS
                                    195.5520      0.2    120.7080     74.8440  0.0000  o_bus_autopick_seq_NUM_INPUT_DATA8_DATA_WIDTH32_6
LAMBDA_GENVAR_DPE_INST_COL_ITER_1__LAMBDA_GENVAR_DPE_INST_ROW_ITER_0__LAMBDA_PE_OTHER_ROWS
                                   1171.5480      1.2    534.2400    637.3080  0.0000  lambda_pe_THIS_PE_ID8_IACTS_DATA_WIDTH8_WEIGHTS_DATA_WIDTH8_WEIGHTS_DEPTH8_LOG2_WEIGHTS_DEPTH3_PE_SEL_WIDTH6_PE_OUTPUT_WIDTH32
LAMBDA_GENVAR_DPE_INST_COL_ITER_1__LAMBDA_GENVAR_DPE_INST_ROW_ITER_1__LAMBDA_PE_OTHER_ROWS
                                   1169.2800      1.2    531.9720    637.3080  0.0000  lambda_pe_THIS_PE_ID9_IACTS_DATA_WIDTH8_WEIGHTS_DATA_WIDTH8_WEIGHTS_DEPTH8_LOG2_WEIGHTS_DEPTH3_PE_SEL_WIDTH6_PE_OUTPUT_WIDTH32
LAMBDA_GENVAR_DPE_INST_COL_ITER_1__LAMBDA_GENVAR_DPE_INST_ROW_ITER_2__LAMBDA_PE_OTHER_ROWS
                                   1169.2800      1.2    531.9720    637.3080  0.0000  lambda_pe_THIS_PE_ID10_IACTS_DATA_WIDTH8_WEIGHTS_DATA_WIDTH8_WEIGHTS_DEPTH8_LOG2_WEIGHTS_DEPTH3_PE_SEL_WIDTH6_PE_OUTPUT_WIDTH32
LAMBDA_GENVAR_DPE_INST_COL_ITER_1__LAMBDA_GENVAR_DPE_INST_ROW_ITER_3__LAMBDA_PE_OTHER_ROWS
                                   1172.5560      1.2    530.7120    641.8440  0.0000  lambda_pe_THIS_PE_ID11_IACTS_DATA_WIDTH8_WEIGHTS_DATA_WIDTH8_WEIGHTS_DEPTH8_LOG2_WEIGHTS_DEPTH3_PE_SEL_WIDTH6_PE_OUTPUT_WIDTH32
LAMBDA_GENVAR_DPE_INST_COL_ITER_1__LAMBDA_GENVAR_DPE_INST_ROW_ITER_4__LAMBDA_PE_OTHER_ROWS
                                   1173.1860      1.2    531.3420    641.8440  0.0000  lambda_pe_THIS_PE_ID12_IACTS_DATA_WIDTH8_WEIGHTS_DATA_WIDTH8_WEIGHTS_DEPTH8_LOG2_WEIGHTS_DEPTH3_PE_SEL_WIDTH6_PE_OUTPUT_WIDTH32
LAMBDA_GENVAR_DPE_INST_COL_ITER_1__LAMBDA_GENVAR_DPE_INST_ROW_ITER_5__LAMBDA_PE_OTHER_ROWS
                                   1173.0600      1.2    531.2160    641.8440  0.0000  lambda_pe_THIS_PE_ID13_IACTS_DATA_WIDTH8_WEIGHTS_DATA_WIDTH8_WEIGHTS_DEPTH8_LOG2_WEIGHTS_DEPTH3_PE_SEL_WIDTH6_PE_OUTPUT_WIDTH32
LAMBDA_GENVAR_DPE_INST_COL_ITER_1__LAMBDA_GENVAR_DPE_INST_ROW_ITER_6__LAMBDA_PE_OTHER_ROWS
                                   1172.9340      1.2    531.0900    641.8440  0.0000  lambda_pe_THIS_PE_ID14_IACTS_DATA_WIDTH8_WEIGHTS_DATA_WIDTH8_WEIGHTS_DEPTH8_LOG2_WEIGHTS_DEPTH3_PE_SEL_WIDTH6_PE_OUTPUT_WIDTH32
LAMBDA_GENVAR_DPE_INST_COL_ITER_1__LAMBDA_GENVAR_DPE_INST_ROW_ITER_7__LAMBDA_PE_OTHER_ROWS
                                   1173.1860      1.2    531.3420    641.8440  0.0000  lambda_pe_THIS_PE_ID15_IACTS_DATA_WIDTH8_WEIGHTS_DATA_WIDTH8_WEIGHTS_DEPTH8_LOG2_WEIGHTS_DEPTH3_PE_SEL_WIDTH6_PE_OUTPUT_WIDTH32
LAMBDA_GENVAR_DPE_INST_COL_ITER_2__COL_WISE_O_DATA_BUS
                                    195.5520      0.2    120.7080     74.8440  0.0000  o_bus_autopick_seq_NUM_INPUT_DATA8_DATA_WIDTH32_5
LAMBDA_GENVAR_DPE_INST_COL_ITER_2__LAMBDA_GENVAR_DPE_INST_ROW_ITER_0__LAMBDA_PE_OTHER_ROWS
                                   1170.9180      1.2    533.6100    637.3080  0.0000  lambda_pe_THIS_PE_ID16_IACTS_DATA_WIDTH8_WEIGHTS_DATA_WIDTH8_WEIGHTS_DEPTH8_LOG2_WEIGHTS_DEPTH3_PE_SEL_WIDTH6_PE_OUTPUT_WIDTH32
LAMBDA_GENVAR_DPE_INST_COL_ITER_2__LAMBDA_GENVAR_DPE_INST_ROW_ITER_1__LAMBDA_PE_OTHER_ROWS
                                   1169.4060      1.2    532.0980    637.3080  0.0000  lambda_pe_THIS_PE_ID17_IACTS_DATA_WIDTH8_WEIGHTS_DATA_WIDTH8_WEIGHTS_DEPTH8_LOG2_WEIGHTS_DEPTH3_PE_SEL_WIDTH6_PE_OUTPUT_WIDTH32
LAMBDA_GENVAR_DPE_INST_COL_ITER_2__LAMBDA_GENVAR_DPE_INST_ROW_ITER_2__LAMBDA_PE_OTHER_ROWS
                                   1169.4060      1.2    532.0980    637.3080  0.0000  lambda_pe_THIS_PE_ID18_IACTS_DATA_WIDTH8_WEIGHTS_DATA_WIDTH8_WEIGHTS_DEPTH8_LOG2_WEIGHTS_DEPTH3_PE_SEL_WIDTH6_PE_OUTPUT_WIDTH32
LAMBDA_GENVAR_DPE_INST_COL_ITER_2__LAMBDA_GENVAR_DPE_INST_ROW_ITER_3__LAMBDA_PE_OTHER_ROWS
                                   1173.0600      1.2    531.2160    641.8440  0.0000  lambda_pe_THIS_PE_ID19_IACTS_DATA_WIDTH8_WEIGHTS_DATA_WIDTH8_WEIGHTS_DEPTH8_LOG2_WEIGHTS_DEPTH3_PE_SEL_WIDTH6_PE_OUTPUT_WIDTH32
LAMBDA_GENVAR_DPE_INST_COL_ITER_2__LAMBDA_GENVAR_DPE_INST_ROW_ITER_4__LAMBDA_PE_OTHER_ROWS
                                   1173.1860      1.2    531.3420    641.8440  0.0000  lambda_pe_THIS_PE_ID20_IACTS_DATA_WIDTH8_WEIGHTS_DATA_WIDTH8_WEIGHTS_DEPTH8_LOG2_WEIGHTS_DEPTH3_PE_SEL_WIDTH6_PE_OUTPUT_WIDTH32
LAMBDA_GENVAR_DPE_INST_COL_ITER_2__LAMBDA_GENVAR_DPE_INST_ROW_ITER_5__LAMBDA_PE_OTHER_ROWS
                                   1173.0600      1.2    531.2160    641.8440  0.0000  lambda_pe_THIS_PE_ID21_IACTS_DATA_WIDTH8_WEIGHTS_DATA_WIDTH8_WEIGHTS_DEPTH8_LOG2_WEIGHTS_DEPTH3_PE_SEL_WIDTH6_PE_OUTPUT_WIDTH32
LAMBDA_GENVAR_DPE_INST_COL_ITER_2__LAMBDA_GENVAR_DPE_INST_ROW_ITER_6__LAMBDA_PE_OTHER_ROWS
                                   1172.4300      1.2    530.5860    641.8440  0.0000  lambda_pe_THIS_PE_ID22_IACTS_DATA_WIDTH8_WEIGHTS_DATA_WIDTH8_WEIGHTS_DEPTH8_LOG2_WEIGHTS_DEPTH3_PE_SEL_WIDTH6_PE_OUTPUT_WIDTH32
LAMBDA_GENVAR_DPE_INST_COL_ITER_2__LAMBDA_GENVAR_DPE_INST_ROW_ITER_7__LAMBDA_PE_OTHER_ROWS
                                   1173.3120      1.2    531.4680    641.8440  0.0000  lambda_pe_THIS_PE_ID23_IACTS_DATA_WIDTH8_WEIGHTS_DATA_WIDTH8_WEIGHTS_DEPTH8_LOG2_WEIGHTS_DEPTH3_PE_SEL_WIDTH6_PE_OUTPUT_WIDTH32
LAMBDA_GENVAR_DPE_INST_COL_ITER_3__COL_WISE_O_DATA_BUS
                                    195.5520      0.2    120.7080     74.8440  0.0000  o_bus_autopick_seq_NUM_INPUT_DATA8_DATA_WIDTH32_4
LAMBDA_GENVAR_DPE_INST_COL_ITER_3__LAMBDA_GENVAR_DPE_INST_ROW_ITER_0__LAMBDA_PE_OTHER_ROWS
                                   1171.0440      1.2    533.7360    637.3080  0.0000  lambda_pe_THIS_PE_ID24_IACTS_DATA_WIDTH8_WEIGHTS_DATA_WIDTH8_WEIGHTS_DEPTH8_LOG2_WEIGHTS_DEPTH3_PE_SEL_WIDTH6_PE_OUTPUT_WIDTH32
LAMBDA_GENVAR_DPE_INST_COL_ITER_3__LAMBDA_GENVAR_DPE_INST_ROW_ITER_1__LAMBDA_PE_OTHER_ROWS
                                   1169.2800      1.2    531.9720    637.3080  0.0000  lambda_pe_THIS_PE_ID25_IACTS_DATA_WIDTH8_WEIGHTS_DATA_WIDTH8_WEIGHTS_DEPTH8_LOG2_WEIGHTS_DEPTH3_PE_SEL_WIDTH6_PE_OUTPUT_WIDTH32
LAMBDA_GENVAR_DPE_INST_COL_ITER_3__LAMBDA_GENVAR_DPE_INST_ROW_ITER_2__LAMBDA_PE_OTHER_ROWS
                                   1169.1540      1.2    531.8460    637.3080  0.0000  lambda_pe_THIS_PE_ID26_IACTS_DATA_WIDTH8_WEIGHTS_DATA_WIDTH8_WEIGHTS_DEPTH8_LOG2_WEIGHTS_DEPTH3_PE_SEL_WIDTH6_PE_OUTPUT_WIDTH32
LAMBDA_GENVAR_DPE_INST_COL_ITER_3__LAMBDA_GENVAR_DPE_INST_ROW_ITER_3__LAMBDA_PE_OTHER_ROWS
                                   1173.3120      1.2    531.4680    641.8440  0.0000  lambda_pe_THIS_PE_ID27_IACTS_DATA_WIDTH8_WEIGHTS_DATA_WIDTH8_WEIGHTS_DEPTH8_LOG2_WEIGHTS_DEPTH3_PE_SEL_WIDTH6_PE_OUTPUT_WIDTH32
LAMBDA_GENVAR_DPE_INST_COL_ITER_3__LAMBDA_GENVAR_DPE_INST_ROW_ITER_4__LAMBDA_PE_OTHER_ROWS
                                   1172.9340      1.2    531.0900    641.8440  0.0000  lambda_pe_THIS_PE_ID28_IACTS_DATA_WIDTH8_WEIGHTS_DATA_WIDTH8_WEIGHTS_DEPTH8_LOG2_WEIGHTS_DEPTH3_PE_SEL_WIDTH6_PE_OUTPUT_WIDTH32
LAMBDA_GENVAR_DPE_INST_COL_ITER_3__LAMBDA_GENVAR_DPE_INST_ROW_ITER_5__LAMBDA_PE_OTHER_ROWS
                                   1173.3120      1.2    531.4680    641.8440  0.0000  lambda_pe_THIS_PE_ID29_IACTS_DATA_WIDTH8_WEIGHTS_DATA_WIDTH8_WEIGHTS_DEPTH8_LOG2_WEIGHTS_DEPTH3_PE_SEL_WIDTH6_PE_OUTPUT_WIDTH32
LAMBDA_GENVAR_DPE_INST_COL_ITER_3__LAMBDA_GENVAR_DPE_INST_ROW_ITER_6__LAMBDA_PE_OTHER_ROWS
                                   1173.3120      1.2    531.4680    641.8440  0.0000  lambda_pe_THIS_PE_ID30_IACTS_DATA_WIDTH8_WEIGHTS_DATA_WIDTH8_WEIGHTS_DEPTH8_LOG2_WEIGHTS_DEPTH3_PE_SEL_WIDTH6_PE_OUTPUT_WIDTH32
LAMBDA_GENVAR_DPE_INST_COL_ITER_3__LAMBDA_GENVAR_DPE_INST_ROW_ITER_7__LAMBDA_PE_OTHER_ROWS
                                   1173.0600      1.2    531.2160    641.8440  0.0000  lambda_pe_THIS_PE_ID31_IACTS_DATA_WIDTH8_WEIGHTS_DATA_WIDTH8_WEIGHTS_DEPTH8_LOG2_WEIGHTS_DEPTH3_PE_SEL_WIDTH6_PE_OUTPUT_WIDTH32
LAMBDA_GENVAR_DPE_INST_COL_ITER_4__COL_WISE_O_DATA_BUS
                                    195.5520      0.2    120.7080     74.8440  0.0000  o_bus_autopick_seq_NUM_INPUT_DATA8_DATA_WIDTH32_3
LAMBDA_GENVAR_DPE_INST_COL_ITER_4__LAMBDA_GENVAR_DPE_INST_ROW_ITER_0__LAMBDA_PE_OTHER_ROWS
                                   1170.5400      1.2    533.2320    637.3080  0.0000  lambda_pe_THIS_PE_ID32_IACTS_DATA_WIDTH8_WEIGHTS_DATA_WIDTH8_WEIGHTS_DEPTH8_LOG2_WEIGHTS_DEPTH3_PE_SEL_WIDTH6_PE_OUTPUT_WIDTH32
LAMBDA_GENVAR_DPE_INST_COL_ITER_4__LAMBDA_GENVAR_DPE_INST_ROW_ITER_1__LAMBDA_PE_OTHER_ROWS
                                   1169.2800      1.2    531.9720    637.3080  0.0000  lambda_pe_THIS_PE_ID33_IACTS_DATA_WIDTH8_WEIGHTS_DATA_WIDTH8_WEIGHTS_DEPTH8_LOG2_WEIGHTS_DEPTH3_PE_SEL_WIDTH6_PE_OUTPUT_WIDTH32
LAMBDA_GENVAR_DPE_INST_COL_ITER_4__LAMBDA_GENVAR_DPE_INST_ROW_ITER_2__LAMBDA_PE_OTHER_ROWS
                                   1169.2800      1.2    531.9720    637.3080  0.0000  lambda_pe_THIS_PE_ID34_IACTS_DATA_WIDTH8_WEIGHTS_DATA_WIDTH8_WEIGHTS_DEPTH8_LOG2_WEIGHTS_DEPTH3_PE_SEL_WIDTH6_PE_OUTPUT_WIDTH32
LAMBDA_GENVAR_DPE_INST_COL_ITER_4__LAMBDA_GENVAR_DPE_INST_ROW_ITER_3__LAMBDA_PE_OTHER_ROWS
                                   1172.9340      1.2    531.0900    641.8440  0.0000  lambda_pe_THIS_PE_ID35_IACTS_DATA_WIDTH8_WEIGHTS_DATA_WIDTH8_WEIGHTS_DEPTH8_LOG2_WEIGHTS_DEPTH3_PE_SEL_WIDTH6_PE_OUTPUT_WIDTH32
LAMBDA_GENVAR_DPE_INST_COL_ITER_4__LAMBDA_GENVAR_DPE_INST_ROW_ITER_4__LAMBDA_PE_OTHER_ROWS
                                   1172.6820      1.2    530.8380    641.8440  0.0000  lambda_pe_THIS_PE_ID36_IACTS_DATA_WIDTH8_WEIGHTS_DATA_WIDTH8_WEIGHTS_DEPTH8_LOG2_WEIGHTS_DEPTH3_PE_SEL_WIDTH6_PE_OUTPUT_WIDTH32
LAMBDA_GENVAR_DPE_INST_COL_ITER_4__LAMBDA_GENVAR_DPE_INST_ROW_ITER_5__LAMBDA_PE_OTHER_ROWS
                                   1172.9340      1.2    531.0900    641.8440  0.0000  lambda_pe_THIS_PE_ID37_IACTS_DATA_WIDTH8_WEIGHTS_DATA_WIDTH8_WEIGHTS_DEPTH8_LOG2_WEIGHTS_DEPTH3_PE_SEL_WIDTH6_PE_OUTPUT_WIDTH32
LAMBDA_GENVAR_DPE_INST_COL_ITER_4__LAMBDA_GENVAR_DPE_INST_ROW_ITER_6__LAMBDA_PE_OTHER_ROWS
                                   1173.0600      1.2    531.2160    641.8440  0.0000  lambda_pe_THIS_PE_ID38_IACTS_DATA_WIDTH8_WEIGHTS_DATA_WIDTH8_WEIGHTS_DEPTH8_LOG2_WEIGHTS_DEPTH3_PE_SEL_WIDTH6_PE_OUTPUT_WIDTH32
LAMBDA_GENVAR_DPE_INST_COL_ITER_4__LAMBDA_GENVAR_DPE_INST_ROW_ITER_7__LAMBDA_PE_OTHER_ROWS
                                   1173.3120      1.2    531.4680    641.8440  0.0000  lambda_pe_THIS_PE_ID39_IACTS_DATA_WIDTH8_WEIGHTS_DATA_WIDTH8_WEIGHTS_DEPTH8_LOG2_WEIGHTS_DEPTH3_PE_SEL_WIDTH6_PE_OUTPUT_WIDTH32
LAMBDA_GENVAR_DPE_INST_COL_ITER_5__COL_WISE_O_DATA_BUS
                                    195.5520      0.2    120.7080     74.8440  0.0000  o_bus_autopick_seq_NUM_INPUT_DATA8_DATA_WIDTH32_2
LAMBDA_GENVAR_DPE_INST_COL_ITER_5__LAMBDA_GENVAR_DPE_INST_ROW_ITER_0__LAMBDA_PE_OTHER_ROWS
                                   1170.6660      1.2    533.3580    637.3080  0.0000  lambda_pe_THIS_PE_ID40_IACTS_DATA_WIDTH8_WEIGHTS_DATA_WIDTH8_WEIGHTS_DEPTH8_LOG2_WEIGHTS_DEPTH3_PE_SEL_WIDTH6_PE_OUTPUT_WIDTH32
LAMBDA_GENVAR_DPE_INST_COL_ITER_5__LAMBDA_GENVAR_DPE_INST_ROW_ITER_1__LAMBDA_PE_OTHER_ROWS
                                   1169.2800      1.2    531.9720    637.3080  0.0000  lambda_pe_THIS_PE_ID41_IACTS_DATA_WIDTH8_WEIGHTS_DATA_WIDTH8_WEIGHTS_DEPTH8_LOG2_WEIGHTS_DEPTH3_PE_SEL_WIDTH6_PE_OUTPUT_WIDTH32
LAMBDA_GENVAR_DPE_INST_COL_ITER_5__LAMBDA_GENVAR_DPE_INST_ROW_ITER_2__LAMBDA_PE_OTHER_ROWS
                                   1169.2800      1.2    531.9720    637.3080  0.0000  lambda_pe_THIS_PE_ID42_IACTS_DATA_WIDTH8_WEIGHTS_DATA_WIDTH8_WEIGHTS_DEPTH8_LOG2_WEIGHTS_DEPTH3_PE_SEL_WIDTH6_PE_OUTPUT_WIDTH32
LAMBDA_GENVAR_DPE_INST_COL_ITER_5__LAMBDA_GENVAR_DPE_INST_ROW_ITER_3__LAMBDA_PE_OTHER_ROWS
                                   1173.1860      1.2    531.3420    641.8440  0.0000  lambda_pe_THIS_PE_ID43_IACTS_DATA_WIDTH8_WEIGHTS_DATA_WIDTH8_WEIGHTS_DEPTH8_LOG2_WEIGHTS_DEPTH3_PE_SEL_WIDTH6_PE_OUTPUT_WIDTH32
LAMBDA_GENVAR_DPE_INST_COL_ITER_5__LAMBDA_GENVAR_DPE_INST_ROW_ITER_4__LAMBDA_PE_OTHER_ROWS
                                   1173.0600      1.2    531.2160    641.8440  0.0000  lambda_pe_THIS_PE_ID44_IACTS_DATA_WIDTH8_WEIGHTS_DATA_WIDTH8_WEIGHTS_DEPTH8_LOG2_WEIGHTS_DEPTH3_PE_SEL_WIDTH6_PE_OUTPUT_WIDTH32
LAMBDA_GENVAR_DPE_INST_COL_ITER_5__LAMBDA_GENVAR_DPE_INST_ROW_ITER_5__LAMBDA_PE_OTHER_ROWS
                                   1173.1860      1.2    531.3420    641.8440  0.0000  lambda_pe_THIS_PE_ID45_IACTS_DATA_WIDTH8_WEIGHTS_DATA_WIDTH8_WEIGHTS_DEPTH8_LOG2_WEIGHTS_DEPTH3_PE_SEL_WIDTH6_PE_OUTPUT_WIDTH32
LAMBDA_GENVAR_DPE_INST_COL_ITER_5__LAMBDA_GENVAR_DPE_INST_ROW_ITER_6__LAMBDA_PE_OTHER_ROWS
                                   1173.3120      1.2    531.4680    641.8440  0.0000  lambda_pe_THIS_PE_ID46_IACTS_DATA_WIDTH8_WEIGHTS_DATA_WIDTH8_WEIGHTS_DEPTH8_LOG2_WEIGHTS_DEPTH3_PE_SEL_WIDTH6_PE_OUTPUT_WIDTH32
LAMBDA_GENVAR_DPE_INST_COL_ITER_5__LAMBDA_GENVAR_DPE_INST_ROW_ITER_7__LAMBDA_PE_OTHER_ROWS
                                   1173.1860      1.2    531.3420    641.8440  0.0000  lambda_pe_THIS_PE_ID47_IACTS_DATA_WIDTH8_WEIGHTS_DATA_WIDTH8_WEIGHTS_DEPTH8_LOG2_WEIGHTS_DEPTH3_PE_SEL_WIDTH6_PE_OUTPUT_WIDTH32
LAMBDA_GENVAR_DPE_INST_COL_ITER_6__COL_WISE_O_DATA_BUS
                                    195.5520      0.2    120.7080     74.8440  0.0000  o_bus_autopick_seq_NUM_INPUT_DATA8_DATA_WIDTH32_1
LAMBDA_GENVAR_DPE_INST_COL_ITER_6__LAMBDA_GENVAR_DPE_INST_ROW_ITER_0__LAMBDA_PE_OTHER_ROWS
                                   1170.6660      1.2    533.3580    637.3080  0.0000  lambda_pe_THIS_PE_ID48_IACTS_DATA_WIDTH8_WEIGHTS_DATA_WIDTH8_WEIGHTS_DEPTH8_LOG2_WEIGHTS_DEPTH3_PE_SEL_WIDTH6_PE_OUTPUT_WIDTH32
LAMBDA_GENVAR_DPE_INST_COL_ITER_6__LAMBDA_GENVAR_DPE_INST_ROW_ITER_1__LAMBDA_PE_OTHER_ROWS
                                   1169.1540      1.2    531.8460    637.3080  0.0000  lambda_pe_THIS_PE_ID49_IACTS_DATA_WIDTH8_WEIGHTS_DATA_WIDTH8_WEIGHTS_DEPTH8_LOG2_WEIGHTS_DEPTH3_PE_SEL_WIDTH6_PE_OUTPUT_WIDTH32
LAMBDA_GENVAR_DPE_INST_COL_ITER_6__LAMBDA_GENVAR_DPE_INST_ROW_ITER_2__LAMBDA_PE_OTHER_ROWS
                                   1168.9020      1.2    531.5940    637.3080  0.0000  lambda_pe_THIS_PE_ID50_IACTS_DATA_WIDTH8_WEIGHTS_DATA_WIDTH8_WEIGHTS_DEPTH8_LOG2_WEIGHTS_DEPTH3_PE_SEL_WIDTH6_PE_OUTPUT_WIDTH32
LAMBDA_GENVAR_DPE_INST_COL_ITER_6__LAMBDA_GENVAR_DPE_INST_ROW_ITER_3__LAMBDA_PE_OTHER_ROWS
                                   1173.3120      1.2    531.4680    641.8440  0.0000  lambda_pe_THIS_PE_ID51_IACTS_DATA_WIDTH8_WEIGHTS_DATA_WIDTH8_WEIGHTS_DEPTH8_LOG2_WEIGHTS_DEPTH3_PE_SEL_WIDTH6_PE_OUTPUT_WIDTH32
LAMBDA_GENVAR_DPE_INST_COL_ITER_6__LAMBDA_GENVAR_DPE_INST_ROW_ITER_4__LAMBDA_PE_OTHER_ROWS
                                   1172.9340      1.2    531.0900    641.8440  0.0000  lambda_pe_THIS_PE_ID52_IACTS_DATA_WIDTH8_WEIGHTS_DATA_WIDTH8_WEIGHTS_DEPTH8_LOG2_WEIGHTS_DEPTH3_PE_SEL_WIDTH6_PE_OUTPUT_WIDTH32
LAMBDA_GENVAR_DPE_INST_COL_ITER_6__LAMBDA_GENVAR_DPE_INST_ROW_ITER_5__LAMBDA_PE_OTHER_ROWS
                                   1172.8080      1.2    530.9640    641.8440  0.0000  lambda_pe_THIS_PE_ID53_IACTS_DATA_WIDTH8_WEIGHTS_DATA_WIDTH8_WEIGHTS_DEPTH8_LOG2_WEIGHTS_DEPTH3_PE_SEL_WIDTH6_PE_OUTPUT_WIDTH32
LAMBDA_GENVAR_DPE_INST_COL_ITER_6__LAMBDA_GENVAR_DPE_INST_ROW_ITER_6__LAMBDA_PE_OTHER_ROWS
                                   1172.3040      1.2    530.4600    641.8440  0.0000  lambda_pe_THIS_PE_ID54_IACTS_DATA_WIDTH8_WEIGHTS_DATA_WIDTH8_WEIGHTS_DEPTH8_LOG2_WEIGHTS_DEPTH3_PE_SEL_WIDTH6_PE_OUTPUT_WIDTH32
LAMBDA_GENVAR_DPE_INST_COL_ITER_6__LAMBDA_GENVAR_DPE_INST_ROW_ITER_7__LAMBDA_PE_OTHER_ROWS
                                   1172.6820      1.2    530.8380    641.8440  0.0000  lambda_pe_THIS_PE_ID55_IACTS_DATA_WIDTH8_WEIGHTS_DATA_WIDTH8_WEIGHTS_DEPTH8_LOG2_WEIGHTS_DEPTH3_PE_SEL_WIDTH6_PE_OUTPUT_WIDTH32
LAMBDA_GENVAR_DPE_INST_COL_ITER_7__COL_WISE_O_DATA_BUS
                                    195.5520      0.2    120.7080     74.8440  0.0000  o_bus_autopick_seq_NUM_INPUT_DATA8_DATA_WIDTH32_0
LAMBDA_GENVAR_DPE_INST_COL_ITER_7__LAMBDA_GENVAR_DPE_INST_ROW_ITER_0__LAMBDA_PE_OTHER_ROWS
                                   1170.9180      1.2    533.6100    637.3080  0.0000  lambda_pe_THIS_PE_ID56_IACTS_DATA_WIDTH8_WEIGHTS_DATA_WIDTH8_WEIGHTS_DEPTH8_LOG2_WEIGHTS_DEPTH3_PE_SEL_WIDTH6_PE_OUTPUT_WIDTH32
LAMBDA_GENVAR_DPE_INST_COL_ITER_7__LAMBDA_GENVAR_DPE_INST_ROW_ITER_1__LAMBDA_PE_OTHER_ROWS
                                   1169.1540      1.2    531.8460    637.3080  0.0000  lambda_pe_THIS_PE_ID57_IACTS_DATA_WIDTH8_WEIGHTS_DATA_WIDTH8_WEIGHTS_DEPTH8_LOG2_WEIGHTS_DEPTH3_PE_SEL_WIDTH6_PE_OUTPUT_WIDTH32
LAMBDA_GENVAR_DPE_INST_COL_ITER_7__LAMBDA_GENVAR_DPE_INST_ROW_ITER_2__LAMBDA_PE_OTHER_ROWS
                                   1168.9020      1.2    531.5940    637.3080  0.0000  lambda_pe_THIS_PE_ID58_IACTS_DATA_WIDTH8_WEIGHTS_DATA_WIDTH8_WEIGHTS_DEPTH8_LOG2_WEIGHTS_DEPTH3_PE_SEL_WIDTH6_PE_OUTPUT_WIDTH32
LAMBDA_GENVAR_DPE_INST_COL_ITER_7__LAMBDA_GENVAR_DPE_INST_ROW_ITER_3__LAMBDA_PE_OTHER_ROWS
                                   1172.6820      1.2    530.8380    641.8440  0.0000  lambda_pe_THIS_PE_ID59_IACTS_DATA_WIDTH8_WEIGHTS_DATA_WIDTH8_WEIGHTS_DEPTH8_LOG2_WEIGHTS_DEPTH3_PE_SEL_WIDTH6_PE_OUTPUT_WIDTH32
LAMBDA_GENVAR_DPE_INST_COL_ITER_7__LAMBDA_GENVAR_DPE_INST_ROW_ITER_4__LAMBDA_PE_OTHER_ROWS
                                   1172.6820      1.2    530.8380    641.8440  0.0000  lambda_pe_THIS_PE_ID60_IACTS_DATA_WIDTH8_WEIGHTS_DATA_WIDTH8_WEIGHTS_DEPTH8_LOG2_WEIGHTS_DEPTH3_PE_SEL_WIDTH6_PE_OUTPUT_WIDTH32
LAMBDA_GENVAR_DPE_INST_COL_ITER_7__LAMBDA_GENVAR_DPE_INST_ROW_ITER_5__LAMBDA_PE_OTHER_ROWS
                                   1173.0600      1.2    531.2160    641.8440  0.0000  lambda_pe_THIS_PE_ID61_IACTS_DATA_WIDTH8_WEIGHTS_DATA_WIDTH8_WEIGHTS_DEPTH8_LOG2_WEIGHTS_DEPTH3_PE_SEL_WIDTH6_PE_OUTPUT_WIDTH32
LAMBDA_GENVAR_DPE_INST_COL_ITER_7__LAMBDA_GENVAR_DPE_INST_ROW_ITER_6__LAMBDA_PE_OTHER_ROWS
                                   1172.8080      1.2    530.9640    641.8440  0.0000  lambda_pe_THIS_PE_ID62_IACTS_DATA_WIDTH8_WEIGHTS_DATA_WIDTH8_WEIGHTS_DEPTH8_LOG2_WEIGHTS_DEPTH3_PE_SEL_WIDTH6_PE_OUTPUT_WIDTH32
LAMBDA_GENVAR_DPE_INST_COL_ITER_7__LAMBDA_GENVAR_DPE_INST_ROW_ITER_7__LAMBDA_PE_OTHER_ROWS
                                   1172.4300      1.2    530.5860    641.8440  0.0000  lambda_pe_THIS_PE_ID63_IACTS_DATA_WIDTH8_WEIGHTS_DATA_WIDTH8_WEIGHTS_DEPTH8_LOG2_WEIGHTS_DEPTH3_PE_SEL_WIDTH6_PE_OUTPUT_WIDTH32
OUTPUT_BUFFER_SRAM                 4321.6738      4.4     14.6160      0.0000  0.0000  sram_sp_2d_array_SRAM_BANK_DATA_WIDTH32_SRAM_BANK_ADDR_WIDTH2_SRAM_BANK_DEPTH4_NUM_BANK8
OUTPUT_BUFFER_SRAM/SP_SRAM_BANKS_0__sram_bank_sp_inst
                                    538.0200      0.5    175.1400    362.8800  0.0000  sram_bank_sp_SRAM_BANK_DATA_WIDTH32_SRAM_BANK_ADDR_WIDTH2_SRAM_BANK_DEPTH4_7
OUTPUT_BUFFER_SRAM/SP_SRAM_BANKS_1__sram_bank_sp_inst
                                    538.5240      0.5    175.6440    362.8800  0.0000  sram_bank_sp_SRAM_BANK_DATA_WIDTH32_SRAM_BANK_ADDR_WIDTH2_SRAM_BANK_DEPTH4_6
OUTPUT_BUFFER_SRAM/SP_SRAM_BANKS_2__sram_bank_sp_inst
                                    538.3980      0.5    175.5180    362.8800  0.0000  sram_bank_sp_SRAM_BANK_DATA_WIDTH32_SRAM_BANK_ADDR_WIDTH2_SRAM_BANK_DEPTH4_5
OUTPUT_BUFFER_SRAM/SP_SRAM_BANKS_3__sram_bank_sp_inst
                                    538.3980      0.5    175.5180    362.8800  0.0000  sram_bank_sp_SRAM_BANK_DATA_WIDTH32_SRAM_BANK_ADDR_WIDTH2_SRAM_BANK_DEPTH4_4
OUTPUT_BUFFER_SRAM/SP_SRAM_BANKS_4__sram_bank_sp_inst
                                    538.3980      0.5    175.5180    362.8800  0.0000  sram_bank_sp_SRAM_BANK_DATA_WIDTH32_SRAM_BANK_ADDR_WIDTH2_SRAM_BANK_DEPTH4_3
OUTPUT_BUFFER_SRAM/SP_SRAM_BANKS_5__sram_bank_sp_inst
                                    538.5240      0.5    175.6440    362.8800  0.0000  sram_bank_sp_SRAM_BANK_DATA_WIDTH32_SRAM_BANK_ADDR_WIDTH2_SRAM_BANK_DEPTH4_2
OUTPUT_BUFFER_SRAM/SP_SRAM_BANKS_6__sram_bank_sp_inst
                                    538.3980      0.5    175.5180    362.8800  0.0000  sram_bank_sp_SRAM_BANK_DATA_WIDTH32_SRAM_BANK_ADDR_WIDTH2_SRAM_BANK_DEPTH4_1
OUTPUT_BUFFER_SRAM/SP_SRAM_BANKS_7__sram_bank_sp_inst
                                    538.3980      0.5    175.5180    362.8800  0.0000  sram_bank_sp_SRAM_BANK_DATA_WIDTH32_SRAM_BANK_ADDR_WIDTH2_SRAM_BANK_DEPTH4_0
WEIGHTS_PING_BUFFER                1075.2840      1.1      1.7640      0.0000  0.0000  sram_sp_2d_array_SRAM_BANK_DATA_WIDTH64_SRAM_BANK_ADDR_WIDTH2_SRAM_BANK_DEPTH4_NUM_BANK1_1
WEIGHTS_PING_BUFFER/SP_SRAM_BANKS_0__sram_bank_sp_inst
                                   1073.5200      1.1    347.7600    725.7600  0.0000  sram_bank_sp_SRAM_BANK_DATA_WIDTH64_SRAM_BANK_ADDR_WIDTH2_SRAM_BANK_DEPTH4_1
WEIGHTS_PONG_BUFFER                1072.3860      1.1      2.0160      0.0000  0.0000  sram_sp_2d_array_SRAM_BANK_DATA_WIDTH64_SRAM_BANK_ADDR_WIDTH2_SRAM_BANK_DEPTH4_NUM_BANK1_0
WEIGHTS_PONG_BUFFER/SP_SRAM_BANKS_0__sram_bank_sp_inst
                                   1070.3700      1.1    344.6100    725.7600  0.0000  sram_bank_sp_SRAM_BANK_DATA_WIDTH64_SRAM_BANK_ADDR_WIDTH2_SRAM_BANK_DEPTH4_0
--------------------------------  ----------  -------  ----------  ----------  ------  ---------------------------------------------------------------------------------------------------------------------------------------------------------------------------------------------------------------------------------------------------------------------------------------------------------------------------------------------------------------------------------------------------------------------------------------------------------------------------------------------------------------------------------
Total                                                  44584.2178  53392.2454  0.0000

1
