 
****************************************
Report : area
Design : lambda_top
Version: U-2022.12-SP5
Date   : Thu Nov  9 17:12:41 2023
****************************************

Library(s) Used:

    tcbn28hpcplusbwp30p140tt0p8v25c (File: /usr/scratch/TSMC_LIB/tcbn28hpcplusbwp30p140_190a/tcbn28hpcplusbwp30p140_190a/TSMCHOME/digital/Front_End/timing_power_noise/NLDM/tcbn28hpcplusbwp30p140_180a/tcbn28hpcplusbwp30p140tt0p8v25c.db)

Number of ports:                        17734
Number of nets:                        106094
Number of cells:                        83464
Number of combinational cells:          59796
Number of sequential cells:             23541
Number of macros/black boxes:               0
Number of buf/inv:                      10341
Number of references:                      81

Combinational area:              42259.265540
Buf/Inv area:                     2628.360040
Noncombinational area:           53390.985351
Macro/Black Box area:                0.000000
Net Interconnect area:      undefined  (Wire load has zero net area)

Total cell area:                 95650.250891
Total area:                 undefined

Area of detected synthetic parts
--------------------------------
  No DW parts to report!

Estimated area of ungrouped synthetic parts
-------------------------------------------
                                        Estimated  Perc. of
  Module               Implem.  Count        Area cell area
  -------------------- -------  ----- ----------- ---------
  DP_OP_260J1_122_7125     str      1     82.2154      0.1%
  DP_OP_261J1_123_7125     str      1     82.2154      0.1%
  DP_OP_262J1_124_7125     str      1     82.2154      0.1%
  DP_OP_263J1_125_7125     str      1     82.2154      0.1%
  DP_OP_264J1_126_7125     str      1     82.2154      0.1%
  DP_OP_265J1_127_7125     str      1     82.2154      0.1%
  DP_OP_266J1_128_7125     str      1     82.2154      0.1%
  DP_OP_267J1_129_7125     str      1     82.2154      0.1%
  DW01_add             apparch     92   5245.4447      5.5%
  DW01_inc             apparch    131     78.7221      0.1%
  DW01_sub             apparch    128   2313.9194      2.4%
  DW_cmp               apparch    133    136.8360      0.1%
  DW_mult_uns          apparch     72  10995.0749     11.5%
  -------------------- -------  ----- ----------- ---------
  DP_OP Subtotal:                   8    657.7233      0.7%
  Total:                          564  19427.7204     20.3%

Subtotal of datapath(DP_OP) cell area:  657.7233  0.7%  (estimated)
Total synthetic cell area:              19427.7204  20.3%  (estimated)

1
