Information: Propagating switching activity (low effort zero delay simulation). (PWR-6)
Warning: Design has unannotated primary inputs. (PWR-414)
Warning: Design has unannotated sequential cell outputs. (PWR-415)
 
****************************************
Report : power
        -hier
        -analysis_effort low
Design : lambda_top
Version: U-2022.12-SP5
Date   : Tue Nov 21 17:55:13 2023
****************************************


Library(s) Used:

    tcbn28hpcplusbwp30p140tt0p8v25c (File: /usr/scratch/TSMC_LIB/tcbn28hpcplusbwp30p140_190a/tcbn28hpcplusbwp30p140_190a/TSMCHOME/digital/Front_End/timing_power_noise/NLDM/tcbn28hpcplusbwp30p140_180a/tcbn28hpcplusbwp30p140tt0p8v25c.db)


Operating Conditions: tt0p8v25c   Library: tcbn28hpcplusbwp30p140tt0p8v25c
Wire Load Model Mode: segmented

Design        Wire Load Model            Library
------------------------------------------------
lambda_top             ZeroWireload      tcbn28hpcplusbwp30p140tt0p8v25c
sram_sp_2d_array_SRAM_BANK_DATA_WIDTH64_SRAM_BANK_ADDR_WIDTH2_SRAM_BANK_DEPTH4_NUM_BANK1_1
                       ZeroWireload      tcbn28hpcplusbwp30p140tt0p8v25c
sram_sp_2d_array_SRAM_BANK_DATA_WIDTH8_SRAM_BANK_ADDR_WIDTH2_SRAM_BANK_DEPTH4_NUM_BANK8_1
                       ZeroWireload      tcbn28hpcplusbwp30p140tt0p8v25c
sram_sp_2d_array_SRAM_BANK_DATA_WIDTH8_SRAM_BANK_ADDR_WIDTH2_SRAM_BANK_DEPTH4_NUM_BANK8_0
                       ZeroWireload      tcbn28hpcplusbwp30p140tt0p8v25c
sram_sp_2d_array_SRAM_BANK_DATA_WIDTH40_SRAM_BANK_ADDR_WIDTH2_SRAM_BANK_DEPTH4_NUM_BANK1
                       ZeroWireload      tcbn28hpcplusbwp30p140tt0p8v25c
sram_sp_2d_array_SRAM_BANK_DATA_WIDTH32_SRAM_BANK_ADDR_WIDTH2_SRAM_BANK_DEPTH4_NUM_BANK8
                       ZeroWireload      tcbn28hpcplusbwp30p140tt0p8v25c
lambda_controller_WEIGHTS_DATA_WIDTH64_WEIGHTS_NUM_BANKS1_WEIGHTS_SRAM_DATA_WIDTH64_WEIGHTS_SRAM_BANK_ADDR_WIDTH2_WEIGHTS_SRAM_ADDR_WIDTH2_IACTS_DATA_WIDTH8_IACTS_NUM_BANKS8_IACTS_SRAM_DATA_WIDTH64_IACTS_SRAM_BANK_ADDR_WIDTH2_IACTS_SRAM_ADDR_WIDTH16_SCALE_VALUE_WIDTH32_PE_OUTPUT_WIDTH32_DPE_COL_NUM8_DPE_ROW_NUM8_LOG2_DPE_COL_NUM3_LOG2_DPE_ROW_NUM3_OACTS_DATA_WIDTH8_OUTBUF_DATA_WIDTH32_OUTBUF_NUM_BANKS8_OUTBUF_SRAM_DATA_WIDTH256_OUTBUF_SRAM_BANK_ADDR_WIDTH2_OUTBUF_SRAM_ADDR_WIDTH16_INSTR_SRAM_BANK_ADDR_WIDTH2
                       ZeroWireload      tcbn28hpcplusbwp30p140tt0p8v25c
lambda_pe_THIS_PE_ID0_IACTS_DATA_WIDTH8_WEIGHTS_DATA_WIDTH8_WEIGHTS_DEPTH8_LOG2_WEIGHTS_DEPTH3_PE_SEL_WIDTH6_PE_OUTPUT_WIDTH32
                       ZeroWireload      tcbn28hpcplusbwp30p140tt0p8v25c
lambda_pe_THIS_PE_ID1_IACTS_DATA_WIDTH8_WEIGHTS_DATA_WIDTH8_WEIGHTS_DEPTH8_LOG2_WEIGHTS_DEPTH3_PE_SEL_WIDTH6_PE_OUTPUT_WIDTH32
                       ZeroWireload      tcbn28hpcplusbwp30p140tt0p8v25c
lambda_pe_THIS_PE_ID2_IACTS_DATA_WIDTH8_WEIGHTS_DATA_WIDTH8_WEIGHTS_DEPTH8_LOG2_WEIGHTS_DEPTH3_PE_SEL_WIDTH6_PE_OUTPUT_WIDTH32
                       ZeroWireload      tcbn28hpcplusbwp30p140tt0p8v25c
lambda_pe_THIS_PE_ID3_IACTS_DATA_WIDTH8_WEIGHTS_DATA_WIDTH8_WEIGHTS_DEPTH8_LOG2_WEIGHTS_DEPTH3_PE_SEL_WIDTH6_PE_OUTPUT_WIDTH32
                       ZeroWireload      tcbn28hpcplusbwp30p140tt0p8v25c
lambda_pe_THIS_PE_ID4_IACTS_DATA_WIDTH8_WEIGHTS_DATA_WIDTH8_WEIGHTS_DEPTH8_LOG2_WEIGHTS_DEPTH3_PE_SEL_WIDTH6_PE_OUTPUT_WIDTH32
                       ZeroWireload      tcbn28hpcplusbwp30p140tt0p8v25c
lambda_pe_THIS_PE_ID5_IACTS_DATA_WIDTH8_WEIGHTS_DATA_WIDTH8_WEIGHTS_DEPTH8_LOG2_WEIGHTS_DEPTH3_PE_SEL_WIDTH6_PE_OUTPUT_WIDTH32
                       ZeroWireload      tcbn28hpcplusbwp30p140tt0p8v25c
lambda_pe_THIS_PE_ID6_IACTS_DATA_WIDTH8_WEIGHTS_DATA_WIDTH8_WEIGHTS_DEPTH8_LOG2_WEIGHTS_DEPTH3_PE_SEL_WIDTH6_PE_OUTPUT_WIDTH32
                       ZeroWireload      tcbn28hpcplusbwp30p140tt0p8v25c
lambda_pe_THIS_PE_ID7_IACTS_DATA_WIDTH8_WEIGHTS_DATA_WIDTH8_WEIGHTS_DEPTH8_LOG2_WEIGHTS_DEPTH3_PE_SEL_WIDTH6_PE_OUTPUT_WIDTH32
                       ZeroWireload      tcbn28hpcplusbwp30p140tt0p8v25c
o_bus_autopick_seq_NUM_INPUT_DATA8_DATA_WIDTH32_7
                       ZeroWireload      tcbn28hpcplusbwp30p140tt0p8v25c
lambda_pe_THIS_PE_ID8_IACTS_DATA_WIDTH8_WEIGHTS_DATA_WIDTH8_WEIGHTS_DEPTH8_LOG2_WEIGHTS_DEPTH3_PE_SEL_WIDTH6_PE_OUTPUT_WIDTH32
                       ZeroWireload      tcbn28hpcplusbwp30p140tt0p8v25c
lambda_pe_THIS_PE_ID9_IACTS_DATA_WIDTH8_WEIGHTS_DATA_WIDTH8_WEIGHTS_DEPTH8_LOG2_WEIGHTS_DEPTH3_PE_SEL_WIDTH6_PE_OUTPUT_WIDTH32
                       ZeroWireload      tcbn28hpcplusbwp30p140tt0p8v25c
lambda_pe_THIS_PE_ID10_IACTS_DATA_WIDTH8_WEIGHTS_DATA_WIDTH8_WEIGHTS_DEPTH8_LOG2_WEIGHTS_DEPTH3_PE_SEL_WIDTH6_PE_OUTPUT_WIDTH32
                       ZeroWireload      tcbn28hpcplusbwp30p140tt0p8v25c
lambda_pe_THIS_PE_ID11_IACTS_DATA_WIDTH8_WEIGHTS_DATA_WIDTH8_WEIGHTS_DEPTH8_LOG2_WEIGHTS_DEPTH3_PE_SEL_WIDTH6_PE_OUTPUT_WIDTH32
                       ZeroWireload      tcbn28hpcplusbwp30p140tt0p8v25c
lambda_pe_THIS_PE_ID12_IACTS_DATA_WIDTH8_WEIGHTS_DATA_WIDTH8_WEIGHTS_DEPTH8_LOG2_WEIGHTS_DEPTH3_PE_SEL_WIDTH6_PE_OUTPUT_WIDTH32
                       ZeroWireload      tcbn28hpcplusbwp30p140tt0p8v25c
lambda_pe_THIS_PE_ID13_IACTS_DATA_WIDTH8_WEIGHTS_DATA_WIDTH8_WEIGHTS_DEPTH8_LOG2_WEIGHTS_DEPTH3_PE_SEL_WIDTH6_PE_OUTPUT_WIDTH32
                       ZeroWireload      tcbn28hpcplusbwp30p140tt0p8v25c
lambda_pe_THIS_PE_ID14_IACTS_DATA_WIDTH8_WEIGHTS_DATA_WIDTH8_WEIGHTS_DEPTH8_LOG2_WEIGHTS_DEPTH3_PE_SEL_WIDTH6_PE_OUTPUT_WIDTH32
                       ZeroWireload      tcbn28hpcplusbwp30p140tt0p8v25c
lambda_pe_THIS_PE_ID15_IACTS_DATA_WIDTH8_WEIGHTS_DATA_WIDTH8_WEIGHTS_DEPTH8_LOG2_WEIGHTS_DEPTH3_PE_SEL_WIDTH6_PE_OUTPUT_WIDTH32
                       ZeroWireload      tcbn28hpcplusbwp30p140tt0p8v25c
lambda_pe_THIS_PE_ID16_IACTS_DATA_WIDTH8_WEIGHTS_DATA_WIDTH8_WEIGHTS_DEPTH8_LOG2_WEIGHTS_DEPTH3_PE_SEL_WIDTH6_PE_OUTPUT_WIDTH32
                       ZeroWireload      tcbn28hpcplusbwp30p140tt0p8v25c
lambda_pe_THIS_PE_ID17_IACTS_DATA_WIDTH8_WEIGHTS_DATA_WIDTH8_WEIGHTS_DEPTH8_LOG2_WEIGHTS_DEPTH3_PE_SEL_WIDTH6_PE_OUTPUT_WIDTH32
                       ZeroWireload      tcbn28hpcplusbwp30p140tt0p8v25c
lambda_pe_THIS_PE_ID18_IACTS_DATA_WIDTH8_WEIGHTS_DATA_WIDTH8_WEIGHTS_DEPTH8_LOG2_WEIGHTS_DEPTH3_PE_SEL_WIDTH6_PE_OUTPUT_WIDTH32
                       ZeroWireload      tcbn28hpcplusbwp30p140tt0p8v25c
lambda_pe_THIS_PE_ID19_IACTS_DATA_WIDTH8_WEIGHTS_DATA_WIDTH8_WEIGHTS_DEPTH8_LOG2_WEIGHTS_DEPTH3_PE_SEL_WIDTH6_PE_OUTPUT_WIDTH32
                       ZeroWireload      tcbn28hpcplusbwp30p140tt0p8v25c
lambda_pe_THIS_PE_ID20_IACTS_DATA_WIDTH8_WEIGHTS_DATA_WIDTH8_WEIGHTS_DEPTH8_LOG2_WEIGHTS_DEPTH3_PE_SEL_WIDTH6_PE_OUTPUT_WIDTH32
                       ZeroWireload      tcbn28hpcplusbwp30p140tt0p8v25c
lambda_pe_THIS_PE_ID21_IACTS_DATA_WIDTH8_WEIGHTS_DATA_WIDTH8_WEIGHTS_DEPTH8_LOG2_WEIGHTS_DEPTH3_PE_SEL_WIDTH6_PE_OUTPUT_WIDTH32
                       ZeroWireload      tcbn28hpcplusbwp30p140tt0p8v25c
lambda_pe_THIS_PE_ID22_IACTS_DATA_WIDTH8_WEIGHTS_DATA_WIDTH8_WEIGHTS_DEPTH8_LOG2_WEIGHTS_DEPTH3_PE_SEL_WIDTH6_PE_OUTPUT_WIDTH32
                       ZeroWireload      tcbn28hpcplusbwp30p140tt0p8v25c
lambda_pe_THIS_PE_ID23_IACTS_DATA_WIDTH8_WEIGHTS_DATA_WIDTH8_WEIGHTS_DEPTH8_LOG2_WEIGHTS_DEPTH3_PE_SEL_WIDTH6_PE_OUTPUT_WIDTH32
                       ZeroWireload      tcbn28hpcplusbwp30p140tt0p8v25c
lambda_pe_THIS_PE_ID24_IACTS_DATA_WIDTH8_WEIGHTS_DATA_WIDTH8_WEIGHTS_DEPTH8_LOG2_WEIGHTS_DEPTH3_PE_SEL_WIDTH6_PE_OUTPUT_WIDTH32
                       ZeroWireload      tcbn28hpcplusbwp30p140tt0p8v25c
lambda_pe_THIS_PE_ID25_IACTS_DATA_WIDTH8_WEIGHTS_DATA_WIDTH8_WEIGHTS_DEPTH8_LOG2_WEIGHTS_DEPTH3_PE_SEL_WIDTH6_PE_OUTPUT_WIDTH32
                       ZeroWireload      tcbn28hpcplusbwp30p140tt0p8v25c
lambda_pe_THIS_PE_ID26_IACTS_DATA_WIDTH8_WEIGHTS_DATA_WIDTH8_WEIGHTS_DEPTH8_LOG2_WEIGHTS_DEPTH3_PE_SEL_WIDTH6_PE_OUTPUT_WIDTH32
                       ZeroWireload      tcbn28hpcplusbwp30p140tt0p8v25c
lambda_pe_THIS_PE_ID27_IACTS_DATA_WIDTH8_WEIGHTS_DATA_WIDTH8_WEIGHTS_DEPTH8_LOG2_WEIGHTS_DEPTH3_PE_SEL_WIDTH6_PE_OUTPUT_WIDTH32
                       ZeroWireload      tcbn28hpcplusbwp30p140tt0p8v25c
lambda_pe_THIS_PE_ID28_IACTS_DATA_WIDTH8_WEIGHTS_DATA_WIDTH8_WEIGHTS_DEPTH8_LOG2_WEIGHTS_DEPTH3_PE_SEL_WIDTH6_PE_OUTPUT_WIDTH32
                       ZeroWireload      tcbn28hpcplusbwp30p140tt0p8v25c
lambda_pe_THIS_PE_ID29_IACTS_DATA_WIDTH8_WEIGHTS_DATA_WIDTH8_WEIGHTS_DEPTH8_LOG2_WEIGHTS_DEPTH3_PE_SEL_WIDTH6_PE_OUTPUT_WIDTH32
                       ZeroWireload      tcbn28hpcplusbwp30p140tt0p8v25c
lambda_pe_THIS_PE_ID30_IACTS_DATA_WIDTH8_WEIGHTS_DATA_WIDTH8_WEIGHTS_DEPTH8_LOG2_WEIGHTS_DEPTH3_PE_SEL_WIDTH6_PE_OUTPUT_WIDTH32
                       ZeroWireload      tcbn28hpcplusbwp30p140tt0p8v25c
lambda_pe_THIS_PE_ID31_IACTS_DATA_WIDTH8_WEIGHTS_DATA_WIDTH8_WEIGHTS_DEPTH8_LOG2_WEIGHTS_DEPTH3_PE_SEL_WIDTH6_PE_OUTPUT_WIDTH32
                       ZeroWireload      tcbn28hpcplusbwp30p140tt0p8v25c
lambda_pe_THIS_PE_ID32_IACTS_DATA_WIDTH8_WEIGHTS_DATA_WIDTH8_WEIGHTS_DEPTH8_LOG2_WEIGHTS_DEPTH3_PE_SEL_WIDTH6_PE_OUTPUT_WIDTH32
                       ZeroWireload      tcbn28hpcplusbwp30p140tt0p8v25c
lambda_pe_THIS_PE_ID33_IACTS_DATA_WIDTH8_WEIGHTS_DATA_WIDTH8_WEIGHTS_DEPTH8_LOG2_WEIGHTS_DEPTH3_PE_SEL_WIDTH6_PE_OUTPUT_WIDTH32
                       ZeroWireload      tcbn28hpcplusbwp30p140tt0p8v25c
lambda_pe_THIS_PE_ID34_IACTS_DATA_WIDTH8_WEIGHTS_DATA_WIDTH8_WEIGHTS_DEPTH8_LOG2_WEIGHTS_DEPTH3_PE_SEL_WIDTH6_PE_OUTPUT_WIDTH32
                       ZeroWireload      tcbn28hpcplusbwp30p140tt0p8v25c
lambda_pe_THIS_PE_ID35_IACTS_DATA_WIDTH8_WEIGHTS_DATA_WIDTH8_WEIGHTS_DEPTH8_LOG2_WEIGHTS_DEPTH3_PE_SEL_WIDTH6_PE_OUTPUT_WIDTH32
                       ZeroWireload      tcbn28hpcplusbwp30p140tt0p8v25c
lambda_pe_THIS_PE_ID36_IACTS_DATA_WIDTH8_WEIGHTS_DATA_WIDTH8_WEIGHTS_DEPTH8_LOG2_WEIGHTS_DEPTH3_PE_SEL_WIDTH6_PE_OUTPUT_WIDTH32
                       ZeroWireload      tcbn28hpcplusbwp30p140tt0p8v25c
lambda_pe_THIS_PE_ID37_IACTS_DATA_WIDTH8_WEIGHTS_DATA_WIDTH8_WEIGHTS_DEPTH8_LOG2_WEIGHTS_DEPTH3_PE_SEL_WIDTH6_PE_OUTPUT_WIDTH32
                       ZeroWireload      tcbn28hpcplusbwp30p140tt0p8v25c
lambda_pe_THIS_PE_ID38_IACTS_DATA_WIDTH8_WEIGHTS_DATA_WIDTH8_WEIGHTS_DEPTH8_LOG2_WEIGHTS_DEPTH3_PE_SEL_WIDTH6_PE_OUTPUT_WIDTH32
                       ZeroWireload      tcbn28hpcplusbwp30p140tt0p8v25c
lambda_pe_THIS_PE_ID39_IACTS_DATA_WIDTH8_WEIGHTS_DATA_WIDTH8_WEIGHTS_DEPTH8_LOG2_WEIGHTS_DEPTH3_PE_SEL_WIDTH6_PE_OUTPUT_WIDTH32
                       ZeroWireload      tcbn28hpcplusbwp30p140tt0p8v25c
lambda_pe_THIS_PE_ID40_IACTS_DATA_WIDTH8_WEIGHTS_DATA_WIDTH8_WEIGHTS_DEPTH8_LOG2_WEIGHTS_DEPTH3_PE_SEL_WIDTH6_PE_OUTPUT_WIDTH32
                       ZeroWireload      tcbn28hpcplusbwp30p140tt0p8v25c
lambda_pe_THIS_PE_ID41_IACTS_DATA_WIDTH8_WEIGHTS_DATA_WIDTH8_WEIGHTS_DEPTH8_LOG2_WEIGHTS_DEPTH3_PE_SEL_WIDTH6_PE_OUTPUT_WIDTH32
                       ZeroWireload      tcbn28hpcplusbwp30p140tt0p8v25c
lambda_pe_THIS_PE_ID42_IACTS_DATA_WIDTH8_WEIGHTS_DATA_WIDTH8_WEIGHTS_DEPTH8_LOG2_WEIGHTS_DEPTH3_PE_SEL_WIDTH6_PE_OUTPUT_WIDTH32
                       ZeroWireload      tcbn28hpcplusbwp30p140tt0p8v25c
lambda_pe_THIS_PE_ID43_IACTS_DATA_WIDTH8_WEIGHTS_DATA_WIDTH8_WEIGHTS_DEPTH8_LOG2_WEIGHTS_DEPTH3_PE_SEL_WIDTH6_PE_OUTPUT_WIDTH32
                       ZeroWireload      tcbn28hpcplusbwp30p140tt0p8v25c
lambda_pe_THIS_PE_ID44_IACTS_DATA_WIDTH8_WEIGHTS_DATA_WIDTH8_WEIGHTS_DEPTH8_LOG2_WEIGHTS_DEPTH3_PE_SEL_WIDTH6_PE_OUTPUT_WIDTH32
                       ZeroWireload      tcbn28hpcplusbwp30p140tt0p8v25c
lambda_pe_THIS_PE_ID45_IACTS_DATA_WIDTH8_WEIGHTS_DATA_WIDTH8_WEIGHTS_DEPTH8_LOG2_WEIGHTS_DEPTH3_PE_SEL_WIDTH6_PE_OUTPUT_WIDTH32
                       ZeroWireload      tcbn28hpcplusbwp30p140tt0p8v25c
lambda_pe_THIS_PE_ID46_IACTS_DATA_WIDTH8_WEIGHTS_DATA_WIDTH8_WEIGHTS_DEPTH8_LOG2_WEIGHTS_DEPTH3_PE_SEL_WIDTH6_PE_OUTPUT_WIDTH32
                       ZeroWireload      tcbn28hpcplusbwp30p140tt0p8v25c
lambda_pe_THIS_PE_ID47_IACTS_DATA_WIDTH8_WEIGHTS_DATA_WIDTH8_WEIGHTS_DEPTH8_LOG2_WEIGHTS_DEPTH3_PE_SEL_WIDTH6_PE_OUTPUT_WIDTH32
                       ZeroWireload      tcbn28hpcplusbwp30p140tt0p8v25c
lambda_pe_THIS_PE_ID48_IACTS_DATA_WIDTH8_WEIGHTS_DATA_WIDTH8_WEIGHTS_DEPTH8_LOG2_WEIGHTS_DEPTH3_PE_SEL_WIDTH6_PE_OUTPUT_WIDTH32
                       ZeroWireload      tcbn28hpcplusbwp30p140tt0p8v25c
lambda_pe_THIS_PE_ID49_IACTS_DATA_WIDTH8_WEIGHTS_DATA_WIDTH8_WEIGHTS_DEPTH8_LOG2_WEIGHTS_DEPTH3_PE_SEL_WIDTH6_PE_OUTPUT_WIDTH32
                       ZeroWireload      tcbn28hpcplusbwp30p140tt0p8v25c
lambda_pe_THIS_PE_ID50_IACTS_DATA_WIDTH8_WEIGHTS_DATA_WIDTH8_WEIGHTS_DEPTH8_LOG2_WEIGHTS_DEPTH3_PE_SEL_WIDTH6_PE_OUTPUT_WIDTH32
                       ZeroWireload      tcbn28hpcplusbwp30p140tt0p8v25c
lambda_pe_THIS_PE_ID51_IACTS_DATA_WIDTH8_WEIGHTS_DATA_WIDTH8_WEIGHTS_DEPTH8_LOG2_WEIGHTS_DEPTH3_PE_SEL_WIDTH6_PE_OUTPUT_WIDTH32
                       ZeroWireload      tcbn28hpcplusbwp30p140tt0p8v25c
lambda_pe_THIS_PE_ID52_IACTS_DATA_WIDTH8_WEIGHTS_DATA_WIDTH8_WEIGHTS_DEPTH8_LOG2_WEIGHTS_DEPTH3_PE_SEL_WIDTH6_PE_OUTPUT_WIDTH32
                       ZeroWireload      tcbn28hpcplusbwp30p140tt0p8v25c
lambda_pe_THIS_PE_ID53_IACTS_DATA_WIDTH8_WEIGHTS_DATA_WIDTH8_WEIGHTS_DEPTH8_LOG2_WEIGHTS_DEPTH3_PE_SEL_WIDTH6_PE_OUTPUT_WIDTH32
                       ZeroWireload      tcbn28hpcplusbwp30p140tt0p8v25c
lambda_pe_THIS_PE_ID54_IACTS_DATA_WIDTH8_WEIGHTS_DATA_WIDTH8_WEIGHTS_DEPTH8_LOG2_WEIGHTS_DEPTH3_PE_SEL_WIDTH6_PE_OUTPUT_WIDTH32
                       ZeroWireload      tcbn28hpcplusbwp30p140tt0p8v25c
lambda_pe_THIS_PE_ID55_IACTS_DATA_WIDTH8_WEIGHTS_DATA_WIDTH8_WEIGHTS_DEPTH8_LOG2_WEIGHTS_DEPTH3_PE_SEL_WIDTH6_PE_OUTPUT_WIDTH32
                       ZeroWireload      tcbn28hpcplusbwp30p140tt0p8v25c
lambda_pe_THIS_PE_ID56_IACTS_DATA_WIDTH8_WEIGHTS_DATA_WIDTH8_WEIGHTS_DEPTH8_LOG2_WEIGHTS_DEPTH3_PE_SEL_WIDTH6_PE_OUTPUT_WIDTH32
                       ZeroWireload      tcbn28hpcplusbwp30p140tt0p8v25c
lambda_pe_THIS_PE_ID57_IACTS_DATA_WIDTH8_WEIGHTS_DATA_WIDTH8_WEIGHTS_DEPTH8_LOG2_WEIGHTS_DEPTH3_PE_SEL_WIDTH6_PE_OUTPUT_WIDTH32
                       ZeroWireload      tcbn28hpcplusbwp30p140tt0p8v25c
lambda_pe_THIS_PE_ID58_IACTS_DATA_WIDTH8_WEIGHTS_DATA_WIDTH8_WEIGHTS_DEPTH8_LOG2_WEIGHTS_DEPTH3_PE_SEL_WIDTH6_PE_OUTPUT_WIDTH32
                       ZeroWireload      tcbn28hpcplusbwp30p140tt0p8v25c
lambda_pe_THIS_PE_ID59_IACTS_DATA_WIDTH8_WEIGHTS_DATA_WIDTH8_WEIGHTS_DEPTH8_LOG2_WEIGHTS_DEPTH3_PE_SEL_WIDTH6_PE_OUTPUT_WIDTH32
                       ZeroWireload      tcbn28hpcplusbwp30p140tt0p8v25c
lambda_pe_THIS_PE_ID60_IACTS_DATA_WIDTH8_WEIGHTS_DATA_WIDTH8_WEIGHTS_DEPTH8_LOG2_WEIGHTS_DEPTH3_PE_SEL_WIDTH6_PE_OUTPUT_WIDTH32
                       ZeroWireload      tcbn28hpcplusbwp30p140tt0p8v25c
lambda_pe_THIS_PE_ID61_IACTS_DATA_WIDTH8_WEIGHTS_DATA_WIDTH8_WEIGHTS_DEPTH8_LOG2_WEIGHTS_DEPTH3_PE_SEL_WIDTH6_PE_OUTPUT_WIDTH32
                       ZeroWireload      tcbn28hpcplusbwp30p140tt0p8v25c
lambda_pe_THIS_PE_ID62_IACTS_DATA_WIDTH8_WEIGHTS_DATA_WIDTH8_WEIGHTS_DEPTH8_LOG2_WEIGHTS_DEPTH3_PE_SEL_WIDTH6_PE_OUTPUT_WIDTH32
                       ZeroWireload      tcbn28hpcplusbwp30p140tt0p8v25c
lambda_pe_THIS_PE_ID63_IACTS_DATA_WIDTH8_WEIGHTS_DATA_WIDTH8_WEIGHTS_DEPTH8_LOG2_WEIGHTS_DEPTH3_PE_SEL_WIDTH6_PE_OUTPUT_WIDTH32
                       ZeroWireload      tcbn28hpcplusbwp30p140tt0p8v25c
afft_simple_cmd_flow_seq_DATA_WIDTH32_COMMAND_WIDTH2_NUM_INPUT_DATA8_IN_COMMAND_WIDTH10
                       ZeroWireload      tcbn28hpcplusbwp30p140tt0p8v25c
sram_bank_sp_SRAM_BANK_DATA_WIDTH64_SRAM_BANK_ADDR_WIDTH2_SRAM_BANK_DEPTH4_1
                       ZeroWireload      tcbn28hpcplusbwp30p140tt0p8v25c
sram_bank_sp_SRAM_BANK_DATA_WIDTH8_SRAM_BANK_ADDR_WIDTH2_SRAM_BANK_DEPTH4_15
                       ZeroWireload      tcbn28hpcplusbwp30p140tt0p8v25c
sram_bank_sp_SRAM_BANK_DATA_WIDTH40_SRAM_BANK_ADDR_WIDTH2_SRAM_BANK_DEPTH4
                       ZeroWireload      tcbn28hpcplusbwp30p140tt0p8v25c
sram_bank_sp_SRAM_BANK_DATA_WIDTH32_SRAM_BANK_ADDR_WIDTH2_SRAM_BANK_DEPTH4_7
                       ZeroWireload      tcbn28hpcplusbwp30p140tt0p8v25c
afft_2x2_simple_cmd_flow_seq_DATA_WIDTH32_COMMAND_WIDTH2_IN_COMMAND_WIDTH10_3
                       ZeroWireload      tcbn28hpcplusbwp30p140tt0p8v25c
afft_2x2_simple_cmd_flow_seq_DATA_WIDTH32_COMMAND_WIDTH2_IN_COMMAND_WIDTH8_3
                       ZeroWireload      tcbn28hpcplusbwp30p140tt0p8v25c
afft_2x2_simple_cmd_flow_seq_DATA_WIDTH32_COMMAND_WIDTH2_IN_COMMAND_WIDTH6_3
                       ZeroWireload      tcbn28hpcplusbwp30p140tt0p8v25c
afft_2x2_simple_cmd_flow_seq_DATA_WIDTH32_COMMAND_WIDTH2_IN_COMMAND_WIDTH4_3
                       ZeroWireload      tcbn28hpcplusbwp30p140tt0p8v25c
afft_2x2_simple_last_cmd_flow_seq_32_2_00000002_3
                       ZeroWireload      tcbn28hpcplusbwp30p140tt0p8v25c
sram_sp_2d_array_SRAM_BANK_DATA_WIDTH64_SRAM_BANK_ADDR_WIDTH2_SRAM_BANK_DEPTH4_NUM_BANK1_0
                       ZeroWireload      tcbn28hpcplusbwp30p140tt0p8v25c
sram_bank_sp_SRAM_BANK_DATA_WIDTH64_SRAM_BANK_ADDR_WIDTH2_SRAM_BANK_DEPTH4_0
                       ZeroWireload      tcbn28hpcplusbwp30p140tt0p8v25c
sram_bank_sp_SRAM_BANK_DATA_WIDTH32_SRAM_BANK_ADDR_WIDTH2_SRAM_BANK_DEPTH4_0
                       ZeroWireload      tcbn28hpcplusbwp30p140tt0p8v25c
sram_bank_sp_SRAM_BANK_DATA_WIDTH32_SRAM_BANK_ADDR_WIDTH2_SRAM_BANK_DEPTH4_1
                       ZeroWireload      tcbn28hpcplusbwp30p140tt0p8v25c
sram_bank_sp_SRAM_BANK_DATA_WIDTH32_SRAM_BANK_ADDR_WIDTH2_SRAM_BANK_DEPTH4_2
                       ZeroWireload      tcbn28hpcplusbwp30p140tt0p8v25c
sram_bank_sp_SRAM_BANK_DATA_WIDTH32_SRAM_BANK_ADDR_WIDTH2_SRAM_BANK_DEPTH4_3
                       ZeroWireload      tcbn28hpcplusbwp30p140tt0p8v25c
sram_bank_sp_SRAM_BANK_DATA_WIDTH32_SRAM_BANK_ADDR_WIDTH2_SRAM_BANK_DEPTH4_4
                       ZeroWireload      tcbn28hpcplusbwp30p140tt0p8v25c
sram_bank_sp_SRAM_BANK_DATA_WIDTH32_SRAM_BANK_ADDR_WIDTH2_SRAM_BANK_DEPTH4_5
                       ZeroWireload      tcbn28hpcplusbwp30p140tt0p8v25c
sram_bank_sp_SRAM_BANK_DATA_WIDTH32_SRAM_BANK_ADDR_WIDTH2_SRAM_BANK_DEPTH4_6
                       ZeroWireload      tcbn28hpcplusbwp30p140tt0p8v25c
afft_2x2_simple_cmd_flow_seq_DATA_WIDTH32_COMMAND_WIDTH2_IN_COMMAND_WIDTH10_0
                       ZeroWireload      tcbn28hpcplusbwp30p140tt0p8v25c
afft_2x2_simple_cmd_flow_seq_DATA_WIDTH32_COMMAND_WIDTH2_IN_COMMAND_WIDTH10_1
                       ZeroWireload      tcbn28hpcplusbwp30p140tt0p8v25c
afft_2x2_simple_cmd_flow_seq_DATA_WIDTH32_COMMAND_WIDTH2_IN_COMMAND_WIDTH10_2
                       ZeroWireload      tcbn28hpcplusbwp30p140tt0p8v25c
afft_2x2_simple_cmd_flow_seq_DATA_WIDTH32_COMMAND_WIDTH2_IN_COMMAND_WIDTH8_0
                       ZeroWireload      tcbn28hpcplusbwp30p140tt0p8v25c
afft_2x2_simple_cmd_flow_seq_DATA_WIDTH32_COMMAND_WIDTH2_IN_COMMAND_WIDTH8_1
                       ZeroWireload      tcbn28hpcplusbwp30p140tt0p8v25c
afft_2x2_simple_cmd_flow_seq_DATA_WIDTH32_COMMAND_WIDTH2_IN_COMMAND_WIDTH8_2
                       ZeroWireload      tcbn28hpcplusbwp30p140tt0p8v25c
afft_2x2_simple_cmd_flow_seq_DATA_WIDTH32_COMMAND_WIDTH2_IN_COMMAND_WIDTH6_0
                       ZeroWireload      tcbn28hpcplusbwp30p140tt0p8v25c
afft_2x2_simple_cmd_flow_seq_DATA_WIDTH32_COMMAND_WIDTH2_IN_COMMAND_WIDTH6_1
                       ZeroWireload      tcbn28hpcplusbwp30p140tt0p8v25c
afft_2x2_simple_cmd_flow_seq_DATA_WIDTH32_COMMAND_WIDTH2_IN_COMMAND_WIDTH6_2
                       ZeroWireload      tcbn28hpcplusbwp30p140tt0p8v25c
afft_2x2_simple_cmd_flow_seq_DATA_WIDTH32_COMMAND_WIDTH2_IN_COMMAND_WIDTH4_0
                       ZeroWireload      tcbn28hpcplusbwp30p140tt0p8v25c
afft_2x2_simple_cmd_flow_seq_DATA_WIDTH32_COMMAND_WIDTH2_IN_COMMAND_WIDTH4_1
                       ZeroWireload      tcbn28hpcplusbwp30p140tt0p8v25c
afft_2x2_simple_cmd_flow_seq_DATA_WIDTH32_COMMAND_WIDTH2_IN_COMMAND_WIDTH4_2
                       ZeroWireload      tcbn28hpcplusbwp30p140tt0p8v25c
afft_2x2_simple_last_cmd_flow_seq_32_2_00000002_0
                       ZeroWireload      tcbn28hpcplusbwp30p140tt0p8v25c
afft_2x2_simple_last_cmd_flow_seq_32_2_00000002_1
                       ZeroWireload      tcbn28hpcplusbwp30p140tt0p8v25c
afft_2x2_simple_last_cmd_flow_seq_32_2_00000002_2
                       ZeroWireload      tcbn28hpcplusbwp30p140tt0p8v25c
o_bus_autopick_seq_NUM_INPUT_DATA8_DATA_WIDTH32_0
                       ZeroWireload      tcbn28hpcplusbwp30p140tt0p8v25c
o_bus_autopick_seq_NUM_INPUT_DATA8_DATA_WIDTH32_1
                       ZeroWireload      tcbn28hpcplusbwp30p140tt0p8v25c
o_bus_autopick_seq_NUM_INPUT_DATA8_DATA_WIDTH32_2
                       ZeroWireload      tcbn28hpcplusbwp30p140tt0p8v25c
o_bus_autopick_seq_NUM_INPUT_DATA8_DATA_WIDTH32_3
                       ZeroWireload      tcbn28hpcplusbwp30p140tt0p8v25c
o_bus_autopick_seq_NUM_INPUT_DATA8_DATA_WIDTH32_4
                       ZeroWireload      tcbn28hpcplusbwp30p140tt0p8v25c
o_bus_autopick_seq_NUM_INPUT_DATA8_DATA_WIDTH32_5
                       ZeroWireload      tcbn28hpcplusbwp30p140tt0p8v25c
o_bus_autopick_seq_NUM_INPUT_DATA8_DATA_WIDTH32_6
                       ZeroWireload      tcbn28hpcplusbwp30p140tt0p8v25c
sram_bank_sp_SRAM_BANK_DATA_WIDTH8_SRAM_BANK_ADDR_WIDTH2_SRAM_BANK_DEPTH4_0
                       ZeroWireload      tcbn28hpcplusbwp30p140tt0p8v25c
sram_bank_sp_SRAM_BANK_DATA_WIDTH8_SRAM_BANK_ADDR_WIDTH2_SRAM_BANK_DEPTH4_1
                       ZeroWireload      tcbn28hpcplusbwp30p140tt0p8v25c
sram_bank_sp_SRAM_BANK_DATA_WIDTH8_SRAM_BANK_ADDR_WIDTH2_SRAM_BANK_DEPTH4_2
                       ZeroWireload      tcbn28hpcplusbwp30p140tt0p8v25c
sram_bank_sp_SRAM_BANK_DATA_WIDTH8_SRAM_BANK_ADDR_WIDTH2_SRAM_BANK_DEPTH4_3
                       ZeroWireload      tcbn28hpcplusbwp30p140tt0p8v25c
sram_bank_sp_SRAM_BANK_DATA_WIDTH8_SRAM_BANK_ADDR_WIDTH2_SRAM_BANK_DEPTH4_4
                       ZeroWireload      tcbn28hpcplusbwp30p140tt0p8v25c
sram_bank_sp_SRAM_BANK_DATA_WIDTH8_SRAM_BANK_ADDR_WIDTH2_SRAM_BANK_DEPTH4_5
                       ZeroWireload      tcbn28hpcplusbwp30p140tt0p8v25c
sram_bank_sp_SRAM_BANK_DATA_WIDTH8_SRAM_BANK_ADDR_WIDTH2_SRAM_BANK_DEPTH4_6
                       ZeroWireload      tcbn28hpcplusbwp30p140tt0p8v25c
sram_bank_sp_SRAM_BANK_DATA_WIDTH8_SRAM_BANK_ADDR_WIDTH2_SRAM_BANK_DEPTH4_7
                       ZeroWireload      tcbn28hpcplusbwp30p140tt0p8v25c
sram_bank_sp_SRAM_BANK_DATA_WIDTH8_SRAM_BANK_ADDR_WIDTH2_SRAM_BANK_DEPTH4_8
                       ZeroWireload      tcbn28hpcplusbwp30p140tt0p8v25c
sram_bank_sp_SRAM_BANK_DATA_WIDTH8_SRAM_BANK_ADDR_WIDTH2_SRAM_BANK_DEPTH4_9
                       ZeroWireload      tcbn28hpcplusbwp30p140tt0p8v25c
sram_bank_sp_SRAM_BANK_DATA_WIDTH8_SRAM_BANK_ADDR_WIDTH2_SRAM_BANK_DEPTH4_10
                       ZeroWireload      tcbn28hpcplusbwp30p140tt0p8v25c
sram_bank_sp_SRAM_BANK_DATA_WIDTH8_SRAM_BANK_ADDR_WIDTH2_SRAM_BANK_DEPTH4_11
                       ZeroWireload      tcbn28hpcplusbwp30p140tt0p8v25c
sram_bank_sp_SRAM_BANK_DATA_WIDTH8_SRAM_BANK_ADDR_WIDTH2_SRAM_BANK_DEPTH4_12
                       ZeroWireload      tcbn28hpcplusbwp30p140tt0p8v25c
sram_bank_sp_SRAM_BANK_DATA_WIDTH8_SRAM_BANK_ADDR_WIDTH2_SRAM_BANK_DEPTH4_13
                       ZeroWireload      tcbn28hpcplusbwp30p140tt0p8v25c
sram_bank_sp_SRAM_BANK_DATA_WIDTH8_SRAM_BANK_ADDR_WIDTH2_SRAM_BANK_DEPTH4_14
                       ZeroWireload      tcbn28hpcplusbwp30p140tt0p8v25c


Global Operating Voltage = 0.8  
Power-specific unit information :
    Voltage Units = 1V
    Capacitance Units = 1.000000pf
    Time Units = 1ns
    Dynamic Power Units = 1mW    (derived from V,C,T units)
    Leakage Power Units = 1nW


--------------------------------------------------------------------------------
                                       Switch   Int      Leak     Total
Hierarchy                              Power    Power    Power    Power    %
--------------------------------------------------------------------------------
lambda_top                                1.371   63.630 2.49e+05   65.250 100.0
  AFFT_INST (afft_simple_cmd_flow_seq_DATA_WIDTH32_COMMAND_WIDTH2_NUM_INPUT_DATA8_IN_COMMAND_WIDTH10)
                                       7.68e-02    3.669 1.79e+04    3.764   5.8
    last_stage_3__group_first_half_1__switch_first_half_1__last_stage (afft_2x2_simple_last_cmd_flow_seq_32_2_00000002_0)
                                       2.88e-03    0.172  890.921    0.176   0.3
    last_stage_3__group_first_half_1__switch_first_half_0__last_stage (afft_2x2_simple_last_cmd_flow_seq_32_2_00000002_1)
                                       3.37e-03    0.173  890.209    0.177   0.3
    last_stage_3__group_first_half_0__switch_first_half_1__last_stage (afft_2x2_simple_last_cmd_flow_seq_32_2_00000002_2)
                                       3.32e-03    0.173  891.224    0.177   0.3
    last_stage_3__group_first_half_0__switch_first_half_0__last_stage (afft_2x2_simple_last_cmd_flow_seq_32_2_00000002_3)
                                       1.07e-03    0.173  889.149    0.175   0.3
    second_half_2__group_first_half_0__switch_first_half_3__third_stage (afft_2x2_simple_cmd_flow_seq_DATA_WIDTH32_COMMAND_WIDTH2_IN_COMMAND_WIDTH4_0)
                                       3.60e-03    0.178  880.339    0.182   0.3
    second_half_2__group_first_half_0__switch_first_half_2__third_stage (afft_2x2_simple_cmd_flow_seq_DATA_WIDTH32_COMMAND_WIDTH2_IN_COMMAND_WIDTH4_1)
                                       1.45e-03    0.178  878.164    0.180   0.3
    second_half_2__group_first_half_0__switch_first_half_1__third_stage (afft_2x2_simple_cmd_flow_seq_DATA_WIDTH32_COMMAND_WIDTH2_IN_COMMAND_WIDTH4_2)
                                       3.65e-03    0.178  879.164    0.182   0.3
    second_half_2__group_first_half_0__switch_first_half_0__third_stage (afft_2x2_simple_cmd_flow_seq_DATA_WIDTH32_COMMAND_WIDTH2_IN_COMMAND_WIDTH4_3)
                                       3.78e-03    0.178  881.039    0.183   0.3
    first_half_1__group_sec_half_0__switch_sec_half_3__second_stage (afft_2x2_simple_cmd_flow_seq_DATA_WIDTH32_COMMAND_WIDTH2_IN_COMMAND_WIDTH6_0)
                                       3.82e-03    0.183  888.264    0.188   0.3
    first_half_1__group_sec_half_0__switch_sec_half_2__second_stage (afft_2x2_simple_cmd_flow_seq_DATA_WIDTH32_COMMAND_WIDTH2_IN_COMMAND_WIDTH6_1)
                                       1.48e-03    0.184  888.694    0.186   0.3
    first_half_1__group_sec_half_0__switch_sec_half_1__second_stage (afft_2x2_simple_cmd_flow_seq_DATA_WIDTH32_COMMAND_WIDTH2_IN_COMMAND_WIDTH6_2)
                                       3.83e-03    0.183  889.650    0.188   0.3
    first_half_1__group_sec_half_0__switch_sec_half_0__second_stage (afft_2x2_simple_cmd_flow_seq_DATA_WIDTH32_COMMAND_WIDTH2_IN_COMMAND_WIDTH6_3)
                                       3.87e-03    0.184  890.639    0.188   0.3
    first_half_0__group_sec_half_1__switch_sec_half_1__second_stage (afft_2x2_simple_cmd_flow_seq_DATA_WIDTH32_COMMAND_WIDTH2_IN_COMMAND_WIDTH8_0)
                                       3.96e-03    0.189  900.719    0.193   0.3
    first_half_0__group_sec_half_1__switch_sec_half_0__second_stage (afft_2x2_simple_cmd_flow_seq_DATA_WIDTH32_COMMAND_WIDTH2_IN_COMMAND_WIDTH8_1)
                                       4.04e-03    0.189  902.141    0.194   0.3
    first_half_0__group_sec_half_0__switch_sec_half_1__second_stage (afft_2x2_simple_cmd_flow_seq_DATA_WIDTH32_COMMAND_WIDTH2_IN_COMMAND_WIDTH8_2)
                                       3.52e-03    0.189  902.040    0.193   0.3
    first_half_0__group_sec_half_0__switch_sec_half_0__second_stage (afft_2x2_simple_cmd_flow_seq_DATA_WIDTH32_COMMAND_WIDTH2_IN_COMMAND_WIDTH8_3)
                                       4.05e-03    0.189  902.388    0.194   0.3
    first_stage_switch_3__first_stage (afft_2x2_simple_cmd_flow_seq_DATA_WIDTH32_COMMAND_WIDTH2_IN_COMMAND_WIDTH10_0)
                                       3.82e-03    0.194  910.385    0.199   0.3
    first_stage_switch_2__first_stage (afft_2x2_simple_cmd_flow_seq_DATA_WIDTH32_COMMAND_WIDTH2_IN_COMMAND_WIDTH10_1)
                                       4.13e-03    0.195  911.488    0.200   0.3
    first_stage_switch_1__first_stage (afft_2x2_simple_cmd_flow_seq_DATA_WIDTH32_COMMAND_WIDTH2_IN_COMMAND_WIDTH10_2)
                                       2.90e-03    0.194  911.798    0.198   0.3
    first_stage_switch_0__first_stage (afft_2x2_simple_cmd_flow_seq_DATA_WIDTH32_COMMAND_WIDTH2_IN_COMMAND_WIDTH10_3)
                                       4.08e-03    0.195  913.114    0.200   0.3
  LAMBDA_GENVAR_DPE_INST_COL_ITER_7__COL_WISE_O_DATA_BUS (o_bus_autopick_seq_NUM_INPUT_DATA8_DATA_WIDTH32_0)
                                       8.25e-04 8.63e-02  400.915 8.75e-02   0.1
  LAMBDA_GENVAR_DPE_INST_COL_ITER_7__LAMBDA_GENVAR_DPE_INST_ROW_ITER_7__LAMBDA_PE_OTHER_ROWS (lambda_pe_THIS_PE_ID63_IACTS_DATA_WIDTH8_WEIGHTS_DATA_WIDTH8_WEIGHTS_DEPTH8_LOG2_WEIGHTS_DEPTH3_PE_SEL_WIDTH6_PE_OUTPUT_WIDTH32)
                                       1.62e-02    0.770 2.97e+03    0.789   1.2
  LAMBDA_GENVAR_DPE_INST_COL_ITER_7__LAMBDA_GENVAR_DPE_INST_ROW_ITER_6__LAMBDA_PE_OTHER_ROWS (lambda_pe_THIS_PE_ID62_IACTS_DATA_WIDTH8_WEIGHTS_DATA_WIDTH8_WEIGHTS_DEPTH8_LOG2_WEIGHTS_DEPTH3_PE_SEL_WIDTH6_PE_OUTPUT_WIDTH32)
                                       1.63e-02    0.770 2.97e+03    0.789   1.2
  LAMBDA_GENVAR_DPE_INST_COL_ITER_7__LAMBDA_GENVAR_DPE_INST_ROW_ITER_5__LAMBDA_PE_OTHER_ROWS (lambda_pe_THIS_PE_ID61_IACTS_DATA_WIDTH8_WEIGHTS_DATA_WIDTH8_WEIGHTS_DEPTH8_LOG2_WEIGHTS_DEPTH3_PE_SEL_WIDTH6_PE_OUTPUT_WIDTH32)
                                       1.67e-02    0.771 2.97e+03    0.791   1.2
  LAMBDA_GENVAR_DPE_INST_COL_ITER_7__LAMBDA_GENVAR_DPE_INST_ROW_ITER_4__LAMBDA_PE_OTHER_ROWS (lambda_pe_THIS_PE_ID60_IACTS_DATA_WIDTH8_WEIGHTS_DATA_WIDTH8_WEIGHTS_DEPTH8_LOG2_WEIGHTS_DEPTH3_PE_SEL_WIDTH6_PE_OUTPUT_WIDTH32)
                                       1.70e-02    0.772 2.97e+03    0.792   1.2
  LAMBDA_GENVAR_DPE_INST_COL_ITER_7__LAMBDA_GENVAR_DPE_INST_ROW_ITER_3__LAMBDA_PE_OTHER_ROWS (lambda_pe_THIS_PE_ID59_IACTS_DATA_WIDTH8_WEIGHTS_DATA_WIDTH8_WEIGHTS_DEPTH8_LOG2_WEIGHTS_DEPTH3_PE_SEL_WIDTH6_PE_OUTPUT_WIDTH32)
                                       1.74e-02    0.773 2.97e+03    0.793   1.2
  LAMBDA_GENVAR_DPE_INST_COL_ITER_7__LAMBDA_GENVAR_DPE_INST_ROW_ITER_2__LAMBDA_PE_OTHER_ROWS (lambda_pe_THIS_PE_ID58_IACTS_DATA_WIDTH8_WEIGHTS_DATA_WIDTH8_WEIGHTS_DEPTH8_LOG2_WEIGHTS_DEPTH3_PE_SEL_WIDTH6_PE_OUTPUT_WIDTH32)
                                       1.77e-02    0.768 2.97e+03    0.789   1.2
  LAMBDA_GENVAR_DPE_INST_COL_ITER_7__LAMBDA_GENVAR_DPE_INST_ROW_ITER_1__LAMBDA_PE_OTHER_ROWS (lambda_pe_THIS_PE_ID57_IACTS_DATA_WIDTH8_WEIGHTS_DATA_WIDTH8_WEIGHTS_DEPTH8_LOG2_WEIGHTS_DEPTH3_PE_SEL_WIDTH6_PE_OUTPUT_WIDTH32)
                                       1.80e-02    0.769 2.97e+03    0.790   1.2
  LAMBDA_GENVAR_DPE_INST_COL_ITER_7__LAMBDA_GENVAR_DPE_INST_ROW_ITER_0__LAMBDA_PE_OTHER_ROWS (lambda_pe_THIS_PE_ID56_IACTS_DATA_WIDTH8_WEIGHTS_DATA_WIDTH8_WEIGHTS_DEPTH8_LOG2_WEIGHTS_DEPTH3_PE_SEL_WIDTH6_PE_OUTPUT_WIDTH32)
                                       1.85e-02    0.770 2.99e+03    0.791   1.2
  LAMBDA_GENVAR_DPE_INST_COL_ITER_6__COL_WISE_O_DATA_BUS (o_bus_autopick_seq_NUM_INPUT_DATA8_DATA_WIDTH32_1)
                                       8.79e-04 8.61e-02  401.474 8.74e-02   0.1
  LAMBDA_GENVAR_DPE_INST_COL_ITER_6__LAMBDA_GENVAR_DPE_INST_ROW_ITER_7__LAMBDA_PE_OTHER_ROWS (lambda_pe_THIS_PE_ID55_IACTS_DATA_WIDTH8_WEIGHTS_DATA_WIDTH8_WEIGHTS_DEPTH8_LOG2_WEIGHTS_DEPTH3_PE_SEL_WIDTH6_PE_OUTPUT_WIDTH32)
                                       1.61e-02    0.769 2.97e+03    0.788   1.2
  LAMBDA_GENVAR_DPE_INST_COL_ITER_6__LAMBDA_GENVAR_DPE_INST_ROW_ITER_6__LAMBDA_PE_OTHER_ROWS (lambda_pe_THIS_PE_ID54_IACTS_DATA_WIDTH8_WEIGHTS_DATA_WIDTH8_WEIGHTS_DEPTH8_LOG2_WEIGHTS_DEPTH3_PE_SEL_WIDTH6_PE_OUTPUT_WIDTH32)
                                       1.64e-02    0.770 2.97e+03    0.790   1.2
  LAMBDA_GENVAR_DPE_INST_COL_ITER_6__LAMBDA_GENVAR_DPE_INST_ROW_ITER_5__LAMBDA_PE_OTHER_ROWS (lambda_pe_THIS_PE_ID53_IACTS_DATA_WIDTH8_WEIGHTS_DATA_WIDTH8_WEIGHTS_DEPTH8_LOG2_WEIGHTS_DEPTH3_PE_SEL_WIDTH6_PE_OUTPUT_WIDTH32)
                                       1.67e-02    0.771 2.97e+03    0.791   1.2
  LAMBDA_GENVAR_DPE_INST_COL_ITER_6__LAMBDA_GENVAR_DPE_INST_ROW_ITER_4__LAMBDA_PE_OTHER_ROWS (lambda_pe_THIS_PE_ID52_IACTS_DATA_WIDTH8_WEIGHTS_DATA_WIDTH8_WEIGHTS_DEPTH8_LOG2_WEIGHTS_DEPTH3_PE_SEL_WIDTH6_PE_OUTPUT_WIDTH32)
                                       1.70e-02    0.772 2.97e+03    0.792   1.2
  LAMBDA_GENVAR_DPE_INST_COL_ITER_6__LAMBDA_GENVAR_DPE_INST_ROW_ITER_3__LAMBDA_PE_OTHER_ROWS (lambda_pe_THIS_PE_ID51_IACTS_DATA_WIDTH8_WEIGHTS_DATA_WIDTH8_WEIGHTS_DEPTH8_LOG2_WEIGHTS_DEPTH3_PE_SEL_WIDTH6_PE_OUTPUT_WIDTH32)
                                       1.73e-02    0.772 2.97e+03    0.793   1.2
  LAMBDA_GENVAR_DPE_INST_COL_ITER_6__LAMBDA_GENVAR_DPE_INST_ROW_ITER_2__LAMBDA_PE_OTHER_ROWS (lambda_pe_THIS_PE_ID50_IACTS_DATA_WIDTH8_WEIGHTS_DATA_WIDTH8_WEIGHTS_DEPTH8_LOG2_WEIGHTS_DEPTH3_PE_SEL_WIDTH6_PE_OUTPUT_WIDTH32)
                                       1.77e-02    0.768 2.97e+03    0.789   1.2
  LAMBDA_GENVAR_DPE_INST_COL_ITER_6__LAMBDA_GENVAR_DPE_INST_ROW_ITER_1__LAMBDA_PE_OTHER_ROWS (lambda_pe_THIS_PE_ID49_IACTS_DATA_WIDTH8_WEIGHTS_DATA_WIDTH8_WEIGHTS_DEPTH8_LOG2_WEIGHTS_DEPTH3_PE_SEL_WIDTH6_PE_OUTPUT_WIDTH32)
                                       1.80e-02    0.769 2.97e+03    0.790   1.2
  LAMBDA_GENVAR_DPE_INST_COL_ITER_6__LAMBDA_GENVAR_DPE_INST_ROW_ITER_0__LAMBDA_PE_OTHER_ROWS (lambda_pe_THIS_PE_ID48_IACTS_DATA_WIDTH8_WEIGHTS_DATA_WIDTH8_WEIGHTS_DEPTH8_LOG2_WEIGHTS_DEPTH3_PE_SEL_WIDTH6_PE_OUTPUT_WIDTH32)
                                       1.84e-02    0.770 2.99e+03    0.791   1.2
  LAMBDA_GENVAR_DPE_INST_COL_ITER_5__COL_WISE_O_DATA_BUS (o_bus_autopick_seq_NUM_INPUT_DATA8_DATA_WIDTH32_2)
                                       8.03e-04 8.63e-02  400.869 8.75e-02   0.1
  LAMBDA_GENVAR_DPE_INST_COL_ITER_5__LAMBDA_GENVAR_DPE_INST_ROW_ITER_7__LAMBDA_PE_OTHER_ROWS (lambda_pe_THIS_PE_ID47_IACTS_DATA_WIDTH8_WEIGHTS_DATA_WIDTH8_WEIGHTS_DEPTH8_LOG2_WEIGHTS_DEPTH3_PE_SEL_WIDTH6_PE_OUTPUT_WIDTH32)
                                       1.64e-02    0.770 2.97e+03    0.789   1.2
  LAMBDA_GENVAR_DPE_INST_COL_ITER_5__LAMBDA_GENVAR_DPE_INST_ROW_ITER_6__LAMBDA_PE_OTHER_ROWS (lambda_pe_THIS_PE_ID46_IACTS_DATA_WIDTH8_WEIGHTS_DATA_WIDTH8_WEIGHTS_DEPTH8_LOG2_WEIGHTS_DEPTH3_PE_SEL_WIDTH6_PE_OUTPUT_WIDTH32)
                                       1.66e-02    0.771 2.97e+03    0.790   1.2
  LAMBDA_GENVAR_DPE_INST_COL_ITER_5__LAMBDA_GENVAR_DPE_INST_ROW_ITER_5__LAMBDA_PE_OTHER_ROWS (lambda_pe_THIS_PE_ID45_IACTS_DATA_WIDTH8_WEIGHTS_DATA_WIDTH8_WEIGHTS_DEPTH8_LOG2_WEIGHTS_DEPTH3_PE_SEL_WIDTH6_PE_OUTPUT_WIDTH32)
                                       1.68e-02    0.771 2.97e+03    0.791   1.2
  LAMBDA_GENVAR_DPE_INST_COL_ITER_5__LAMBDA_GENVAR_DPE_INST_ROW_ITER_4__LAMBDA_PE_OTHER_ROWS (lambda_pe_THIS_PE_ID44_IACTS_DATA_WIDTH8_WEIGHTS_DATA_WIDTH8_WEIGHTS_DEPTH8_LOG2_WEIGHTS_DEPTH3_PE_SEL_WIDTH6_PE_OUTPUT_WIDTH32)
                                       1.70e-02    0.772 2.97e+03    0.792   1.2
  LAMBDA_GENVAR_DPE_INST_COL_ITER_5__LAMBDA_GENVAR_DPE_INST_ROW_ITER_3__LAMBDA_PE_OTHER_ROWS (lambda_pe_THIS_PE_ID43_IACTS_DATA_WIDTH8_WEIGHTS_DATA_WIDTH8_WEIGHTS_DEPTH8_LOG2_WEIGHTS_DEPTH3_PE_SEL_WIDTH6_PE_OUTPUT_WIDTH32)
                                       1.74e-02    0.772 2.98e+03    0.793   1.2
  LAMBDA_GENVAR_DPE_INST_COL_ITER_5__LAMBDA_GENVAR_DPE_INST_ROW_ITER_2__LAMBDA_PE_OTHER_ROWS (lambda_pe_THIS_PE_ID42_IACTS_DATA_WIDTH8_WEIGHTS_DATA_WIDTH8_WEIGHTS_DEPTH8_LOG2_WEIGHTS_DEPTH3_PE_SEL_WIDTH6_PE_OUTPUT_WIDTH32)
                                       1.78e-02    0.768 2.97e+03    0.789   1.2
  LAMBDA_GENVAR_DPE_INST_COL_ITER_5__LAMBDA_GENVAR_DPE_INST_ROW_ITER_1__LAMBDA_PE_OTHER_ROWS (lambda_pe_THIS_PE_ID41_IACTS_DATA_WIDTH8_WEIGHTS_DATA_WIDTH8_WEIGHTS_DEPTH8_LOG2_WEIGHTS_DEPTH3_PE_SEL_WIDTH6_PE_OUTPUT_WIDTH32)
                                       1.83e-02    0.769 2.97e+03    0.791   1.2
  LAMBDA_GENVAR_DPE_INST_COL_ITER_5__LAMBDA_GENVAR_DPE_INST_ROW_ITER_0__LAMBDA_PE_OTHER_ROWS (lambda_pe_THIS_PE_ID40_IACTS_DATA_WIDTH8_WEIGHTS_DATA_WIDTH8_WEIGHTS_DEPTH8_LOG2_WEIGHTS_DEPTH3_PE_SEL_WIDTH6_PE_OUTPUT_WIDTH32)
                                       1.85e-02    0.770 2.99e+03    0.791   1.2
  LAMBDA_GENVAR_DPE_INST_COL_ITER_4__COL_WISE_O_DATA_BUS (o_bus_autopick_seq_NUM_INPUT_DATA8_DATA_WIDTH32_3)
                                       8.60e-04 8.62e-02  401.571 8.74e-02   0.1
  LAMBDA_GENVAR_DPE_INST_COL_ITER_4__LAMBDA_GENVAR_DPE_INST_ROW_ITER_7__LAMBDA_PE_OTHER_ROWS (lambda_pe_THIS_PE_ID39_IACTS_DATA_WIDTH8_WEIGHTS_DATA_WIDTH8_WEIGHTS_DEPTH8_LOG2_WEIGHTS_DEPTH3_PE_SEL_WIDTH6_PE_OUTPUT_WIDTH32)
                                       1.62e-02    0.770 2.97e+03    0.789   1.2
  LAMBDA_GENVAR_DPE_INST_COL_ITER_4__LAMBDA_GENVAR_DPE_INST_ROW_ITER_6__LAMBDA_PE_OTHER_ROWS (lambda_pe_THIS_PE_ID38_IACTS_DATA_WIDTH8_WEIGHTS_DATA_WIDTH8_WEIGHTS_DEPTH8_LOG2_WEIGHTS_DEPTH3_PE_SEL_WIDTH6_PE_OUTPUT_WIDTH32)
                                       1.66e-02    0.771 2.97e+03    0.790   1.2
  LAMBDA_GENVAR_DPE_INST_COL_ITER_4__LAMBDA_GENVAR_DPE_INST_ROW_ITER_5__LAMBDA_PE_OTHER_ROWS (lambda_pe_THIS_PE_ID37_IACTS_DATA_WIDTH8_WEIGHTS_DATA_WIDTH8_WEIGHTS_DEPTH8_LOG2_WEIGHTS_DEPTH3_PE_SEL_WIDTH6_PE_OUTPUT_WIDTH32)
                                       1.68e-02    0.771 2.97e+03    0.791   1.2
  LAMBDA_GENVAR_DPE_INST_COL_ITER_4__LAMBDA_GENVAR_DPE_INST_ROW_ITER_4__LAMBDA_PE_OTHER_ROWS (lambda_pe_THIS_PE_ID36_IACTS_DATA_WIDTH8_WEIGHTS_DATA_WIDTH8_WEIGHTS_DEPTH8_LOG2_WEIGHTS_DEPTH3_PE_SEL_WIDTH6_PE_OUTPUT_WIDTH32)
                                       1.71e-02    0.772 2.97e+03    0.792   1.2
  LAMBDA_GENVAR_DPE_INST_COL_ITER_4__LAMBDA_GENVAR_DPE_INST_ROW_ITER_3__LAMBDA_PE_OTHER_ROWS (lambda_pe_THIS_PE_ID35_IACTS_DATA_WIDTH8_WEIGHTS_DATA_WIDTH8_WEIGHTS_DEPTH8_LOG2_WEIGHTS_DEPTH3_PE_SEL_WIDTH6_PE_OUTPUT_WIDTH32)
                                       1.75e-02    0.773 2.97e+03    0.793   1.2
  LAMBDA_GENVAR_DPE_INST_COL_ITER_4__LAMBDA_GENVAR_DPE_INST_ROW_ITER_2__LAMBDA_PE_OTHER_ROWS (lambda_pe_THIS_PE_ID34_IACTS_DATA_WIDTH8_WEIGHTS_DATA_WIDTH8_WEIGHTS_DEPTH8_LOG2_WEIGHTS_DEPTH3_PE_SEL_WIDTH6_PE_OUTPUT_WIDTH32)
                                       1.78e-02    0.768 2.97e+03    0.789   1.2
  LAMBDA_GENVAR_DPE_INST_COL_ITER_4__LAMBDA_GENVAR_DPE_INST_ROW_ITER_1__LAMBDA_PE_OTHER_ROWS (lambda_pe_THIS_PE_ID33_IACTS_DATA_WIDTH8_WEIGHTS_DATA_WIDTH8_WEIGHTS_DEPTH8_LOG2_WEIGHTS_DEPTH3_PE_SEL_WIDTH6_PE_OUTPUT_WIDTH32)
                                       1.82e-02    0.769 2.97e+03    0.790   1.2
  LAMBDA_GENVAR_DPE_INST_COL_ITER_4__LAMBDA_GENVAR_DPE_INST_ROW_ITER_0__LAMBDA_PE_OTHER_ROWS (lambda_pe_THIS_PE_ID32_IACTS_DATA_WIDTH8_WEIGHTS_DATA_WIDTH8_WEIGHTS_DEPTH8_LOG2_WEIGHTS_DEPTH3_PE_SEL_WIDTH6_PE_OUTPUT_WIDTH32)
                                       1.85e-02    0.770 2.99e+03    0.791   1.2
  LAMBDA_GENVAR_DPE_INST_COL_ITER_3__COL_WISE_O_DATA_BUS (o_bus_autopick_seq_NUM_INPUT_DATA8_DATA_WIDTH32_4)
                                       8.07e-04 8.62e-02  400.764 8.75e-02   0.1
  LAMBDA_GENVAR_DPE_INST_COL_ITER_3__LAMBDA_GENVAR_DPE_INST_ROW_ITER_7__LAMBDA_PE_OTHER_ROWS (lambda_pe_THIS_PE_ID31_IACTS_DATA_WIDTH8_WEIGHTS_DATA_WIDTH8_WEIGHTS_DEPTH8_LOG2_WEIGHTS_DEPTH3_PE_SEL_WIDTH6_PE_OUTPUT_WIDTH32)
                                       1.61e-02    0.770 2.97e+03    0.789   1.2
  LAMBDA_GENVAR_DPE_INST_COL_ITER_3__LAMBDA_GENVAR_DPE_INST_ROW_ITER_6__LAMBDA_PE_OTHER_ROWS (lambda_pe_THIS_PE_ID30_IACTS_DATA_WIDTH8_WEIGHTS_DATA_WIDTH8_WEIGHTS_DEPTH8_LOG2_WEIGHTS_DEPTH3_PE_SEL_WIDTH6_PE_OUTPUT_WIDTH32)
                                       1.66e-02    0.771 2.97e+03    0.790   1.2
  LAMBDA_GENVAR_DPE_INST_COL_ITER_3__LAMBDA_GENVAR_DPE_INST_ROW_ITER_5__LAMBDA_PE_OTHER_ROWS (lambda_pe_THIS_PE_ID29_IACTS_DATA_WIDTH8_WEIGHTS_DATA_WIDTH8_WEIGHTS_DEPTH8_LOG2_WEIGHTS_DEPTH3_PE_SEL_WIDTH6_PE_OUTPUT_WIDTH32)
                                       1.68e-02    0.771 2.97e+03    0.791   1.2
  LAMBDA_GENVAR_DPE_INST_COL_ITER_3__LAMBDA_GENVAR_DPE_INST_ROW_ITER_4__LAMBDA_PE_OTHER_ROWS (lambda_pe_THIS_PE_ID28_IACTS_DATA_WIDTH8_WEIGHTS_DATA_WIDTH8_WEIGHTS_DEPTH8_LOG2_WEIGHTS_DEPTH3_PE_SEL_WIDTH6_PE_OUTPUT_WIDTH32)
                                       1.71e-02    0.772 2.97e+03    0.792   1.2
  LAMBDA_GENVAR_DPE_INST_COL_ITER_3__LAMBDA_GENVAR_DPE_INST_ROW_ITER_3__LAMBDA_PE_OTHER_ROWS (lambda_pe_THIS_PE_ID27_IACTS_DATA_WIDTH8_WEIGHTS_DATA_WIDTH8_WEIGHTS_DEPTH8_LOG2_WEIGHTS_DEPTH3_PE_SEL_WIDTH6_PE_OUTPUT_WIDTH32)
                                       1.74e-02    0.773 2.97e+03    0.793   1.2
  LAMBDA_GENVAR_DPE_INST_COL_ITER_3__LAMBDA_GENVAR_DPE_INST_ROW_ITER_2__LAMBDA_PE_OTHER_ROWS (lambda_pe_THIS_PE_ID26_IACTS_DATA_WIDTH8_WEIGHTS_DATA_WIDTH8_WEIGHTS_DEPTH8_LOG2_WEIGHTS_DEPTH3_PE_SEL_WIDTH6_PE_OUTPUT_WIDTH32)
                                       1.78e-02    0.768 2.97e+03    0.789   1.2
  LAMBDA_GENVAR_DPE_INST_COL_ITER_3__LAMBDA_GENVAR_DPE_INST_ROW_ITER_1__LAMBDA_PE_OTHER_ROWS (lambda_pe_THIS_PE_ID25_IACTS_DATA_WIDTH8_WEIGHTS_DATA_WIDTH8_WEIGHTS_DEPTH8_LOG2_WEIGHTS_DEPTH3_PE_SEL_WIDTH6_PE_OUTPUT_WIDTH32)
                                       1.82e-02    0.769 2.97e+03    0.790   1.2
  LAMBDA_GENVAR_DPE_INST_COL_ITER_3__LAMBDA_GENVAR_DPE_INST_ROW_ITER_0__LAMBDA_PE_OTHER_ROWS (lambda_pe_THIS_PE_ID24_IACTS_DATA_WIDTH8_WEIGHTS_DATA_WIDTH8_WEIGHTS_DEPTH8_LOG2_WEIGHTS_DEPTH3_PE_SEL_WIDTH6_PE_OUTPUT_WIDTH32)
                                       1.85e-02    0.770 2.99e+03    0.791   1.2
  LAMBDA_GENVAR_DPE_INST_COL_ITER_2__COL_WISE_O_DATA_BUS (o_bus_autopick_seq_NUM_INPUT_DATA8_DATA_WIDTH32_5)
                                       8.83e-04 8.62e-02  401.390 8.75e-02   0.1
  LAMBDA_GENVAR_DPE_INST_COL_ITER_2__LAMBDA_GENVAR_DPE_INST_ROW_ITER_7__LAMBDA_PE_OTHER_ROWS (lambda_pe_THIS_PE_ID23_IACTS_DATA_WIDTH8_WEIGHTS_DATA_WIDTH8_WEIGHTS_DEPTH8_LOG2_WEIGHTS_DEPTH3_PE_SEL_WIDTH6_PE_OUTPUT_WIDTH32)
                                       1.62e-02    0.770 2.97e+03    0.789   1.2
  LAMBDA_GENVAR_DPE_INST_COL_ITER_2__LAMBDA_GENVAR_DPE_INST_ROW_ITER_6__LAMBDA_PE_OTHER_ROWS (lambda_pe_THIS_PE_ID22_IACTS_DATA_WIDTH8_WEIGHTS_DATA_WIDTH8_WEIGHTS_DEPTH8_LOG2_WEIGHTS_DEPTH3_PE_SEL_WIDTH6_PE_OUTPUT_WIDTH32)
                                       1.64e-02    0.770 2.97e+03    0.790   1.2
  LAMBDA_GENVAR_DPE_INST_COL_ITER_2__LAMBDA_GENVAR_DPE_INST_ROW_ITER_5__LAMBDA_PE_OTHER_ROWS (lambda_pe_THIS_PE_ID21_IACTS_DATA_WIDTH8_WEIGHTS_DATA_WIDTH8_WEIGHTS_DEPTH8_LOG2_WEIGHTS_DEPTH3_PE_SEL_WIDTH6_PE_OUTPUT_WIDTH32)
                                       1.67e-02    0.771 2.97e+03    0.791   1.2
  LAMBDA_GENVAR_DPE_INST_COL_ITER_2__LAMBDA_GENVAR_DPE_INST_ROW_ITER_4__LAMBDA_PE_OTHER_ROWS (lambda_pe_THIS_PE_ID20_IACTS_DATA_WIDTH8_WEIGHTS_DATA_WIDTH8_WEIGHTS_DEPTH8_LOG2_WEIGHTS_DEPTH3_PE_SEL_WIDTH6_PE_OUTPUT_WIDTH32)
                                       1.70e-02    0.772 2.97e+03    0.792   1.2
  LAMBDA_GENVAR_DPE_INST_COL_ITER_2__LAMBDA_GENVAR_DPE_INST_ROW_ITER_3__LAMBDA_PE_OTHER_ROWS (lambda_pe_THIS_PE_ID19_IACTS_DATA_WIDTH8_WEIGHTS_DATA_WIDTH8_WEIGHTS_DEPTH8_LOG2_WEIGHTS_DEPTH3_PE_SEL_WIDTH6_PE_OUTPUT_WIDTH32)
                                       1.74e-02    0.773 2.97e+03    0.793   1.2
  LAMBDA_GENVAR_DPE_INST_COL_ITER_2__LAMBDA_GENVAR_DPE_INST_ROW_ITER_2__LAMBDA_PE_OTHER_ROWS (lambda_pe_THIS_PE_ID18_IACTS_DATA_WIDTH8_WEIGHTS_DATA_WIDTH8_WEIGHTS_DEPTH8_LOG2_WEIGHTS_DEPTH3_PE_SEL_WIDTH6_PE_OUTPUT_WIDTH32)
                                       1.78e-02    0.768 2.97e+03    0.789   1.2
  LAMBDA_GENVAR_DPE_INST_COL_ITER_2__LAMBDA_GENVAR_DPE_INST_ROW_ITER_1__LAMBDA_PE_OTHER_ROWS (lambda_pe_THIS_PE_ID17_IACTS_DATA_WIDTH8_WEIGHTS_DATA_WIDTH8_WEIGHTS_DEPTH8_LOG2_WEIGHTS_DEPTH3_PE_SEL_WIDTH6_PE_OUTPUT_WIDTH32)
                                       1.81e-02    0.769 2.97e+03    0.790   1.2
  LAMBDA_GENVAR_DPE_INST_COL_ITER_2__LAMBDA_GENVAR_DPE_INST_ROW_ITER_0__LAMBDA_PE_OTHER_ROWS (lambda_pe_THIS_PE_ID16_IACTS_DATA_WIDTH8_WEIGHTS_DATA_WIDTH8_WEIGHTS_DEPTH8_LOG2_WEIGHTS_DEPTH3_PE_SEL_WIDTH6_PE_OUTPUT_WIDTH32)
                                       1.84e-02    0.770 2.99e+03    0.791   1.2
  LAMBDA_GENVAR_DPE_INST_COL_ITER_1__COL_WISE_O_DATA_BUS (o_bus_autopick_seq_NUM_INPUT_DATA8_DATA_WIDTH32_6)
                                       8.24e-04 8.63e-02  400.885 8.75e-02   0.1
  LAMBDA_GENVAR_DPE_INST_COL_ITER_1__LAMBDA_GENVAR_DPE_INST_ROW_ITER_7__LAMBDA_PE_OTHER_ROWS (lambda_pe_THIS_PE_ID15_IACTS_DATA_WIDTH8_WEIGHTS_DATA_WIDTH8_WEIGHTS_DEPTH8_LOG2_WEIGHTS_DEPTH3_PE_SEL_WIDTH6_PE_OUTPUT_WIDTH32)
                                       1.62e-02    0.770 2.97e+03    0.789   1.2
  LAMBDA_GENVAR_DPE_INST_COL_ITER_1__LAMBDA_GENVAR_DPE_INST_ROW_ITER_6__LAMBDA_PE_OTHER_ROWS (lambda_pe_THIS_PE_ID14_IACTS_DATA_WIDTH8_WEIGHTS_DATA_WIDTH8_WEIGHTS_DEPTH8_LOG2_WEIGHTS_DEPTH3_PE_SEL_WIDTH6_PE_OUTPUT_WIDTH32)
                                       1.66e-02    0.771 2.97e+03    0.791   1.2
  LAMBDA_GENVAR_DPE_INST_COL_ITER_1__LAMBDA_GENVAR_DPE_INST_ROW_ITER_5__LAMBDA_PE_OTHER_ROWS (lambda_pe_THIS_PE_ID13_IACTS_DATA_WIDTH8_WEIGHTS_DATA_WIDTH8_WEIGHTS_DEPTH8_LOG2_WEIGHTS_DEPTH3_PE_SEL_WIDTH6_PE_OUTPUT_WIDTH32)
                                       1.70e-02    0.772 2.97e+03    0.792   1.2
  LAMBDA_GENVAR_DPE_INST_COL_ITER_1__LAMBDA_GENVAR_DPE_INST_ROW_ITER_4__LAMBDA_PE_OTHER_ROWS (lambda_pe_THIS_PE_ID12_IACTS_DATA_WIDTH8_WEIGHTS_DATA_WIDTH8_WEIGHTS_DEPTH8_LOG2_WEIGHTS_DEPTH3_PE_SEL_WIDTH6_PE_OUTPUT_WIDTH32)
                                       1.72e-02    0.772 2.97e+03    0.792   1.2
  LAMBDA_GENVAR_DPE_INST_COL_ITER_1__LAMBDA_GENVAR_DPE_INST_ROW_ITER_3__LAMBDA_PE_OTHER_ROWS (lambda_pe_THIS_PE_ID11_IACTS_DATA_WIDTH8_WEIGHTS_DATA_WIDTH8_WEIGHTS_DEPTH8_LOG2_WEIGHTS_DEPTH3_PE_SEL_WIDTH6_PE_OUTPUT_WIDTH32)
                                       1.75e-02    0.773 2.97e+03    0.793   1.2
  LAMBDA_GENVAR_DPE_INST_COL_ITER_1__LAMBDA_GENVAR_DPE_INST_ROW_ITER_2__LAMBDA_PE_OTHER_ROWS (lambda_pe_THIS_PE_ID10_IACTS_DATA_WIDTH8_WEIGHTS_DATA_WIDTH8_WEIGHTS_DEPTH8_LOG2_WEIGHTS_DEPTH3_PE_SEL_WIDTH6_PE_OUTPUT_WIDTH32)
                                       1.79e-02    0.769 2.97e+03    0.789   1.2
  LAMBDA_GENVAR_DPE_INST_COL_ITER_1__LAMBDA_GENVAR_DPE_INST_ROW_ITER_1__LAMBDA_PE_OTHER_ROWS (lambda_pe_THIS_PE_ID9_IACTS_DATA_WIDTH8_WEIGHTS_DATA_WIDTH8_WEIGHTS_DEPTH8_LOG2_WEIGHTS_DEPTH3_PE_SEL_WIDTH6_PE_OUTPUT_WIDTH32)
                                       1.81e-02    0.769 2.97e+03    0.790   1.2
  LAMBDA_GENVAR_DPE_INST_COL_ITER_1__LAMBDA_GENVAR_DPE_INST_ROW_ITER_0__LAMBDA_PE_OTHER_ROWS (lambda_pe_THIS_PE_ID8_IACTS_DATA_WIDTH8_WEIGHTS_DATA_WIDTH8_WEIGHTS_DEPTH8_LOG2_WEIGHTS_DEPTH3_PE_SEL_WIDTH6_PE_OUTPUT_WIDTH32)
                                       1.85e-02    0.770 2.99e+03    0.791   1.2
  LAMBDA_GENVAR_DPE_INST_COL_ITER_0__COL_WISE_O_DATA_BUS (o_bus_autopick_seq_NUM_INPUT_DATA8_DATA_WIDTH32_7)
                                       8.75e-04 8.61e-02  401.550 8.74e-02   0.1
  LAMBDA_GENVAR_DPE_INST_COL_ITER_0__LAMBDA_GENVAR_DPE_INST_ROW_ITER_7__LAMBDA_PE_OTHER_ROWS (lambda_pe_THIS_PE_ID7_IACTS_DATA_WIDTH8_WEIGHTS_DATA_WIDTH8_WEIGHTS_DEPTH8_LOG2_WEIGHTS_DEPTH3_PE_SEL_WIDTH6_PE_OUTPUT_WIDTH32)
                                       1.62e-02    0.770 2.97e+03    0.789   1.2
  LAMBDA_GENVAR_DPE_INST_COL_ITER_0__LAMBDA_GENVAR_DPE_INST_ROW_ITER_6__LAMBDA_PE_OTHER_ROWS (lambda_pe_THIS_PE_ID6_IACTS_DATA_WIDTH8_WEIGHTS_DATA_WIDTH8_WEIGHTS_DEPTH8_LOG2_WEIGHTS_DEPTH3_PE_SEL_WIDTH6_PE_OUTPUT_WIDTH32)
                                       1.65e-02    0.771 2.97e+03    0.790   1.2
  LAMBDA_GENVAR_DPE_INST_COL_ITER_0__LAMBDA_GENVAR_DPE_INST_ROW_ITER_5__LAMBDA_PE_OTHER_ROWS (lambda_pe_THIS_PE_ID5_IACTS_DATA_WIDTH8_WEIGHTS_DATA_WIDTH8_WEIGHTS_DEPTH8_LOG2_WEIGHTS_DEPTH3_PE_SEL_WIDTH6_PE_OUTPUT_WIDTH32)
                                       1.69e-02    0.772 2.97e+03    0.791   1.2
  LAMBDA_GENVAR_DPE_INST_COL_ITER_0__LAMBDA_GENVAR_DPE_INST_ROW_ITER_4__LAMBDA_PE_OTHER_ROWS (lambda_pe_THIS_PE_ID4_IACTS_DATA_WIDTH8_WEIGHTS_DATA_WIDTH8_WEIGHTS_DEPTH8_LOG2_WEIGHTS_DEPTH3_PE_SEL_WIDTH6_PE_OUTPUT_WIDTH32)
                                       1.71e-02    0.772 2.97e+03    0.792   1.2
  LAMBDA_GENVAR_DPE_INST_COL_ITER_0__LAMBDA_GENVAR_DPE_INST_ROW_ITER_3__LAMBDA_PE_OTHER_ROWS (lambda_pe_THIS_PE_ID3_IACTS_DATA_WIDTH8_WEIGHTS_DATA_WIDTH8_WEIGHTS_DEPTH8_LOG2_WEIGHTS_DEPTH3_PE_SEL_WIDTH6_PE_OUTPUT_WIDTH32)
                                       1.74e-02    0.773 2.97e+03    0.793   1.2
  LAMBDA_GENVAR_DPE_INST_COL_ITER_0__LAMBDA_GENVAR_DPE_INST_ROW_ITER_2__LAMBDA_PE_OTHER_ROWS (lambda_pe_THIS_PE_ID2_IACTS_DATA_WIDTH8_WEIGHTS_DATA_WIDTH8_WEIGHTS_DEPTH8_LOG2_WEIGHTS_DEPTH3_PE_SEL_WIDTH6_PE_OUTPUT_WIDTH32)
                                       1.78e-02    0.769 2.97e+03    0.789   1.2
  LAMBDA_GENVAR_DPE_INST_COL_ITER_0__LAMBDA_GENVAR_DPE_INST_ROW_ITER_1__LAMBDA_PE_OTHER_ROWS (lambda_pe_THIS_PE_ID1_IACTS_DATA_WIDTH8_WEIGHTS_DATA_WIDTH8_WEIGHTS_DEPTH8_LOG2_WEIGHTS_DEPTH3_PE_SEL_WIDTH6_PE_OUTPUT_WIDTH32)
                                       1.82e-02    0.769 2.97e+03    0.790   1.2
  LAMBDA_GENVAR_DPE_INST_COL_ITER_0__LAMBDA_GENVAR_DPE_INST_ROW_ITER_0__LAMBDA_PE_OTHER_ROWS (lambda_pe_THIS_PE_ID0_IACTS_DATA_WIDTH8_WEIGHTS_DATA_WIDTH8_WEIGHTS_DEPTH8_LOG2_WEIGHTS_DEPTH3_PE_SEL_WIDTH6_PE_OUTPUT_WIDTH32)
                                       1.84e-02    0.770 3.00e+03    0.791   1.2
  LAMBDA_CONTROLLER_INST (lambda_controller_WEIGHTS_DATA_WIDTH64_WEIGHTS_NUM_BANKS1_WEIGHTS_SRAM_DATA_WIDTH64_WEIGHTS_SRAM_BANK_ADDR_WIDTH2_WEIGHTS_SRAM_ADDR_WIDTH2_IACTS_DATA_WIDTH8_IACTS_NUM_BANKS8_IACTS_SRAM_DATA_WIDTH64_IACTS_SRAM_BANK_ADDR_WIDTH2_IACTS_SRAM_ADDR_WIDTH16_SCALE_VALUE_WIDTH32_PE_OUTPUT_WIDTH32_DPE_COL_NUM8_DPE_ROW_NUM8_LOG2_DPE_COL_NUM3_LOG2_DPE_ROW_NUM3_OACTS_DATA_WIDTH8_OUTBUF_DATA_WIDTH32_OUTBUF_NUM_BANKS8_OUTBUF_SRAM_DATA_WIDTH256_OUTBUF_SRAM_BANK_ADDR_WIDTH2_OUTBUF_SRAM_ADDR_WIDTH16_INSTR_SRAM_BANK_ADDR_WIDTH2)
                                       5.59e-02    2.794 1.42e+04    2.864   4.4
  OUTPUT_BUFFER_SRAM (sram_sp_2d_array_SRAM_BANK_DATA_WIDTH32_SRAM_BANK_ADDR_WIDTH2_SRAM_BANK_DEPTH4_NUM_BANK8)
                                       6.30e-02    3.296 1.05e+04    3.370   5.2
    SP_SRAM_BANKS_7__sram_bank_sp_inst (sram_bank_sp_SRAM_BANK_DATA_WIDTH32_SRAM_BANK_ADDR_WIDTH2_SRAM_BANK_DEPTH4_0)
                                       7.79e-03    0.412 1.31e+03    0.421   0.6
    SP_SRAM_BANKS_6__sram_bank_sp_inst (sram_bank_sp_SRAM_BANK_DATA_WIDTH32_SRAM_BANK_ADDR_WIDTH2_SRAM_BANK_DEPTH4_1)
                                       7.74e-03    0.412 1.31e+03    0.421   0.6
    SP_SRAM_BANKS_5__sram_bank_sp_inst (sram_bank_sp_SRAM_BANK_DATA_WIDTH32_SRAM_BANK_ADDR_WIDTH2_SRAM_BANK_DEPTH4_2)
                                       7.79e-03    0.412 1.31e+03    0.421   0.6
    SP_SRAM_BANKS_4__sram_bank_sp_inst (sram_bank_sp_SRAM_BANK_DATA_WIDTH32_SRAM_BANK_ADDR_WIDTH2_SRAM_BANK_DEPTH4_3)
                                       7.73e-03    0.412 1.31e+03    0.421   0.6
    SP_SRAM_BANKS_3__sram_bank_sp_inst (sram_bank_sp_SRAM_BANK_DATA_WIDTH32_SRAM_BANK_ADDR_WIDTH2_SRAM_BANK_DEPTH4_4)
                                       7.71e-03    0.412 1.31e+03    0.421   0.6
    SP_SRAM_BANKS_2__sram_bank_sp_inst (sram_bank_sp_SRAM_BANK_DATA_WIDTH32_SRAM_BANK_ADDR_WIDTH2_SRAM_BANK_DEPTH4_5)
                                       7.71e-03    0.412 1.31e+03    0.421   0.6
    SP_SRAM_BANKS_1__sram_bank_sp_inst (sram_bank_sp_SRAM_BANK_DATA_WIDTH32_SRAM_BANK_ADDR_WIDTH2_SRAM_BANK_DEPTH4_6)
                                       7.82e-03    0.412 1.31e+03    0.421   0.6
    SP_SRAM_BANKS_0__sram_bank_sp_inst (sram_bank_sp_SRAM_BANK_DATA_WIDTH32_SRAM_BANK_ADDR_WIDTH2_SRAM_BANK_DEPTH4_7)
                                       5.01e-03    0.412 1.31e+03    0.418   0.6
  INSTR_SRAM (sram_sp_2d_array_SRAM_BANK_DATA_WIDTH40_SRAM_BANK_ADDR_WIDTH2_SRAM_BANK_DEPTH4_NUM_BANK1)
                                       1.49e-02    0.556 1.73e+03    0.573   0.9
    SP_SRAM_BANKS_0__sram_bank_sp_inst (sram_bank_sp_SRAM_BANK_DATA_WIDTH40_SRAM_BANK_ADDR_WIDTH2_SRAM_BANK_DEPTH4)
                                       1.46e-02    0.556 1.73e+03    0.572   0.9
  IACTS_PONG_SRAM (sram_sp_2d_array_SRAM_BANK_DATA_WIDTH8_SRAM_BANK_ADDR_WIDTH2_SRAM_BANK_DEPTH4_NUM_BANK8_0)
                                       1.39e-02    0.824 2.92e+03    0.841   1.3
    SP_SRAM_BANKS_7__sram_bank_sp_inst (sram_bank_sp_SRAM_BANK_DATA_WIDTH8_SRAM_BANK_ADDR_WIDTH2_SRAM_BANK_DEPTH4_0)
                                       3.28e-04    0.103  356.396    0.104   0.2
    SP_SRAM_BANKS_6__sram_bank_sp_inst (sram_bank_sp_SRAM_BANK_DATA_WIDTH8_SRAM_BANK_ADDR_WIDTH2_SRAM_BANK_DEPTH4_1)
                                       1.70e-03    0.103  357.957    0.105   0.2
    SP_SRAM_BANKS_5__sram_bank_sp_inst (sram_bank_sp_SRAM_BANK_DATA_WIDTH8_SRAM_BANK_ADDR_WIDTH2_SRAM_BANK_DEPTH4_2)
                                       3.18e-04    0.103  356.403    0.104   0.2
    SP_SRAM_BANKS_4__sram_bank_sp_inst (sram_bank_sp_SRAM_BANK_DATA_WIDTH8_SRAM_BANK_ADDR_WIDTH2_SRAM_BANK_DEPTH4_3)
                                       1.71e-03    0.103  357.947    0.105   0.2
    SP_SRAM_BANKS_3__sram_bank_sp_inst (sram_bank_sp_SRAM_BANK_DATA_WIDTH8_SRAM_BANK_ADDR_WIDTH2_SRAM_BANK_DEPTH4_4)
                                       1.70e-03    0.103  357.937    0.105   0.2
    SP_SRAM_BANKS_2__sram_bank_sp_inst (sram_bank_sp_SRAM_BANK_DATA_WIDTH8_SRAM_BANK_ADDR_WIDTH2_SRAM_BANK_DEPTH4_5)
                                       1.70e-03    0.103  357.974    0.105   0.2
    SP_SRAM_BANKS_1__sram_bank_sp_inst (sram_bank_sp_SRAM_BANK_DATA_WIDTH8_SRAM_BANK_ADDR_WIDTH2_SRAM_BANK_DEPTH4_6)
                                       1.70e-03    0.103  357.935    0.105   0.2
    SP_SRAM_BANKS_0__sram_bank_sp_inst (sram_bank_sp_SRAM_BANK_DATA_WIDTH8_SRAM_BANK_ADDR_WIDTH2_SRAM_BANK_DEPTH4_7)
                                       1.71e-03    0.103  357.966    0.105   0.2
  IACTS_PING_SRAM (sram_sp_2d_array_SRAM_BANK_DATA_WIDTH8_SRAM_BANK_ADDR_WIDTH2_SRAM_BANK_DEPTH4_NUM_BANK8_1)
                                       2.05e-02    0.833 2.92e+03    0.856   1.3
    SP_SRAM_BANKS_7__sram_bank_sp_inst (sram_bank_sp_SRAM_BANK_DATA_WIDTH8_SRAM_BANK_ADDR_WIDTH2_SRAM_BANK_DEPTH4_8)
                                       1.11e-03    0.104  357.454    0.105   0.2
    SP_SRAM_BANKS_6__sram_bank_sp_inst (sram_bank_sp_SRAM_BANK_DATA_WIDTH8_SRAM_BANK_ADDR_WIDTH2_SRAM_BANK_DEPTH4_9)
                                       1.82e-03    0.104  359.021    0.106   0.2
    SP_SRAM_BANKS_5__sram_bank_sp_inst (sram_bank_sp_SRAM_BANK_DATA_WIDTH8_SRAM_BANK_ADDR_WIDTH2_SRAM_BANK_DEPTH4_10)
                                       2.50e-03    0.104  358.990    0.107   0.2
    SP_SRAM_BANKS_4__sram_bank_sp_inst (sram_bank_sp_SRAM_BANK_DATA_WIDTH8_SRAM_BANK_ADDR_WIDTH2_SRAM_BANK_DEPTH4_11)
                                       2.50e-03    0.104  358.972    0.107   0.2
    SP_SRAM_BANKS_3__sram_bank_sp_inst (sram_bank_sp_SRAM_BANK_DATA_WIDTH8_SRAM_BANK_ADDR_WIDTH2_SRAM_BANK_DEPTH4_12)
                                       2.49e-03    0.104  359.127    0.107   0.2
    SP_SRAM_BANKS_2__sram_bank_sp_inst (sram_bank_sp_SRAM_BANK_DATA_WIDTH8_SRAM_BANK_ADDR_WIDTH2_SRAM_BANK_DEPTH4_13)
                                       2.49e-03    0.104  359.028    0.107   0.2
    SP_SRAM_BANKS_1__sram_bank_sp_inst (sram_bank_sp_SRAM_BANK_DATA_WIDTH8_SRAM_BANK_ADDR_WIDTH2_SRAM_BANK_DEPTH4_14)
                                       2.49e-03    0.104  359.091    0.107   0.2
    SP_SRAM_BANKS_0__sram_bank_sp_inst (sram_bank_sp_SRAM_BANK_DATA_WIDTH8_SRAM_BANK_ADDR_WIDTH2_SRAM_BANK_DEPTH4_15)
                                       1.12e-03    0.104  357.503    0.105   0.2
  WEIGHTS_PONG_BUFFER (sram_sp_2d_array_SRAM_BANK_DATA_WIDTH64_SRAM_BANK_ADDR_WIDTH2_SRAM_BANK_DEPTH4_NUM_BANK1_0)
                                       1.00e-03    0.823 2.62e+03    0.827   1.3
    SP_SRAM_BANKS_0__sram_bank_sp_inst (sram_bank_sp_SRAM_BANK_DATA_WIDTH64_SRAM_BANK_ADDR_WIDTH2_SRAM_BANK_DEPTH4_0)
                                       9.60e-04    0.823 2.61e+03    0.826   1.3
  WEIGHTS_PING_BUFFER (sram_sp_2d_array_SRAM_BANK_DATA_WIDTH64_SRAM_BANK_ADDR_WIDTH2_SRAM_BANK_DEPTH4_NUM_BANK1_1)
                                       1.12e-02    0.839 2.66e+03    0.853   1.3
    SP_SRAM_BANKS_0__sram_bank_sp_inst (sram_bank_sp_SRAM_BANK_DATA_WIDTH64_SRAM_BANK_ADDR_WIDTH2_SRAM_BANK_DEPTH4_1)
                                       1.09e-02    0.839 2.66e+03    0.852   1.3
1
