 
****************************************
Report : timing
        -path full
        -delay max
        -max_paths 1
Design : lambda_top
Version: U-2022.12-SP5
Date   : Tue Nov 21 17:55:06 2023
****************************************

 # A fanout number of 1000 was used for high fanout net computations.

Operating Conditions: tt0p8v25c   Library: tcbn28hpcplusbwp30p140tt0p8v25c
Wire Load Model Mode: segmented

  Startpoint: AFFT_INST/first_stage_switch_2__first_stage/o_data_bus_inner_reg_1_
              (rising edge-triggered flip-flop clocked by clk)
  Endpoint: AFFT_INST/first_half_0__group_sec_half_1__switch_sec_half_0__second_stage/o_data_bus_inner_reg_30_
            (rising edge-triggered flip-flop clocked by clk)
  Path Group: clk
  Path Type: max

  Des/Clust/Port     Wire Load Model       Library
  ------------------------------------------------
  sram_bank_sp_SRAM_BANK_DATA_WIDTH8_SRAM_BANK_ADDR_WIDTH2_SRAM_BANK_DEPTH4_14
                     ZeroWireload          tcbn28hpcplusbwp30p140tt0p8v25c
  sram_bank_sp_SRAM_BANK_DATA_WIDTH8_SRAM_BANK_ADDR_WIDTH2_SRAM_BANK_DEPTH4_13
                     ZeroWireload          tcbn28hpcplusbwp30p140tt0p8v25c
  sram_bank_sp_SRAM_BANK_DATA_WIDTH8_SRAM_BANK_ADDR_WIDTH2_SRAM_BANK_DEPTH4_12
                     ZeroWireload          tcbn28hpcplusbwp30p140tt0p8v25c
  sram_bank_sp_SRAM_BANK_DATA_WIDTH8_SRAM_BANK_ADDR_WIDTH2_SRAM_BANK_DEPTH4_11
                     ZeroWireload          tcbn28hpcplusbwp30p140tt0p8v25c
  sram_bank_sp_SRAM_BANK_DATA_WIDTH8_SRAM_BANK_ADDR_WIDTH2_SRAM_BANK_DEPTH4_10
                     ZeroWireload          tcbn28hpcplusbwp30p140tt0p8v25c
  sram_bank_sp_SRAM_BANK_DATA_WIDTH8_SRAM_BANK_ADDR_WIDTH2_SRAM_BANK_DEPTH4_9
                     ZeroWireload          tcbn28hpcplusbwp30p140tt0p8v25c
  sram_bank_sp_SRAM_BANK_DATA_WIDTH8_SRAM_BANK_ADDR_WIDTH2_SRAM_BANK_DEPTH4_8
                     ZeroWireload          tcbn28hpcplusbwp30p140tt0p8v25c
  sram_bank_sp_SRAM_BANK_DATA_WIDTH8_SRAM_BANK_ADDR_WIDTH2_SRAM_BANK_DEPTH4_7
                     ZeroWireload          tcbn28hpcplusbwp30p140tt0p8v25c
  sram_bank_sp_SRAM_BANK_DATA_WIDTH8_SRAM_BANK_ADDR_WIDTH2_SRAM_BANK_DEPTH4_6
                     ZeroWireload          tcbn28hpcplusbwp30p140tt0p8v25c
  sram_bank_sp_SRAM_BANK_DATA_WIDTH8_SRAM_BANK_ADDR_WIDTH2_SRAM_BANK_DEPTH4_5
                     ZeroWireload          tcbn28hpcplusbwp30p140tt0p8v25c
  sram_bank_sp_SRAM_BANK_DATA_WIDTH8_SRAM_BANK_ADDR_WIDTH2_SRAM_BANK_DEPTH4_4
                     ZeroWireload          tcbn28hpcplusbwp30p140tt0p8v25c
  sram_bank_sp_SRAM_BANK_DATA_WIDTH8_SRAM_BANK_ADDR_WIDTH2_SRAM_BANK_DEPTH4_3
                     ZeroWireload          tcbn28hpcplusbwp30p140tt0p8v25c
  sram_bank_sp_SRAM_BANK_DATA_WIDTH8_SRAM_BANK_ADDR_WIDTH2_SRAM_BANK_DEPTH4_2
                     ZeroWireload          tcbn28hpcplusbwp30p140tt0p8v25c
  sram_bank_sp_SRAM_BANK_DATA_WIDTH8_SRAM_BANK_ADDR_WIDTH2_SRAM_BANK_DEPTH4_1
                     ZeroWireload          tcbn28hpcplusbwp30p140tt0p8v25c
  sram_bank_sp_SRAM_BANK_DATA_WIDTH8_SRAM_BANK_ADDR_WIDTH2_SRAM_BANK_DEPTH4_0
                     ZeroWireload          tcbn28hpcplusbwp30p140tt0p8v25c
  o_bus_autopick_seq_NUM_INPUT_DATA8_DATA_WIDTH32_6
                     ZeroWireload          tcbn28hpcplusbwp30p140tt0p8v25c
  o_bus_autopick_seq_NUM_INPUT_DATA8_DATA_WIDTH32_5
                     ZeroWireload          tcbn28hpcplusbwp30p140tt0p8v25c
  o_bus_autopick_seq_NUM_INPUT_DATA8_DATA_WIDTH32_4
                     ZeroWireload          tcbn28hpcplusbwp30p140tt0p8v25c
  o_bus_autopick_seq_NUM_INPUT_DATA8_DATA_WIDTH32_3
                     ZeroWireload          tcbn28hpcplusbwp30p140tt0p8v25c
  o_bus_autopick_seq_NUM_INPUT_DATA8_DATA_WIDTH32_2
                     ZeroWireload          tcbn28hpcplusbwp30p140tt0p8v25c
  o_bus_autopick_seq_NUM_INPUT_DATA8_DATA_WIDTH32_1
                     ZeroWireload          tcbn28hpcplusbwp30p140tt0p8v25c
  o_bus_autopick_seq_NUM_INPUT_DATA8_DATA_WIDTH32_0
                     ZeroWireload          tcbn28hpcplusbwp30p140tt0p8v25c
  afft_2x2_simple_last_cmd_flow_seq_32_2_00000002_2
                     ZeroWireload          tcbn28hpcplusbwp30p140tt0p8v25c
  afft_2x2_simple_last_cmd_flow_seq_32_2_00000002_1
                     ZeroWireload          tcbn28hpcplusbwp30p140tt0p8v25c
  afft_2x2_simple_last_cmd_flow_seq_32_2_00000002_0
                     ZeroWireload          tcbn28hpcplusbwp30p140tt0p8v25c
  afft_2x2_simple_cmd_flow_seq_DATA_WIDTH32_COMMAND_WIDTH2_IN_COMMAND_WIDTH4_2
                     ZeroWireload          tcbn28hpcplusbwp30p140tt0p8v25c
  afft_2x2_simple_cmd_flow_seq_DATA_WIDTH32_COMMAND_WIDTH2_IN_COMMAND_WIDTH4_1
                     ZeroWireload          tcbn28hpcplusbwp30p140tt0p8v25c
  afft_2x2_simple_cmd_flow_seq_DATA_WIDTH32_COMMAND_WIDTH2_IN_COMMAND_WIDTH4_0
                     ZeroWireload          tcbn28hpcplusbwp30p140tt0p8v25c
  afft_2x2_simple_cmd_flow_seq_DATA_WIDTH32_COMMAND_WIDTH2_IN_COMMAND_WIDTH6_2
                     ZeroWireload          tcbn28hpcplusbwp30p140tt0p8v25c
  afft_2x2_simple_cmd_flow_seq_DATA_WIDTH32_COMMAND_WIDTH2_IN_COMMAND_WIDTH6_1
                     ZeroWireload          tcbn28hpcplusbwp30p140tt0p8v25c
  afft_2x2_simple_cmd_flow_seq_DATA_WIDTH32_COMMAND_WIDTH2_IN_COMMAND_WIDTH6_0
                     ZeroWireload          tcbn28hpcplusbwp30p140tt0p8v25c
  afft_2x2_simple_cmd_flow_seq_DATA_WIDTH32_COMMAND_WIDTH2_IN_COMMAND_WIDTH8_2
                     ZeroWireload          tcbn28hpcplusbwp30p140tt0p8v25c
  afft_2x2_simple_cmd_flow_seq_DATA_WIDTH32_COMMAND_WIDTH2_IN_COMMAND_WIDTH8_1
                     ZeroWireload          tcbn28hpcplusbwp30p140tt0p8v25c
  afft_2x2_simple_cmd_flow_seq_DATA_WIDTH32_COMMAND_WIDTH2_IN_COMMAND_WIDTH8_0
                     ZeroWireload          tcbn28hpcplusbwp30p140tt0p8v25c
  afft_2x2_simple_cmd_flow_seq_DATA_WIDTH32_COMMAND_WIDTH2_IN_COMMAND_WIDTH10_2
                     ZeroWireload          tcbn28hpcplusbwp30p140tt0p8v25c
  afft_2x2_simple_cmd_flow_seq_DATA_WIDTH32_COMMAND_WIDTH2_IN_COMMAND_WIDTH10_1
                     ZeroWireload          tcbn28hpcplusbwp30p140tt0p8v25c
  afft_2x2_simple_cmd_flow_seq_DATA_WIDTH32_COMMAND_WIDTH2_IN_COMMAND_WIDTH10_0
                     ZeroWireload          tcbn28hpcplusbwp30p140tt0p8v25c
  sram_bank_sp_SRAM_BANK_DATA_WIDTH32_SRAM_BANK_ADDR_WIDTH2_SRAM_BANK_DEPTH4_6
                     ZeroWireload          tcbn28hpcplusbwp30p140tt0p8v25c
  sram_bank_sp_SRAM_BANK_DATA_WIDTH32_SRAM_BANK_ADDR_WIDTH2_SRAM_BANK_DEPTH4_5
                     ZeroWireload          tcbn28hpcplusbwp30p140tt0p8v25c
  sram_bank_sp_SRAM_BANK_DATA_WIDTH32_SRAM_BANK_ADDR_WIDTH2_SRAM_BANK_DEPTH4_4
                     ZeroWireload          tcbn28hpcplusbwp30p140tt0p8v25c
  sram_bank_sp_SRAM_BANK_DATA_WIDTH32_SRAM_BANK_ADDR_WIDTH2_SRAM_BANK_DEPTH4_3
                     ZeroWireload          tcbn28hpcplusbwp30p140tt0p8v25c
  sram_bank_sp_SRAM_BANK_DATA_WIDTH32_SRAM_BANK_ADDR_WIDTH2_SRAM_BANK_DEPTH4_2
                     ZeroWireload          tcbn28hpcplusbwp30p140tt0p8v25c
  sram_bank_sp_SRAM_BANK_DATA_WIDTH32_SRAM_BANK_ADDR_WIDTH2_SRAM_BANK_DEPTH4_1
                     ZeroWireload          tcbn28hpcplusbwp30p140tt0p8v25c
  sram_bank_sp_SRAM_BANK_DATA_WIDTH32_SRAM_BANK_ADDR_WIDTH2_SRAM_BANK_DEPTH4_0
                     ZeroWireload          tcbn28hpcplusbwp30p140tt0p8v25c
  sram_bank_sp_SRAM_BANK_DATA_WIDTH64_SRAM_BANK_ADDR_WIDTH2_SRAM_BANK_DEPTH4_0
                     ZeroWireload          tcbn28hpcplusbwp30p140tt0p8v25c
  sram_sp_2d_array_SRAM_BANK_DATA_WIDTH64_SRAM_BANK_ADDR_WIDTH2_SRAM_BANK_DEPTH4_NUM_BANK1_0
                     ZeroWireload          tcbn28hpcplusbwp30p140tt0p8v25c
  afft_2x2_simple_last_cmd_flow_seq_32_2_00000002_3
                     ZeroWireload          tcbn28hpcplusbwp30p140tt0p8v25c
  afft_2x2_simple_cmd_flow_seq_DATA_WIDTH32_COMMAND_WIDTH2_IN_COMMAND_WIDTH4_3
                     ZeroWireload          tcbn28hpcplusbwp30p140tt0p8v25c
  afft_2x2_simple_cmd_flow_seq_DATA_WIDTH32_COMMAND_WIDTH2_IN_COMMAND_WIDTH6_3
                     ZeroWireload          tcbn28hpcplusbwp30p140tt0p8v25c
  afft_2x2_simple_cmd_flow_seq_DATA_WIDTH32_COMMAND_WIDTH2_IN_COMMAND_WIDTH8_3
                     ZeroWireload          tcbn28hpcplusbwp30p140tt0p8v25c
  afft_2x2_simple_cmd_flow_seq_DATA_WIDTH32_COMMAND_WIDTH2_IN_COMMAND_WIDTH10_3
                     ZeroWireload          tcbn28hpcplusbwp30p140tt0p8v25c
  sram_bank_sp_SRAM_BANK_DATA_WIDTH32_SRAM_BANK_ADDR_WIDTH2_SRAM_BANK_DEPTH4_7
                     ZeroWireload          tcbn28hpcplusbwp30p140tt0p8v25c
  sram_bank_sp_SRAM_BANK_DATA_WIDTH40_SRAM_BANK_ADDR_WIDTH2_SRAM_BANK_DEPTH4
                     ZeroWireload          tcbn28hpcplusbwp30p140tt0p8v25c
  sram_bank_sp_SRAM_BANK_DATA_WIDTH8_SRAM_BANK_ADDR_WIDTH2_SRAM_BANK_DEPTH4_15
                     ZeroWireload          tcbn28hpcplusbwp30p140tt0p8v25c
  sram_bank_sp_SRAM_BANK_DATA_WIDTH64_SRAM_BANK_ADDR_WIDTH2_SRAM_BANK_DEPTH4_1
                     ZeroWireload          tcbn28hpcplusbwp30p140tt0p8v25c
  afft_simple_cmd_flow_seq_DATA_WIDTH32_COMMAND_WIDTH2_NUM_INPUT_DATA8_IN_COMMAND_WIDTH10
                     ZeroWireload          tcbn28hpcplusbwp30p140tt0p8v25c
  lambda_pe_THIS_PE_ID63_IACTS_DATA_WIDTH8_WEIGHTS_DATA_WIDTH8_WEIGHTS_DEPTH8_LOG2_WEIGHTS_DEPTH3_PE_SEL_WIDTH6_PE_OUTPUT_WIDTH32
                     ZeroWireload          tcbn28hpcplusbwp30p140tt0p8v25c
  lambda_pe_THIS_PE_ID62_IACTS_DATA_WIDTH8_WEIGHTS_DATA_WIDTH8_WEIGHTS_DEPTH8_LOG2_WEIGHTS_DEPTH3_PE_SEL_WIDTH6_PE_OUTPUT_WIDTH32
                     ZeroWireload          tcbn28hpcplusbwp30p140tt0p8v25c
  lambda_pe_THIS_PE_ID61_IACTS_DATA_WIDTH8_WEIGHTS_DATA_WIDTH8_WEIGHTS_DEPTH8_LOG2_WEIGHTS_DEPTH3_PE_SEL_WIDTH6_PE_OUTPUT_WIDTH32
                     ZeroWireload          tcbn28hpcplusbwp30p140tt0p8v25c
  lambda_pe_THIS_PE_ID60_IACTS_DATA_WIDTH8_WEIGHTS_DATA_WIDTH8_WEIGHTS_DEPTH8_LOG2_WEIGHTS_DEPTH3_PE_SEL_WIDTH6_PE_OUTPUT_WIDTH32
                     ZeroWireload          tcbn28hpcplusbwp30p140tt0p8v25c
  lambda_pe_THIS_PE_ID59_IACTS_DATA_WIDTH8_WEIGHTS_DATA_WIDTH8_WEIGHTS_DEPTH8_LOG2_WEIGHTS_DEPTH3_PE_SEL_WIDTH6_PE_OUTPUT_WIDTH32
                     ZeroWireload          tcbn28hpcplusbwp30p140tt0p8v25c
  lambda_pe_THIS_PE_ID58_IACTS_DATA_WIDTH8_WEIGHTS_DATA_WIDTH8_WEIGHTS_DEPTH8_LOG2_WEIGHTS_DEPTH3_PE_SEL_WIDTH6_PE_OUTPUT_WIDTH32
                     ZeroWireload          tcbn28hpcplusbwp30p140tt0p8v25c
  lambda_pe_THIS_PE_ID57_IACTS_DATA_WIDTH8_WEIGHTS_DATA_WIDTH8_WEIGHTS_DEPTH8_LOG2_WEIGHTS_DEPTH3_PE_SEL_WIDTH6_PE_OUTPUT_WIDTH32
                     ZeroWireload          tcbn28hpcplusbwp30p140tt0p8v25c
  lambda_pe_THIS_PE_ID56_IACTS_DATA_WIDTH8_WEIGHTS_DATA_WIDTH8_WEIGHTS_DEPTH8_LOG2_WEIGHTS_DEPTH3_PE_SEL_WIDTH6_PE_OUTPUT_WIDTH32
                     ZeroWireload          tcbn28hpcplusbwp30p140tt0p8v25c
  lambda_pe_THIS_PE_ID55_IACTS_DATA_WIDTH8_WEIGHTS_DATA_WIDTH8_WEIGHTS_DEPTH8_LOG2_WEIGHTS_DEPTH3_PE_SEL_WIDTH6_PE_OUTPUT_WIDTH32
                     ZeroWireload          tcbn28hpcplusbwp30p140tt0p8v25c
  lambda_pe_THIS_PE_ID54_IACTS_DATA_WIDTH8_WEIGHTS_DATA_WIDTH8_WEIGHTS_DEPTH8_LOG2_WEIGHTS_DEPTH3_PE_SEL_WIDTH6_PE_OUTPUT_WIDTH32
                     ZeroWireload          tcbn28hpcplusbwp30p140tt0p8v25c
  lambda_pe_THIS_PE_ID53_IACTS_DATA_WIDTH8_WEIGHTS_DATA_WIDTH8_WEIGHTS_DEPTH8_LOG2_WEIGHTS_DEPTH3_PE_SEL_WIDTH6_PE_OUTPUT_WIDTH32
                     ZeroWireload          tcbn28hpcplusbwp30p140tt0p8v25c
  lambda_pe_THIS_PE_ID52_IACTS_DATA_WIDTH8_WEIGHTS_DATA_WIDTH8_WEIGHTS_DEPTH8_LOG2_WEIGHTS_DEPTH3_PE_SEL_WIDTH6_PE_OUTPUT_WIDTH32
                     ZeroWireload          tcbn28hpcplusbwp30p140tt0p8v25c
  lambda_pe_THIS_PE_ID51_IACTS_DATA_WIDTH8_WEIGHTS_DATA_WIDTH8_WEIGHTS_DEPTH8_LOG2_WEIGHTS_DEPTH3_PE_SEL_WIDTH6_PE_OUTPUT_WIDTH32
                     ZeroWireload          tcbn28hpcplusbwp30p140tt0p8v25c
  lambda_pe_THIS_PE_ID50_IACTS_DATA_WIDTH8_WEIGHTS_DATA_WIDTH8_WEIGHTS_DEPTH8_LOG2_WEIGHTS_DEPTH3_PE_SEL_WIDTH6_PE_OUTPUT_WIDTH32
                     ZeroWireload          tcbn28hpcplusbwp30p140tt0p8v25c
  lambda_pe_THIS_PE_ID49_IACTS_DATA_WIDTH8_WEIGHTS_DATA_WIDTH8_WEIGHTS_DEPTH8_LOG2_WEIGHTS_DEPTH3_PE_SEL_WIDTH6_PE_OUTPUT_WIDTH32
                     ZeroWireload          tcbn28hpcplusbwp30p140tt0p8v25c
  lambda_pe_THIS_PE_ID48_IACTS_DATA_WIDTH8_WEIGHTS_DATA_WIDTH8_WEIGHTS_DEPTH8_LOG2_WEIGHTS_DEPTH3_PE_SEL_WIDTH6_PE_OUTPUT_WIDTH32
                     ZeroWireload          tcbn28hpcplusbwp30p140tt0p8v25c
  lambda_pe_THIS_PE_ID47_IACTS_DATA_WIDTH8_WEIGHTS_DATA_WIDTH8_WEIGHTS_DEPTH8_LOG2_WEIGHTS_DEPTH3_PE_SEL_WIDTH6_PE_OUTPUT_WIDTH32
                     ZeroWireload          tcbn28hpcplusbwp30p140tt0p8v25c
  lambda_pe_THIS_PE_ID46_IACTS_DATA_WIDTH8_WEIGHTS_DATA_WIDTH8_WEIGHTS_DEPTH8_LOG2_WEIGHTS_DEPTH3_PE_SEL_WIDTH6_PE_OUTPUT_WIDTH32
                     ZeroWireload          tcbn28hpcplusbwp30p140tt0p8v25c
  lambda_pe_THIS_PE_ID45_IACTS_DATA_WIDTH8_WEIGHTS_DATA_WIDTH8_WEIGHTS_DEPTH8_LOG2_WEIGHTS_DEPTH3_PE_SEL_WIDTH6_PE_OUTPUT_WIDTH32
                     ZeroWireload          tcbn28hpcplusbwp30p140tt0p8v25c
  lambda_pe_THIS_PE_ID44_IACTS_DATA_WIDTH8_WEIGHTS_DATA_WIDTH8_WEIGHTS_DEPTH8_LOG2_WEIGHTS_DEPTH3_PE_SEL_WIDTH6_PE_OUTPUT_WIDTH32
                     ZeroWireload          tcbn28hpcplusbwp30p140tt0p8v25c
  lambda_pe_THIS_PE_ID43_IACTS_DATA_WIDTH8_WEIGHTS_DATA_WIDTH8_WEIGHTS_DEPTH8_LOG2_WEIGHTS_DEPTH3_PE_SEL_WIDTH6_PE_OUTPUT_WIDTH32
                     ZeroWireload          tcbn28hpcplusbwp30p140tt0p8v25c
  lambda_pe_THIS_PE_ID42_IACTS_DATA_WIDTH8_WEIGHTS_DATA_WIDTH8_WEIGHTS_DEPTH8_LOG2_WEIGHTS_DEPTH3_PE_SEL_WIDTH6_PE_OUTPUT_WIDTH32
                     ZeroWireload          tcbn28hpcplusbwp30p140tt0p8v25c
  lambda_pe_THIS_PE_ID41_IACTS_DATA_WIDTH8_WEIGHTS_DATA_WIDTH8_WEIGHTS_DEPTH8_LOG2_WEIGHTS_DEPTH3_PE_SEL_WIDTH6_PE_OUTPUT_WIDTH32
                     ZeroWireload          tcbn28hpcplusbwp30p140tt0p8v25c
  lambda_pe_THIS_PE_ID40_IACTS_DATA_WIDTH8_WEIGHTS_DATA_WIDTH8_WEIGHTS_DEPTH8_LOG2_WEIGHTS_DEPTH3_PE_SEL_WIDTH6_PE_OUTPUT_WIDTH32
                     ZeroWireload          tcbn28hpcplusbwp30p140tt0p8v25c
  lambda_pe_THIS_PE_ID39_IACTS_DATA_WIDTH8_WEIGHTS_DATA_WIDTH8_WEIGHTS_DEPTH8_LOG2_WEIGHTS_DEPTH3_PE_SEL_WIDTH6_PE_OUTPUT_WIDTH32
                     ZeroWireload          tcbn28hpcplusbwp30p140tt0p8v25c
  lambda_pe_THIS_PE_ID38_IACTS_DATA_WIDTH8_WEIGHTS_DATA_WIDTH8_WEIGHTS_DEPTH8_LOG2_WEIGHTS_DEPTH3_PE_SEL_WIDTH6_PE_OUTPUT_WIDTH32
                     ZeroWireload          tcbn28hpcplusbwp30p140tt0p8v25c
  lambda_pe_THIS_PE_ID37_IACTS_DATA_WIDTH8_WEIGHTS_DATA_WIDTH8_WEIGHTS_DEPTH8_LOG2_WEIGHTS_DEPTH3_PE_SEL_WIDTH6_PE_OUTPUT_WIDTH32
                     ZeroWireload          tcbn28hpcplusbwp30p140tt0p8v25c
  lambda_pe_THIS_PE_ID36_IACTS_DATA_WIDTH8_WEIGHTS_DATA_WIDTH8_WEIGHTS_DEPTH8_LOG2_WEIGHTS_DEPTH3_PE_SEL_WIDTH6_PE_OUTPUT_WIDTH32
                     ZeroWireload          tcbn28hpcplusbwp30p140tt0p8v25c
  lambda_pe_THIS_PE_ID35_IACTS_DATA_WIDTH8_WEIGHTS_DATA_WIDTH8_WEIGHTS_DEPTH8_LOG2_WEIGHTS_DEPTH3_PE_SEL_WIDTH6_PE_OUTPUT_WIDTH32
                     ZeroWireload          tcbn28hpcplusbwp30p140tt0p8v25c
  lambda_pe_THIS_PE_ID34_IACTS_DATA_WIDTH8_WEIGHTS_DATA_WIDTH8_WEIGHTS_DEPTH8_LOG2_WEIGHTS_DEPTH3_PE_SEL_WIDTH6_PE_OUTPUT_WIDTH32
                     ZeroWireload          tcbn28hpcplusbwp30p140tt0p8v25c
  lambda_pe_THIS_PE_ID33_IACTS_DATA_WIDTH8_WEIGHTS_DATA_WIDTH8_WEIGHTS_DEPTH8_LOG2_WEIGHTS_DEPTH3_PE_SEL_WIDTH6_PE_OUTPUT_WIDTH32
                     ZeroWireload          tcbn28hpcplusbwp30p140tt0p8v25c
  lambda_pe_THIS_PE_ID32_IACTS_DATA_WIDTH8_WEIGHTS_DATA_WIDTH8_WEIGHTS_DEPTH8_LOG2_WEIGHTS_DEPTH3_PE_SEL_WIDTH6_PE_OUTPUT_WIDTH32
                     ZeroWireload          tcbn28hpcplusbwp30p140tt0p8v25c
  lambda_pe_THIS_PE_ID31_IACTS_DATA_WIDTH8_WEIGHTS_DATA_WIDTH8_WEIGHTS_DEPTH8_LOG2_WEIGHTS_DEPTH3_PE_SEL_WIDTH6_PE_OUTPUT_WIDTH32
                     ZeroWireload          tcbn28hpcplusbwp30p140tt0p8v25c
  lambda_pe_THIS_PE_ID30_IACTS_DATA_WIDTH8_WEIGHTS_DATA_WIDTH8_WEIGHTS_DEPTH8_LOG2_WEIGHTS_DEPTH3_PE_SEL_WIDTH6_PE_OUTPUT_WIDTH32
                     ZeroWireload          tcbn28hpcplusbwp30p140tt0p8v25c
  lambda_pe_THIS_PE_ID29_IACTS_DATA_WIDTH8_WEIGHTS_DATA_WIDTH8_WEIGHTS_DEPTH8_LOG2_WEIGHTS_DEPTH3_PE_SEL_WIDTH6_PE_OUTPUT_WIDTH32
                     ZeroWireload          tcbn28hpcplusbwp30p140tt0p8v25c
  lambda_pe_THIS_PE_ID28_IACTS_DATA_WIDTH8_WEIGHTS_DATA_WIDTH8_WEIGHTS_DEPTH8_LOG2_WEIGHTS_DEPTH3_PE_SEL_WIDTH6_PE_OUTPUT_WIDTH32
                     ZeroWireload          tcbn28hpcplusbwp30p140tt0p8v25c
  lambda_pe_THIS_PE_ID27_IACTS_DATA_WIDTH8_WEIGHTS_DATA_WIDTH8_WEIGHTS_DEPTH8_LOG2_WEIGHTS_DEPTH3_PE_SEL_WIDTH6_PE_OUTPUT_WIDTH32
                     ZeroWireload          tcbn28hpcplusbwp30p140tt0p8v25c
  lambda_pe_THIS_PE_ID26_IACTS_DATA_WIDTH8_WEIGHTS_DATA_WIDTH8_WEIGHTS_DEPTH8_LOG2_WEIGHTS_DEPTH3_PE_SEL_WIDTH6_PE_OUTPUT_WIDTH32
                     ZeroWireload          tcbn28hpcplusbwp30p140tt0p8v25c
  lambda_pe_THIS_PE_ID25_IACTS_DATA_WIDTH8_WEIGHTS_DATA_WIDTH8_WEIGHTS_DEPTH8_LOG2_WEIGHTS_DEPTH3_PE_SEL_WIDTH6_PE_OUTPUT_WIDTH32
                     ZeroWireload          tcbn28hpcplusbwp30p140tt0p8v25c
  lambda_pe_THIS_PE_ID24_IACTS_DATA_WIDTH8_WEIGHTS_DATA_WIDTH8_WEIGHTS_DEPTH8_LOG2_WEIGHTS_DEPTH3_PE_SEL_WIDTH6_PE_OUTPUT_WIDTH32
                     ZeroWireload          tcbn28hpcplusbwp30p140tt0p8v25c
  lambda_pe_THIS_PE_ID23_IACTS_DATA_WIDTH8_WEIGHTS_DATA_WIDTH8_WEIGHTS_DEPTH8_LOG2_WEIGHTS_DEPTH3_PE_SEL_WIDTH6_PE_OUTPUT_WIDTH32
                     ZeroWireload          tcbn28hpcplusbwp30p140tt0p8v25c
  lambda_pe_THIS_PE_ID22_IACTS_DATA_WIDTH8_WEIGHTS_DATA_WIDTH8_WEIGHTS_DEPTH8_LOG2_WEIGHTS_DEPTH3_PE_SEL_WIDTH6_PE_OUTPUT_WIDTH32
                     ZeroWireload          tcbn28hpcplusbwp30p140tt0p8v25c
  lambda_pe_THIS_PE_ID21_IACTS_DATA_WIDTH8_WEIGHTS_DATA_WIDTH8_WEIGHTS_DEPTH8_LOG2_WEIGHTS_DEPTH3_PE_SEL_WIDTH6_PE_OUTPUT_WIDTH32
                     ZeroWireload          tcbn28hpcplusbwp30p140tt0p8v25c
  lambda_pe_THIS_PE_ID20_IACTS_DATA_WIDTH8_WEIGHTS_DATA_WIDTH8_WEIGHTS_DEPTH8_LOG2_WEIGHTS_DEPTH3_PE_SEL_WIDTH6_PE_OUTPUT_WIDTH32
                     ZeroWireload          tcbn28hpcplusbwp30p140tt0p8v25c
  lambda_pe_THIS_PE_ID19_IACTS_DATA_WIDTH8_WEIGHTS_DATA_WIDTH8_WEIGHTS_DEPTH8_LOG2_WEIGHTS_DEPTH3_PE_SEL_WIDTH6_PE_OUTPUT_WIDTH32
                     ZeroWireload          tcbn28hpcplusbwp30p140tt0p8v25c
  lambda_pe_THIS_PE_ID18_IACTS_DATA_WIDTH8_WEIGHTS_DATA_WIDTH8_WEIGHTS_DEPTH8_LOG2_WEIGHTS_DEPTH3_PE_SEL_WIDTH6_PE_OUTPUT_WIDTH32
                     ZeroWireload          tcbn28hpcplusbwp30p140tt0p8v25c
  lambda_pe_THIS_PE_ID17_IACTS_DATA_WIDTH8_WEIGHTS_DATA_WIDTH8_WEIGHTS_DEPTH8_LOG2_WEIGHTS_DEPTH3_PE_SEL_WIDTH6_PE_OUTPUT_WIDTH32
                     ZeroWireload          tcbn28hpcplusbwp30p140tt0p8v25c
  lambda_pe_THIS_PE_ID16_IACTS_DATA_WIDTH8_WEIGHTS_DATA_WIDTH8_WEIGHTS_DEPTH8_LOG2_WEIGHTS_DEPTH3_PE_SEL_WIDTH6_PE_OUTPUT_WIDTH32
                     ZeroWireload          tcbn28hpcplusbwp30p140tt0p8v25c
  lambda_pe_THIS_PE_ID15_IACTS_DATA_WIDTH8_WEIGHTS_DATA_WIDTH8_WEIGHTS_DEPTH8_LOG2_WEIGHTS_DEPTH3_PE_SEL_WIDTH6_PE_OUTPUT_WIDTH32
                     ZeroWireload          tcbn28hpcplusbwp30p140tt0p8v25c
  lambda_pe_THIS_PE_ID14_IACTS_DATA_WIDTH8_WEIGHTS_DATA_WIDTH8_WEIGHTS_DEPTH8_LOG2_WEIGHTS_DEPTH3_PE_SEL_WIDTH6_PE_OUTPUT_WIDTH32
                     ZeroWireload          tcbn28hpcplusbwp30p140tt0p8v25c
  lambda_pe_THIS_PE_ID13_IACTS_DATA_WIDTH8_WEIGHTS_DATA_WIDTH8_WEIGHTS_DEPTH8_LOG2_WEIGHTS_DEPTH3_PE_SEL_WIDTH6_PE_OUTPUT_WIDTH32
                     ZeroWireload          tcbn28hpcplusbwp30p140tt0p8v25c
  lambda_pe_THIS_PE_ID12_IACTS_DATA_WIDTH8_WEIGHTS_DATA_WIDTH8_WEIGHTS_DEPTH8_LOG2_WEIGHTS_DEPTH3_PE_SEL_WIDTH6_PE_OUTPUT_WIDTH32
                     ZeroWireload          tcbn28hpcplusbwp30p140tt0p8v25c
  lambda_pe_THIS_PE_ID11_IACTS_DATA_WIDTH8_WEIGHTS_DATA_WIDTH8_WEIGHTS_DEPTH8_LOG2_WEIGHTS_DEPTH3_PE_SEL_WIDTH6_PE_OUTPUT_WIDTH32
                     ZeroWireload          tcbn28hpcplusbwp30p140tt0p8v25c
  lambda_pe_THIS_PE_ID10_IACTS_DATA_WIDTH8_WEIGHTS_DATA_WIDTH8_WEIGHTS_DEPTH8_LOG2_WEIGHTS_DEPTH3_PE_SEL_WIDTH6_PE_OUTPUT_WIDTH32
                     ZeroWireload          tcbn28hpcplusbwp30p140tt0p8v25c
  lambda_pe_THIS_PE_ID9_IACTS_DATA_WIDTH8_WEIGHTS_DATA_WIDTH8_WEIGHTS_DEPTH8_LOG2_WEIGHTS_DEPTH3_PE_SEL_WIDTH6_PE_OUTPUT_WIDTH32
                     ZeroWireload          tcbn28hpcplusbwp30p140tt0p8v25c
  lambda_pe_THIS_PE_ID8_IACTS_DATA_WIDTH8_WEIGHTS_DATA_WIDTH8_WEIGHTS_DEPTH8_LOG2_WEIGHTS_DEPTH3_PE_SEL_WIDTH6_PE_OUTPUT_WIDTH32
                     ZeroWireload          tcbn28hpcplusbwp30p140tt0p8v25c
  o_bus_autopick_seq_NUM_INPUT_DATA8_DATA_WIDTH32_7
                     ZeroWireload          tcbn28hpcplusbwp30p140tt0p8v25c
  lambda_pe_THIS_PE_ID7_IACTS_DATA_WIDTH8_WEIGHTS_DATA_WIDTH8_WEIGHTS_DEPTH8_LOG2_WEIGHTS_DEPTH3_PE_SEL_WIDTH6_PE_OUTPUT_WIDTH32
                     ZeroWireload          tcbn28hpcplusbwp30p140tt0p8v25c
  lambda_pe_THIS_PE_ID6_IACTS_DATA_WIDTH8_WEIGHTS_DATA_WIDTH8_WEIGHTS_DEPTH8_LOG2_WEIGHTS_DEPTH3_PE_SEL_WIDTH6_PE_OUTPUT_WIDTH32
                     ZeroWireload          tcbn28hpcplusbwp30p140tt0p8v25c
  lambda_pe_THIS_PE_ID5_IACTS_DATA_WIDTH8_WEIGHTS_DATA_WIDTH8_WEIGHTS_DEPTH8_LOG2_WEIGHTS_DEPTH3_PE_SEL_WIDTH6_PE_OUTPUT_WIDTH32
                     ZeroWireload          tcbn28hpcplusbwp30p140tt0p8v25c
  lambda_pe_THIS_PE_ID4_IACTS_DATA_WIDTH8_WEIGHTS_DATA_WIDTH8_WEIGHTS_DEPTH8_LOG2_WEIGHTS_DEPTH3_PE_SEL_WIDTH6_PE_OUTPUT_WIDTH32
                     ZeroWireload          tcbn28hpcplusbwp30p140tt0p8v25c
  lambda_pe_THIS_PE_ID3_IACTS_DATA_WIDTH8_WEIGHTS_DATA_WIDTH8_WEIGHTS_DEPTH8_LOG2_WEIGHTS_DEPTH3_PE_SEL_WIDTH6_PE_OUTPUT_WIDTH32
                     ZeroWireload          tcbn28hpcplusbwp30p140tt0p8v25c
  lambda_pe_THIS_PE_ID2_IACTS_DATA_WIDTH8_WEIGHTS_DATA_WIDTH8_WEIGHTS_DEPTH8_LOG2_WEIGHTS_DEPTH3_PE_SEL_WIDTH6_PE_OUTPUT_WIDTH32
                     ZeroWireload          tcbn28hpcplusbwp30p140tt0p8v25c
  lambda_pe_THIS_PE_ID1_IACTS_DATA_WIDTH8_WEIGHTS_DATA_WIDTH8_WEIGHTS_DEPTH8_LOG2_WEIGHTS_DEPTH3_PE_SEL_WIDTH6_PE_OUTPUT_WIDTH32
                     ZeroWireload          tcbn28hpcplusbwp30p140tt0p8v25c
  lambda_pe_THIS_PE_ID0_IACTS_DATA_WIDTH8_WEIGHTS_DATA_WIDTH8_WEIGHTS_DEPTH8_LOG2_WEIGHTS_DEPTH3_PE_SEL_WIDTH6_PE_OUTPUT_WIDTH32
                     ZeroWireload          tcbn28hpcplusbwp30p140tt0p8v25c
  lambda_controller_WEIGHTS_DATA_WIDTH64_WEIGHTS_NUM_BANKS1_WEIGHTS_SRAM_DATA_WIDTH64_WEIGHTS_SRAM_BANK_ADDR_WIDTH2_WEIGHTS_SRAM_ADDR_WIDTH2_IACTS_DATA_WIDTH8_IACTS_NUM_BANKS8_IACTS_SRAM_DATA_WIDTH64_IACTS_SRAM_BANK_ADDR_WIDTH2_IACTS_SRAM_ADDR_WIDTH16_SCALE_VALUE_WIDTH32_PE_OUTPUT_WIDTH32_DPE_COL_NUM8_DPE_ROW_NUM8_LOG2_DPE_COL_NUM3_LOG2_DPE_ROW_NUM3_OACTS_DATA_WIDTH8_OUTBUF_DATA_WIDTH32_OUTBUF_NUM_BANKS8_OUTBUF_SRAM_DATA_WIDTH256_OUTBUF_SRAM_BANK_ADDR_WIDTH2_OUTBUF_SRAM_ADDR_WIDTH16_INSTR_SRAM_BANK_ADDR_WIDTH2
                     ZeroWireload          tcbn28hpcplusbwp30p140tt0p8v25c
  sram_sp_2d_array_SRAM_BANK_DATA_WIDTH32_SRAM_BANK_ADDR_WIDTH2_SRAM_BANK_DEPTH4_NUM_BANK8
                     ZeroWireload          tcbn28hpcplusbwp30p140tt0p8v25c
  sram_sp_2d_array_SRAM_BANK_DATA_WIDTH40_SRAM_BANK_ADDR_WIDTH2_SRAM_BANK_DEPTH4_NUM_BANK1
                     ZeroWireload          tcbn28hpcplusbwp30p140tt0p8v25c
  sram_sp_2d_array_SRAM_BANK_DATA_WIDTH8_SRAM_BANK_ADDR_WIDTH2_SRAM_BANK_DEPTH4_NUM_BANK8_0
                     ZeroWireload          tcbn28hpcplusbwp30p140tt0p8v25c
  sram_sp_2d_array_SRAM_BANK_DATA_WIDTH8_SRAM_BANK_ADDR_WIDTH2_SRAM_BANK_DEPTH4_NUM_BANK8_1
                     ZeroWireload          tcbn28hpcplusbwp30p140tt0p8v25c
  lambda_top         ZeroWireload          tcbn28hpcplusbwp30p140tt0p8v25c
  sram_sp_2d_array_SRAM_BANK_DATA_WIDTH64_SRAM_BANK_ADDR_WIDTH2_SRAM_BANK_DEPTH4_NUM_BANK1_1
                     ZeroWireload          tcbn28hpcplusbwp30p140tt0p8v25c

  Point                                                                                                                                                                                                                                                                                                                                       Incr       Path
  ----------------------------------------------------------------------------------------------------------------------------------------------------------------------------------------------
  clock clk (rise edge)                                                                                                                                                       0.00       0.00
  clock network delay (ideal)                                                                                                                                                 0.00       0.00
  AFFT_INST/first_stage_switch_2__first_stage/o_data_bus_inner_reg_1_/CP (DFCNQD1BWP30P140)                                                                                   0.00 #     0.00 r
  AFFT_INST/first_stage_switch_2__first_stage/o_data_bus_inner_reg_1_/Q (DFCNQD1BWP30P140)                                                                                    0.06       0.06 f
  AFFT_INST/first_stage_switch_2__first_stage/o_data_bus[1] (afft_2x2_simple_cmd_flow_seq_DATA_WIDTH32_COMMAND_WIDTH2_IN_COMMAND_WIDTH10_1)                                   0.00       0.06 f
  AFFT_INST/first_half_0__group_sec_half_1__switch_sec_half_0__second_stage/i_data_bus[1] (afft_2x2_simple_cmd_flow_seq_DATA_WIDTH32_COMMAND_WIDTH2_IN_COMMAND_WIDTH8_1)      0.00       0.06 f
  AFFT_INST/first_half_0__group_sec_half_1__switch_sec_half_0__second_stage/U73/Z (OR2D1BWP30P140)                                                                            0.02       0.08 f
  AFFT_INST/first_half_0__group_sec_half_1__switch_sec_half_0__second_stage/U91/ZN (AOI21D1BWP30P140)                                                                         0.02       0.10 r
  AFFT_INST/first_half_0__group_sec_half_1__switch_sec_half_0__second_stage/U94/ZN (OAI21D1BWP30P140)                                                                         0.02       0.12 f
  AFFT_INST/first_half_0__group_sec_half_1__switch_sec_half_0__second_stage/U98/ZN (AOI21D1BWP30P140)                                                                         0.02       0.14 r
  AFFT_INST/first_half_0__group_sec_half_1__switch_sec_half_0__second_stage/U101/ZN (OAI21D1BWP30P140)                                                                        0.02       0.16 f
  AFFT_INST/first_half_0__group_sec_half_1__switch_sec_half_0__second_stage/U105/ZN (AOI21D1BWP30P140)                                                                        0.02       0.18 r
  AFFT_INST/first_half_0__group_sec_half_1__switch_sec_half_0__second_stage/U78/ZN (OAI21D1BWP30P140)                                                                         0.02       0.20 f
  AFFT_INST/first_half_0__group_sec_half_1__switch_sec_half_0__second_stage/U35/ZN (AOI21D1BWP30P140)                                                                         0.02       0.23 r
  AFFT_INST/first_half_0__group_sec_half_1__switch_sec_half_0__second_stage/U34/ZN (OAI21D1BWP30P140)                                                                         0.02       0.25 f
  AFFT_INST/first_half_0__group_sec_half_1__switch_sec_half_0__second_stage/U33/ZN (AOI21D1BWP30P140)                                                                         0.02       0.27 r
  AFFT_INST/first_half_0__group_sec_half_1__switch_sec_half_0__second_stage/U4/ZN (OAI21D1BWP30P140)                                                                          0.02       0.30 f
  AFFT_INST/first_half_0__group_sec_half_1__switch_sec_half_0__second_stage/U32/ZN (AOI21D1BWP30P140)                                                                         0.03       0.32 r
  AFFT_INST/first_half_0__group_sec_half_1__switch_sec_half_0__second_stage/U116/ZN (OAI21D2BWP30P140)                                                                        0.02       0.34 f
  AFFT_INST/first_half_0__group_sec_half_1__switch_sec_half_0__second_stage/U31/ZN (AOI21D1BWP30P140)                                                                         0.02       0.36 r
  AFFT_INST/first_half_0__group_sec_half_1__switch_sec_half_0__second_stage/U120/ZN (OAI21D2BWP30P140)                                                                        0.02       0.38 f
  AFFT_INST/first_half_0__group_sec_half_1__switch_sec_half_0__second_stage/U30/ZN (AOI21D1BWP30P140)                                                                         0.02       0.40 r
  AFFT_INST/first_half_0__group_sec_half_1__switch_sec_half_0__second_stage/U124/ZN (OAI21D2BWP30P140)                                                                        0.02       0.42 f
  AFFT_INST/first_half_0__group_sec_half_1__switch_sec_half_0__second_stage/U29/ZN (AOI21D1BWP30P140)                                                                         0.02       0.44 r
  AFFT_INST/first_half_0__group_sec_half_1__switch_sec_half_0__second_stage/U128/ZN (OAI21D2BWP30P140)                                                                        0.02       0.46 f
  AFFT_INST/first_half_0__group_sec_half_1__switch_sec_half_0__second_stage/U28/ZN (AOI21D1BWP30P140)                                                                         0.02       0.48 r
  AFFT_INST/first_half_0__group_sec_half_1__switch_sec_half_0__second_stage/U5/ZN (OAI21D1BWP30P140)                                                                          0.02       0.50 f
  AFFT_INST/first_half_0__group_sec_half_1__switch_sec_half_0__second_stage/U79/ZN (AOI21D1BWP30P140)                                                                         0.03       0.53 r
  AFFT_INST/first_half_0__group_sec_half_1__switch_sec_half_0__second_stage/U135/ZN (OAI21D2BWP30P140)                                                                        0.02       0.54 f
  AFFT_INST/first_half_0__group_sec_half_1__switch_sec_half_0__second_stage/U7/ZN (AOI21D1BWP30P140)                                                                          0.02       0.57 r
  AFFT_INST/first_half_0__group_sec_half_1__switch_sec_half_0__second_stage/U140/ZN (OAI21D2BWP30P140)                                                                        0.02       0.59 f
  AFFT_INST/first_half_0__group_sec_half_1__switch_sec_half_0__second_stage/U144/Z (AO21D1BWP30P140)                                                                          0.02       0.61 f
  AFFT_INST/first_half_0__group_sec_half_1__switch_sec_half_0__second_stage/U300/CO (FA1D1BWP30P140)                                                                          0.04       0.65 f
  AFFT_INST/first_half_0__group_sec_half_1__switch_sec_half_0__second_stage/U306/CO (FA1OPTCD2BWP30P140)                                                                      0.02       0.67 f
  AFFT_INST/first_half_0__group_sec_half_1__switch_sec_half_0__second_stage/U310/CO (FA1D1BWP30P140)                                                                          0.03       0.70 f
  AFFT_INST/first_half_0__group_sec_half_1__switch_sec_half_0__second_stage/U313/CO (FA1D1BWP30P140)                                                                          0.04       0.74 f
  AFFT_INST/first_half_0__group_sec_half_1__switch_sec_half_0__second_stage/U82/S (FA1D1BWP30P140)                                                                            0.06       0.80 r
  AFFT_INST/first_half_0__group_sec_half_1__switch_sec_half_0__second_stage/U13/ZN (INVD1BWP30P140)                                                                           0.01       0.81 f
  AFFT_INST/first_half_0__group_sec_half_1__switch_sec_half_0__second_stage/U10/ZN (OAI21D1BWP30P140)                                                                         0.01       0.82 r
  AFFT_INST/first_half_0__group_sec_half_1__switch_sec_half_0__second_stage/o_data_bus_inner_reg_30_/D (DFCNQD1BWP30P140)                                                     0.00       0.82 r
  data arrival time                                                                                                                                                                      0.82

  clock clk (rise edge)                                                                                                                                                       1.00       1.00
  clock network delay (ideal)                                                                                                                                                 0.00       1.00
  clock uncertainty                                                                                                                                                          -0.15       0.85
  AFFT_INST/first_half_0__group_sec_half_1__switch_sec_half_0__second_stage/o_data_bus_inner_reg_30_/CP (DFCNQD1BWP30P140)                                                    0.00       0.85 r
  library setup time                                                                                                                                                         -0.03       0.82
  data required time                                                                                                                                                                     0.82
  ----------------------------------------------------------------------------------------------------------------------------------------------------------------------------------------------
  data required time                                                                                                                                                                     0.82
  data arrival time                                                                                                                                                                     -0.82
  ----------------------------------------------------------------------------------------------------------------------------------------------------------------------------------------------
  slack (MET)                                                                                                                                                                            0.00


1
